docker :  Image smart_campus_hub-backend Building 
At line:1 char:1
+ docker compose up --build 2>&1 > build_output.txt; Get-Content build_ ...
+ ~~~~~~~~~~~~~~~~~~~~~~~~~~~~~~~~~~~~~~~~~~~~~~~~~
    + CategoryInfo          : NotSpecified: ( Image smart_ca...ckend Building  
   :String) [], RemoteException
    + FullyQualifiedErrorId : NativeCommandError
 
 Image smart_campus_hub-frontend Building 
#1 [internal] load local bake definitions
#1 reading from stdin 1.17kB done
#1 DONE 0.0s

#2 [frontend internal] load build definition from Dockerfile
#2 transferring dockerfile: 375B done
#2 DONE 0.0s

#3 [backend internal] load build definition from Dockerfile
#3 transferring dockerfile: 408B done
#3 DONE 0.0s

#4 [frontend internal] load metadata for docker.io/library/nginx:alpine
#4 ...

#5 [backend internal] load metadata for docker.io/library/eclipse-temurin:21-jre-alpine
#5 DONE 0.9s

#6 [backend internal] load metadata for docker.io/library/maven:3.9-eclipse-temurin-21-alpine
#6 DONE 1.0s

#7 [frontend internal] load metadata for docker.io/library/node:20-alpine
#7 ...

#4 [frontend internal] load metadata for docker.io/library/nginx:alpine
#4 DONE 1.0s

#8 [backend internal] load .dockerignore
#8 transferring context: 2B done
#8 DONE 0.0s

#9 [backend stage-1 1/4] FROM docker.io/library/eclipse-temurin:21-jre-alpine@sha256:ad0cdd9782db550ca7dde6939a16fd850d04e683d37d3cff79d84a5848ba6a5a
#9 resolve docker.io/library/eclipse-temurin:21-jre-alpine@sha256:ad0cdd9782db550ca7dde6939a16fd850d04e683d37d3cff79d84a5848ba6a5a 0.0s done
#9 DONE 0.0s

#10 [backend build 1/5] FROM docker.io/library/maven:3.9-eclipse-temurin-21-alpine@sha256:a24c967778799ee42665a84d9f94e170ae6dc35788c8d2e218071a086b601768
#10 resolve docker.io/library/maven:3.9-eclipse-temurin-21-alpine@sha256:a24c967778799ee42665a84d9f94e170ae6dc35788c8d2e218071a086b601768 0.0s done
#10 DONE 0.0s

#11 [backend internal] load build context
#11 transferring context: 14.57kB 0.0s done
#11 DONE 0.0s

#12 [backend build 2/5] WORKDIR /app
#12 CACHED

#13 [backend build 3/5] COPY pom.xml .
#13 CACHED

#14 [backend build 4/5] COPY src ./src
#14 CACHED

#7 [frontend internal] load metadata for docker.io/library/node:20-alpine
#7 DONE 1.2s

#15 [frontend internal] load .dockerignore
#15 transferring context: 2B done
#15 DONE 0.0s

#16 [backend build 5/5] RUN mvn -B -DskipTests clean package
#16 ...

#17 [frontend build 1/6] FROM docker.io/library/node:20-alpine@sha256:fb4cd12c85ee03686f6af5362a0b0d56d50c58a04632e6c0fb8363f609372293
#17 resolve docker.io/library/node:20-alpine@sha256:fb4cd12c85ee03686f6af5362a0b0d56d50c58a04632e6c0fb8363f609372293 0.1s done
#17 DONE 0.1s

#18 [frontend stage-1 1/3] FROM docker.io/library/nginx:alpine@sha256:5616878291a2eed594aee8db4dade5878cf7edcb475e59193904b198d9b830de
#18 resolve docker.io/library/nginx:alpine@sha256:5616878291a2eed594aee8db4dade5878cf7edcb475e59193904b198d9b830de 0.1s done
#18 DONE 0.1s

#19 [frontend internal] load build context
#19 transferring context: 1.13MB 0.7s done
#19 DONE 0.7s

#20 [frontend build 2/6] WORKDIR /app
#20 CACHED

#21 [frontend build 3/6] COPY package*.json ./
#21 CACHED

#22 [frontend build 4/6] RUN npm install
#22 CACHED

#23 [frontend build 5/6] COPY . .
#23 CACHED

#24 [frontend build 6/6] RUN npm run build
#24 CACHED

#25 [frontend stage-1 2/3] COPY --from=build /app/dist /usr/share/nginx/html
#25 CACHED

#26 [frontend stage-1 3/3] COPY nginx.conf /etc/nginx/conf.d/default.conf
#26 CACHED

#16 [backend build 5/5] RUN mvn -B -DskipTests clean package
#16 ...

#27 [frontend] exporting to image
#27 exporting layers done
#27 exporting manifest sha256:4cf273bd3297dca7118f77745063db6d73025daf9dee3978402367e72098c304 done
#27 exporting config sha256:f244ab3082f49b8356369b5a3afc8a5329e0a256326f0637a4eed9a88bf9e5c9 done
#27 exporting attestation manifest sha256:964e1e14cbd53971f213aaaab9e73bac27b9a98347b5d0c5ef7f7d65ad5d50ff 0.0s done
#27 exporting manifest list sha256:a5a52cb8a92121d7d47e9041481a95ea247f9dfc532e921746ebcbd7a1f5aa7f 0.0s done
#27 naming to docker.io/library/smart_campus_hub-frontend:latest done
#27 unpacking to docker.io/library/smart_campus_hub-frontend:latest 0.0s done
#27 DONE 0.1s

#28 [frontend] resolving provenance for metadata file
#28 DONE 0.0s

#16 [backend build 5/5] RUN mvn -B -DskipTests clean package
#16 2.084 [INFO] Scanning for projects...
#16 2.338 [INFO] Downloading from central: https://repo.maven.apache.org/maven2/org/springframework/boot/spring-boot-starter-parent/4.0.3/spring-boot-starter-parent-4.0.3.pom
#16 2.795 [INFO] Downloaded from central: https://repo.maven.apache.org/maven2/org/springframework/boot/spring-boot-starter-parent/4.0.3/spring-boot-starter-parent-4.0.3.pom (14 kB at 30 kB/s)
#16 2.819 [INFO] Downloading from central: https://repo.maven.apache.org/maven2/org/springframework/boot/spring-boot-dependencies/4.0.3/spring-boot-dependencies-4.0.3.pom
#16 2.904 [INFO] Downloaded from central: https://repo.maven.apache.org/maven2/org/springframework/boot/spring-boot-dependencies/4.0.3/spring-boot-dependencies-4.0.3.pom (137 kB at 1.6 MB/s)
#16 2.971 [INFO] Downloading from central: https://repo.maven.apache.org/maven2/org/apache/activemq/activemq-bom/6.1.8/activemq-bom-6.1.8.pom
#16 3.043 [INFO] Downloaded from central: https://repo.maven.apache.org/maven2/org/apache/activemq/activemq-bom/6.1.8/activemq-bom-6.1.8.pom (7.9 kB at 109 kB/s)
#16 3.051 [INFO] Downloading from central: https://repo.maven.apache.org/maven2/org/apache/activemq/artemis-bom/2.43.0/artemis-bom-2.43.0.pom
#16 3.130 [INFO] Downloaded from central: https://repo.maven.apache.org/maven2/org/apache/activemq/artemis-bom/2.43.0/artemis-bom-2.43.0.pom (9.4 kB at 119 kB/s)
#16 3.135 [INFO] Downloading from central: https://repo.maven.apache.org/maven2/org/apache/activemq/artemis-project/2.43.0/artemis-project-2.43.0.pom
#16 3.207 [INFO] Downloaded from central: https://repo.maven.apache.org/maven2/org/apache/activemq/artemis-project/2.43.0/artemis-project-2.43.0.pom (56 kB at 769 kB/s)
#16 3.218 [INFO] Downloading from central: https://repo.maven.apache.org/maven2/org/apache/apache/35/apache-35.pom
#16 3.288 [INFO] Downloaded from central: https://repo.maven.apache.org/maven2/org/apache/apache/35/apache-35.pom (24 kB at 351 kB/s)
#16 3.301 [INFO] Downloading from central: https://repo.maven.apache.org/maven2/org/assertj/assertj-bom/3.27.7/assertj-bom-3.27.7.pom
#16 3.367 [INFO] Downloaded from central: https://repo.maven.apache.org/maven2/org/assertj/assertj-bom/3.27.7/assertj-bom-3.27.7.pom (3.3 kB at 50 kB/s)
#16 3.372 [INFO] Downloading from central: https://repo.maven.apache.org/maven2/io/zipkin/reporter2/zipkin-reporter-bom/3.5.1/zipkin-reporter-bom-3.5.1.pom
#16 3.444 [INFO] Downloaded from central: https://repo.maven.apache.org/maven2/io/zipkin/reporter2/zipkin-reporter-bom/3.5.1/zipkin-reporter-bom-3.5.1.pom (6.3 kB at 87 kB/s)
#16 3.450 [INFO] Downloading from central: https://repo.maven.apache.org/maven2/io/zipkin/brave/brave-bom/6.3.0/brave-bom-6.3.0.pom
#16 3.515 [INFO] Downloaded from central: https://repo.maven.apache.org/maven2/io/zipkin/brave/brave-bom/6.3.0/brave-bom-6.3.0.pom (11 kB at 172 kB/s)
#16 3.520 [INFO] Downloading from central: https://repo.maven.apache.org/maven2/org/apache/cassandra/java-driver-bom/4.19.2/java-driver-bom-4.19.2.pom
#16 3.588 [INFO] Downloaded from central: https://repo.maven.apache.org/maven2/org/apache/cassandra/java-driver-bom/4.19.2/java-driver-bom-4.19.2.pom (5.5 kB at 80 kB/s)
#16 3.591 [INFO] Downloading from central: https://repo.maven.apache.org/maven2/org/apache/groovy/groovy-bom/5.0.4/groovy-bom-5.0.4.pom
#16 3.666 [INFO] Downloaded from central: https://repo.maven.apache.org/maven2/org/apache/groovy/groovy-bom/5.0.4/groovy-bom-5.0.4.pom (27 kB at 368 kB/s)
#16 3.672 [INFO] Downloading from central: https://repo.maven.apache.org/maven2/org/infinispan/infinispan-bom/15.2.6.Final/infinispan-bom-15.2.6.Final.pom
#16 3.737 [INFO] Downloaded from central: https://repo.maven.apache.org/maven2/org/infinispan/infinispan-bom/15.2.6.Final/infinispan-bom-15.2.6.Final.pom (17 kB at 268 kB/s)
#16 3.741 [INFO] Downloading from central: https://repo.maven.apache.org/maven2/org/infinispan/infinispan-build-configuration-parent/15.2.6.Final/infinispan-build-configuration-parent-15.2.6.Final.pom
#16 3.809 [INFO] Downloaded from central: https://repo.maven.apache.org/maven2/org/infinispan/infinispan-build-configuration-parent/15.2.6.Final/infinispan-build-configuration-parent-15.2.6.Final.pom (17 kB at 249 kB/s)
#16 3.815 [INFO] Downloading from central: https://repo.maven.apache.org/maven2/com/fasterxml/jackson/jackson-bom/2.20.2/jackson-bom-2.20.2.pom
#16 3.892 [INFO] Downloaded from central: https://repo.maven.apache.org/maven2/com/fasterxml/jackson/jackson-bom/2.20.2/jackson-bom-2.20.2.pom (20 kB at 263 kB/s)
#16 3.898 [INFO] Downloading from central: https://repo.maven.apache.org/maven2/com/fasterxml/jackson/jackson-parent/2.20/jackson-parent-2.20.pom
#16 3.960 [INFO] Downloaded from central: https://repo.maven.apache.org/maven2/com/fasterxml/jackson/jackson-parent/2.20/jackson-parent-2.20.pom (6.8 kB at 107 kB/s)
#16 3.965 [INFO] Downloading from central: https://repo.maven.apache.org/maven2/com/fasterxml/oss-parent/70/oss-parent-70.pom
#16 4.033 [INFO] Downloaded from central: https://repo.maven.apache.org/maven2/com/fasterxml/oss-parent/70/oss-parent-70.pom (24 kB at 348 kB/s)
#16 4.041 [INFO] Downloading from central: https://repo.maven.apache.org/maven2/tools/jackson/jackson-bom/3.0.4/jackson-bom-3.0.4.pom
#16 4.117 [INFO] Downloaded from central: https://repo.maven.apache.org/maven2/tools/jackson/jackson-bom/3.0.4/jackson-bom-3.0.4.pom (20 kB at 258 kB/s)
#16 4.122 [INFO] Downloading from central: https://repo.maven.apache.org/maven2/com/fasterxml/oss-parent/73/oss-parent-73.pom
#16 4.519 [INFO] Downloaded from central: https://repo.maven.apache.org/maven2/com/fasterxml/oss-parent/73/oss-parent-73.pom (24 kB at 60 kB/s)
#16 4.524 [INFO] Downloading from central: https://repo.maven.apache.org/maven2/org/glassfish/jersey/jersey-bom/4.0.2/jersey-bom-4.0.2.pom
#16 4.592 [INFO] Downloaded from central: https://repo.maven.apache.org/maven2/org/glassfish/jersey/jersey-bom/4.0.2/jersey-bom-4.0.2.pom (24 kB at 355 kB/s)
#16 4.598 [INFO] Downloading from central: https://repo.maven.apache.org/maven2/org/eclipse/ee4j/project/1.0.9/project-1.0.9.pom
#16 4.663 [INFO] Downloaded from central: https://repo.maven.apache.org/maven2/org/eclipse/ee4j/project/1.0.9/project-1.0.9.pom (16 kB at 248 kB/s)
#16 4.669 [INFO] Downloading from central: https://repo.maven.apache.org/maven2/org/eclipse/jetty/ee11/jetty-ee11-bom/12.1.6/jetty-ee11-bom-12.1.6.pom
#16 4.740 [INFO] Downloaded from central: https://repo.maven.apache.org/maven2/org/eclipse/jetty/ee11/jetty-ee11-bom/12.1.6/jetty-ee11-bom-12.1.6.pom (9.4 kB at 132 kB/s)
#16 4.744 [INFO] Downloading from central: https://repo.maven.apache.org/maven2/org/eclipse/jetty/jetty-bom/12.1.6/jetty-bom-12.1.6.pom
#16 4.809 [INFO] Downloaded from central: https://repo.maven.apache.org/maven2/org/eclipse/jetty/jetty-bom/12.1.6/jetty-bom-12.1.6.pom (16 kB at 243 kB/s)
#16 4.814 [INFO] Downloading from central: https://repo.maven.apache.org/maven2/org/jooq/jooq-bom/3.19.30/jooq-bom-3.19.30.pom
#16 4.878 [INFO] Downloaded from central: https://repo.maven.apache.org/maven2/org/jooq/jooq-bom/3.19.30/jooq-bom-3.19.30.pom (4.7 kB at 74 kB/s)
#16 4.882 [INFO] Downloading from central: https://repo.maven.apache.org/maven2/org/junit/junit-bom/6.0.3/junit-bom-6.0.3.pom
#16 4.952 [INFO] Downloaded from central: https://repo.maven.apache.org/maven2/org/junit/junit-bom/6.0.3/junit-bom-6.0.3.pom (5.1 kB at 73 kB/s)
#16 4.956 [INFO] Downloading from central: https://repo.maven.apache.org/maven2/org/jetbrains/kotlin/kotlin-bom/2.2.21/kotlin-bom-2.2.21.pom
#16 5.029 [INFO] Downloaded from central: https://repo.maven.apache.org/maven2/org/jetbrains/kotlin/kotlin-bom/2.2.21/kotlin-bom-2.2.21.pom (9.4 kB at 131 kB/s)
#16 5.035 [INFO] Downloading from central: https://repo.maven.apache.org/maven2/org/jetbrains/kotlinx/kotlinx-coroutines-bom/1.10.2/kotlinx-coroutines-bom-1.10.2.pom
#16 5.103 [INFO] Downloaded from central: https://repo.maven.apache.org/maven2/org/jetbrains/kotlinx/kotlinx-coroutines-bom/1.10.2/kotlinx-coroutines-bom-1.10.2.pom (4.3 kB at 63 kB/s)
#16 5.107 [INFO] Downloading from central: https://repo.maven.apache.org/maven2/org/jetbrains/kotlinx/kotlinx-serialization-bom/1.9.0/kotlinx-serialization-bom-1.9.0.pom
#16 5.170 [INFO] Downloaded from central: https://repo.maven.apache.org/maven2/org/jetbrains/kotlinx/kotlinx-serialization-bom/1.9.0/kotlinx-serialization-bom-1.9.0.pom (4.0 kB at 63 kB/s)
#16 5.174 [INFO] Downloading from central: https://repo.maven.apache.org/maven2/org/apache/logging/log4j/log4j-bom/2.25.3/log4j-bom-2.25.3.pom
#16 5.242 [INFO] Downloaded from central: https://repo.maven.apache.org/maven2/org/apache/logging/log4j/log4j-bom/2.25.3/log4j-bom-2.25.3.pom (12 kB at 183 kB/s)
#16 5.247 [INFO] Downloading from central: https://repo.maven.apache.org/maven2/io/micrometer/micrometer-bom/1.16.3/micrometer-bom-1.16.3.pom
#16 5.317 [INFO] Downloaded from central: https://repo.maven.apache.org/maven2/io/micrometer/micrometer-bom/1.16.3/micrometer-bom-1.16.3.pom (8.6 kB at 121 kB/s)
#16 5.322 [INFO] Downloading from central: https://repo.maven.apache.org/maven2/io/micrometer/micrometer-tracing-bom/1.6.3/micrometer-tracing-bom-1.6.3.pom
#16 5.383 [INFO] Downloaded from central: https://repo.maven.apache.org/maven2/io/micrometer/micrometer-tracing-bom/1.6.3/micrometer-tracing-bom-1.6.3.pom (4.5 kB at 73 kB/s)
#16 5.388 [INFO] Downloading from central: https://repo.maven.apache.org/maven2/org/mockito/mockito-bom/5.20.0/mockito-bom-5.20.0.pom
#16 5.455 [INFO] Downloaded from central: https://repo.maven.apache.org/maven2/org/mockito/mockito-bom/5.20.0/mockito-bom-5.20.0.pom (3.0 kB at 44 kB/s)
#16 5.460 [INFO] Downloading from central: https://repo.maven.apache.org/maven2/org/mongodb/mongodb-driver-bom/5.6.3/mongodb-driver-bom-5.6.3.pom
#16 5.530 [INFO] Downloaded from central: https://repo.maven.apache.org/maven2/org/mongodb/mongodb-driver-bom/5.6.3/mongodb-driver-bom-5.6.3.pom (4.2 kB at 59 kB/s)
#16 5.535 [INFO] Downloading from central: https://repo.maven.apache.org/maven2/org/neo4j/driver/neo4j-java-driver-bom/6.0.2/neo4j-java-driver-bom-6.0.2.pom
#16 5.601 [INFO] Downloaded from central: https://repo.maven.apache.org/maven2/org/neo4j/driver/neo4j-java-driver-bom/6.0.2/neo4j-java-driver-bom-6.0.2.pom (2.3 kB at 35 kB/s)
#16 5.604 [INFO] Downloading from central: https://repo.maven.apache.org/maven2/org/neo4j/bolt/neo4j-bolt-connection-bom/10.1.0/neo4j-bolt-connection-bom-10.1.0.pom
#16 5.671 [INFO] Downloaded from central: https://repo.maven.apache.org/maven2/org/neo4j/bolt/neo4j-bolt-connection-bom/10.1.0/neo4j-bolt-connection-bom-10.1.0.pom (2.5 kB at 37 kB/s)
#16 5.675 [INFO] Downloading from central: https://repo.maven.apache.org/maven2/io/netty/netty-bom/4.2.10.Final/netty-bom-4.2.10.Final.pom
#16 5.740 [INFO] Downloaded from central: https://repo.maven.apache.org/maven2/io/netty/netty-bom/4.2.10.Final/netty-bom-4.2.10.Final.pom (19 kB at 295 kB/s)
#16 5.743 [INFO] Downloading from central: https://repo.maven.apache.org/maven2/org/sonatype/oss/oss-parent/7/oss-parent-7.pom
#16 5.809 [INFO] Downloaded from central: https://repo.maven.apache.org/maven2/org/sonatype/oss/oss-parent/7/oss-parent-7.pom (4.8 kB at 73 kB/s)
#16 5.813 [INFO] Downloading from central: https://repo.maven.apache.org/maven2/io/opentelemetry/opentelemetry-bom/1.55.0/opentelemetry-bom-1.55.0.pom
#16 5.881 [INFO] Downloaded from central: https://repo.maven.apache.org/maven2/io/opentelemetry/opentelemetry-bom/1.55.0/opentelemetry-bom-1.55.0.pom (6.0 kB at 90 kB/s)
#16 5.885 [INFO] Downloading from central: https://repo.maven.apache.org/maven2/io/prometheus/prometheus-metrics-bom/1.4.3/prometheus-metrics-bom-1.4.3.pom
#16 5.951 [INFO] Downloaded from central: https://repo.maven.apache.org/maven2/io/prometheus/prometheus-metrics-bom/1.4.3/prometheus-metrics-bom-1.4.3.pom (5.8 kB at 90 kB/s)
#16 5.954 [INFO] Downloading from central: https://repo.maven.apache.org/maven2/io/prometheus/client_java_parent/1.4.3/client_java_parent-1.4.3.pom
#16 6.019 [INFO] Downloaded from central: https://repo.maven.apache.org/maven2/io/prometheus/client_java_parent/1.4.3/client_java_parent-1.4.3.pom (4.3 kB at 66 kB/s)
#16 6.023 [INFO] Downloading from central: https://repo.maven.apache.org/maven2/io/prometheus/simpleclient_bom/0.16.0/simpleclient_bom-0.16.0.pom
#16 6.089 [INFO] Downloaded from central: https://repo.maven.apache.org/maven2/io/prometheus/simpleclient_bom/0.16.0/simpleclient_bom-0.16.0.pom (6.0 kB at 91 kB/s)
#16 6.092 [INFO] Downloading from central: https://repo.maven.apache.org/maven2/io/prometheus/parent/0.16.0/parent-0.16.0.pom
#16 6.156 [INFO] Downloaded from central: https://repo.maven.apache.org/maven2/io/prometheus/parent/0.16.0/parent-0.16.0.pom (13 kB at 193 kB/s)
#16 6.161 [INFO] Downloading from central: https://repo.maven.apache.org/maven2/org/apache/pulsar/pulsar-bom/4.1.2/pulsar-bom-4.1.2.pom
#16 6.239 [INFO] Downloaded from central: https://repo.maven.apache.org/maven2/org/apache/pulsar/pulsar-bom/4.1.2/pulsar-bom-4.1.2.pom (25 kB at 319 kB/s)
#16 6.244 [INFO] Downloading from central: https://repo.maven.apache.org/maven2/com/querydsl/querydsl-bom/5.1.0/querydsl-bom-5.1.0.pom
#16 6.310 [INFO] Downloaded from central: https://repo.maven.apache.org/maven2/com/querydsl/querydsl-bom/5.1.0/querydsl-bom-5.1.0.pom (7.2 kB at 108 kB/s)
#16 6.316 [INFO] Downloading from central: https://repo.maven.apache.org/maven2/io/projectreactor/reactor-bom/2025.0.3/reactor-bom-2025.0.3.pom
#16 6.383 [INFO] Downloaded from central: https://repo.maven.apache.org/maven2/io/projectreactor/reactor-bom/2025.0.3/reactor-bom-2025.0.3.pom (4.6 kB at 70 kB/s)
#16 6.386 [INFO] Downloading from central: https://repo.maven.apache.org/maven2/io/rsocket/rsocket-bom/1.1.5/rsocket-bom-1.1.5.pom
#16 6.455 [INFO] Downloaded from central: https://repo.maven.apache.org/maven2/io/rsocket/rsocket-bom/1.1.5/rsocket-bom-1.1.5.pom (2.4 kB at 34 kB/s)
#16 6.459 [INFO] Downloading from central: https://repo.maven.apache.org/maven2/org/seleniumhq/selenium/selenium-bom/4.37.0/selenium-bom-4.37.0.pom
#16 6.530 [INFO] Downloaded from central: https://repo.maven.apache.org/maven2/org/seleniumhq/selenium/selenium-bom/4.37.0/selenium-bom-4.37.0.pom (5.8 kB at 82 kB/s)
#16 6.533 [INFO] Downloading from central: https://repo.maven.apache.org/maven2/org/springframework/amqp/spring-amqp-bom/4.0.2/spring-amqp-bom-4.0.2.pom
#16 6.599 [INFO] Downloaded from central: https://repo.maven.apache.org/maven2/org/springframework/amqp/spring-amqp-bom/4.0.2/spring-amqp-bom-4.0.2.pom (4.1 kB at 62 kB/s)
#16 6.603 [INFO] Downloading from central: https://repo.maven.apache.org/maven2/org/springframework/batch/spring-batch-bom/6.0.2/spring-batch-bom-6.0.2.pom
#16 6.671 [INFO] Downloaded from central: https://repo.maven.apache.org/maven2/org/springframework/batch/spring-batch-bom/6.0.2/spring-batch-bom-6.0.2.pom (3.2 kB at 47 kB/s)
#16 6.674 [INFO] Downloading from central: https://repo.maven.apache.org/maven2/org/springframework/data/spring-data-bom/2025.1.3/spring-data-bom-2025.1.3.pom
#16 6.743 [INFO] Downloaded from central: https://repo.maven.apache.org/maven2/org/springframework/data/spring-data-bom/2025.1.3/spring-data-bom-2025.1.3.pom (5.5 kB at 79 kB/s)
#16 6.747 [INFO] Downloading from central: https://repo.maven.apache.org/maven2/org/springframework/spring-framework-bom/7.0.5/spring-framework-bom-7.0.5.pom
#16 6.814 [INFO] Downloaded from central: https://repo.maven.apache.org/maven2/org/springframework/spring-framework-bom/7.0.5/spring-framework-bom-7.0.5.pom (5.7 kB at 84 kB/s)
#16 6.817 [INFO] Downloading from central: https://repo.maven.apache.org/maven2/org/springframework/integration/spring-integration-bom/7.0.3/spring-integration-bom-7.0.3.pom
#16 6.887 [INFO] Downloaded from central: https://repo.maven.apache.org/maven2/org/springframework/integration/spring-integration-bom/7.0.3/spring-integration-bom-7.0.3.pom (10 kB at 151 kB/s)
#16 6.891 [INFO] Downloading from central: https://repo.maven.apache.org/maven2/org/springframework/pulsar/spring-pulsar-bom/2.0.3/spring-pulsar-bom-2.0.3.pom
#16 6.959 [INFO] Downloaded from central: https://repo.maven.apache.org/maven2/org/springframework/pulsar/spring-pulsar-bom/2.0.3/spring-pulsar-bom-2.0.3.pom (2.7 kB at 40 kB/s)
#16 6.964 [INFO] Downloading from central: https://repo.maven.apache.org/maven2/org/springframework/restdocs/spring-restdocs-bom/4.0.0/spring-restdocs-bom-4.0.0.pom
#16 7.038 [INFO] Downloaded from central: https://repo.maven.apache.org/maven2/org/springframework/restdocs/spring-restdocs-bom/4.0.0/spring-restdocs-bom-4.0.0.pom (2.4 kB at 32 kB/s)
#16 7.042 [INFO] Downloading from central: https://repo.maven.apache.org/maven2/org/springframework/security/spring-security-bom/7.0.3/spring-security-bom-7.0.3.pom
#16 7.114 [INFO] Downloaded from central: https://repo.maven.apache.org/maven2/org/springframework/security/spring-security-bom/7.0.3/spring-security-bom-7.0.3.pom (6.7 kB at 91 kB/s)
#16 7.118 [INFO] Downloading from central: https://repo.maven.apache.org/maven2/org/springframework/session/spring-session-bom/4.0.2/spring-session-bom-4.0.2.pom
#16 7.196 [INFO] Downloaded from central: https://repo.maven.apache.org/maven2/org/springframework/session/spring-session-bom/4.0.2/spring-session-bom-4.0.2.pom (2.5 kB at 33 kB/s)
#16 7.199 [INFO] Downloading from central: https://repo.maven.apache.org/maven2/org/springframework/ws/spring-ws-bom/5.0.0/spring-ws-bom-5.0.0.pom
#16 7.265 [INFO] Downloaded from central: https://repo.maven.apache.org/maven2/org/springframework/ws/spring-ws-bom/5.0.0/spring-ws-bom-5.0.0.pom (2.3 kB at 35 kB/s)
#16 7.269 [INFO] Downloading from central: https://repo.maven.apache.org/maven2/org/testcontainers/testcontainers-bom/2.0.3/testcontainers-bom-2.0.3.pom
#16 7.339 [INFO] Downloaded from central: https://repo.maven.apache.org/maven2/org/testcontainers/testcontainers-bom/2.0.3/testcontainers-bom-2.0.3.pom (12 kB at 175 kB/s)
#16 7.395 [INFO] 
#16 7.395 [INFO] ----------------------< com.smartcampus:backend >-----------------------
#16 7.396 [INFO] Building backend 0.0.1-SNAPSHOT
#16 7.396 [INFO]   from pom.xml
#16 7.398 [INFO] --------------------------------[ jar ]---------------------------------
#16 7.401 [INFO] Downloading from central: https://repo.maven.apache.org/maven2/org/springframework/boot/spring-boot-maven-plugin/4.0.3/spring-boot-maven-plugin-4.0.3.pom
#16 7.463 [INFO] Downloaded from central: https://repo.maven.apache.org/maven2/org/springframework/boot/spring-boot-maven-plugin/4.0.3/spring-boot-maven-plugin-4.0.3.pom (4.0 kB at 65 kB/s)
#16 7.478 [INFO] Downloading from central: https://repo.maven.apache.org/maven2/org/springframework/boot/spring-boot-maven-plugin/4.0.3/spring-boot-maven-plugin-4.0.3.jar
#16 7.588 [INFO] Downloaded from central: https://repo.maven.apache.org/maven2/org/springframework/boot/spring-boot-maven-plugin/4.0.3/spring-boot-maven-plugin-4.0.3.jar (139 kB at 1.3 MB/s)
#16 7.599 [INFO] Downloading from central: https://repo.maven.apache.org/maven2/org/apache/maven/plugins/maven-clean-plugin/3.5.0/maven-clean-plugin-3.5.0.pom
#16 7.668 [INFO] Downloaded from central: https://repo.maven.apache.org/maven2/org/apache/maven/plugins/maven-clean-plugin/3.5.0/maven-clean-plugin-3.5.0.pom (5.7 kB at 83 kB/s)
#16 7.671 [INFO] Downloading from central: https://repo.maven.apache.org/maven2/org/apache/maven/plugins/maven-plugins/44/maven-plugins-44.pom
#16 7.748 [INFO] Downloaded from central: https://repo.maven.apache.org/maven2/org/apache/maven/plugins/maven-plugins/44/maven-plugins-44.pom (8.4 kB at 110 kB/s)
#16 7.751 [INFO] Downloading from central: https://repo.maven.apache.org/maven2/org/apache/maven/maven-parent/44/maven-parent-44.pom
#16 7.824 [INFO] Downloaded from central: https://repo.maven.apache.org/maven2/org/apache/maven/maven-parent/44/maven-parent-44.pom (52 kB at 725 kB/s)
#16 7.830 [INFO] Downloading from central: https://repo.maven.apache.org/maven2/org/apache/apache/34/apache-34.pom
#16 7.896 [INFO] Downloaded from central: https://repo.maven.apache.org/maven2/org/apache/apache/34/apache-34.pom (24 kB at 367 kB/s)
#16 7.903 [INFO] Downloading from central: https://repo.maven.apache.org/maven2/org/junit/junit-bom/5.12.1/junit-bom-5.12.1.pom
#16 7.968 [INFO] Downloaded from central: https://repo.maven.apache.org/maven2/org/junit/junit-bom/5.12.1/junit-bom-5.12.1.pom (5.6 kB at 87 kB/s)
#16 7.971 [INFO] Downloading from central: https://repo.maven.apache.org/maven2/org/apache/maven/plugins/maven-clean-plugin/3.5.0/maven-clean-plugin-3.5.0.jar
#16 8.039 [INFO] Downloaded from central: https://repo.maven.apache.org/maven2/org/apache/maven/plugins/maven-clean-plugin/3.5.0/maven-clean-plugin-3.5.0.jar (37 kB at 556 kB/s)
#16 8.044 [INFO] Downloading from central: https://repo.maven.apache.org/maven2/org/apache/maven/plugins/maven-resources-plugin/3.3.1/maven-resources-plugin-3.3.1.pom
#16 8.112 [INFO] Downloaded from central: https://repo.maven.apache.org/maven2/org/apache/maven/plugins/maven-resources-plugin/3.3.1/maven-resources-plugin-3.3.1.pom (8.2 kB at 120 kB/s)
#16 8.115 [INFO] Downloading from central: https://repo.maven.apache.org/maven2/org/apache/maven/plugins/maven-plugins/39/maven-plugins-39.pom
#16 8.177 [INFO] Downloaded from central: https://repo.maven.apache.org/maven2/org/apache/maven/plugins/maven-plugins/39/maven-plugins-39.pom (8.1 kB at 128 kB/s)
#16 8.181 [INFO] Downloading from central: https://repo.maven.apache.org/maven2/org/apache/maven/maven-parent/39/maven-parent-39.pom
#16 8.253 [INFO] Downloaded from central: https://repo.maven.apache.org/maven2/org/apache/maven/maven-parent/39/maven-parent-39.pom (48 kB at 666 kB/s)
#16 8.256 [INFO] Downloading from central: https://repo.maven.apache.org/maven2/org/apache/apache/29/apache-29.pom
#16 8.320 [INFO] Downloaded from central: https://repo.maven.apache.org/maven2/org/apache/apache/29/apache-29.pom (21 kB at 324 kB/s)
#16 8.325 [INFO] Downloading from central: https://repo.maven.apache.org/maven2/org/apache/maven/plugins/maven-resources-plugin/3.3.1/maven-resources-plugin-3.3.1.jar
#16 8.389 [INFO] Downloaded from central: https://repo.maven.apache.org/maven2/org/apache/maven/plugins/maven-resources-plugin/3.3.1/maven-resources-plugin-3.3.1.jar (31 kB at 491 kB/s)
#16 8.396 [INFO] Downloading from central: https://repo.maven.apache.org/maven2/org/apache/maven/plugins/maven-compiler-plugin/3.14.1/maven-compiler-plugin-3.14.1.pom
#16 8.464 [INFO] Downloaded from central: https://repo.maven.apache.org/maven2/org/apache/maven/plugins/maven-compiler-plugin/3.14.1/maven-compiler-plugin-3.14.1.pom (9.9 kB at 143 kB/s)
#16 8.469 [INFO] Downloading from central: https://repo.maven.apache.org/maven2/org/apache/maven/plugins/maven-plugins/45/maven-plugins-45.pom
#16 8.543 [INFO] Downloaded from central: https://repo.maven.apache.org/maven2/org/apache/maven/plugins/maven-plugins/45/maven-plugins-45.pom (8.4 kB at 113 kB/s)
#16 8.547 [INFO] Downloading from central: https://repo.maven.apache.org/maven2/org/apache/maven/maven-parent/45/maven-parent-45.pom
#16 8.618 [INFO] Downloaded from central: https://repo.maven.apache.org/maven2/org/apache/maven/maven-parent/45/maven-parent-45.pom (53 kB at 745 kB/s)
#16 8.623 [INFO] Downloading from central: https://repo.maven.apache.org/maven2/org/junit/junit-bom/5.13.1/junit-bom-5.13.1.pom
#16 8.689 [INFO] Downloaded from central: https://repo.maven.apache.org/maven2/org/junit/junit-bom/5.13.1/junit-bom-5.13.1.pom (5.6 kB at 86 kB/s)
#16 8.693 [INFO] Downloading from central: https://repo.maven.apache.org/maven2/org/apache/maven/plugins/maven-compiler-plugin/3.14.1/maven-compiler-plugin-3.14.1.jar
#16 8.769 [INFO] Downloaded from central: https://repo.maven.apache.org/maven2/org/apache/maven/plugins/maven-compiler-plugin/3.14.1/maven-compiler-plugin-3.14.1.jar (84 kB at 1.1 MB/s)
#16 8.774 [INFO] Downloading from central: https://repo.maven.apache.org/maven2/org/apache/maven/plugins/maven-surefire-plugin/3.5.4/maven-surefire-plugin-3.5.4.pom
#16 8.838 [INFO] Downloaded from central: https://repo.maven.apache.org/maven2/org/apache/maven/plugins/maven-surefire-plugin/3.5.4/maven-surefire-plugin-3.5.4.pom (4.9 kB at 77 kB/s)
#16 8.842 [INFO] Downloading from central: https://repo.maven.apache.org/maven2/org/apache/maven/surefire/surefire/3.5.4/surefire-3.5.4.pom
#16 8.911 [INFO] Downloaded from central: https://repo.maven.apache.org/maven2/org/apache/maven/surefire/surefire/3.5.4/surefire-3.5.4.pom (19 kB at 278 kB/s)
#16 8.917 [INFO] Downloading from central: https://repo.maven.apache.org/maven2/org/apache/maven/plugins/maven-surefire-plugin/3.5.4/maven-surefire-plugin-3.5.4.jar
#16 8.985 [INFO] Downloaded from central: https://repo.maven.apache.org/maven2/org/apache/maven/plugins/maven-surefire-plugin/3.5.4/maven-surefire-plugin-3.5.4.jar (46 kB at 688 kB/s)
#16 8.991 [INFO] Downloading from central: https://repo.maven.apache.org/maven2/org/apache/maven/plugins/maven-jar-plugin/3.4.2/maven-jar-plugin-3.4.2.pom
#16 9.067 [INFO] Downloaded from central: https://repo.maven.apache.org/maven2/org/apache/maven/plugins/maven-jar-plugin/3.4.2/maven-jar-plugin-3.4.2.pom (7.7 kB at 102 kB/s)
#16 9.070 [INFO] Downloading from central: https://repo.maven.apache.org/maven2/org/apache/maven/plugins/maven-plugins/42/maven-plugins-42.pom
#16 9.132 [INFO] Downloaded from central: https://repo.maven.apache.org/maven2/org/apache/maven/plugins/maven-plugins/42/maven-plugins-42.pom (7.7 kB at 122 kB/s)
#16 9.135 [INFO] Downloading from central: https://repo.maven.apache.org/maven2/org/apache/maven/maven-parent/42/maven-parent-42.pom
#16 9.200 [INFO] Downloaded from central: https://repo.maven.apache.org/maven2/org/apache/maven/maven-parent/42/maven-parent-42.pom (50 kB at 776 kB/s)
#16 9.204 [INFO] Downloading from central: https://repo.maven.apache.org/maven2/org/apache/apache/32/apache-32.pom
#16 9.281 [INFO] Downloaded from central: https://repo.maven.apache.org/maven2/org/apache/apache/32/apache-32.pom (24 kB at 310 kB/s)
#16 9.286 [INFO] Downloading from central: https://repo.maven.apache.org/maven2/org/junit/junit-bom/5.10.2/junit-bom-5.10.2.pom
#16 9.353 [INFO] Downloaded from central: https://repo.maven.apache.org/maven2/org/junit/junit-bom/5.10.2/junit-bom-5.10.2.pom (5.6 kB at 83 kB/s)
#16 9.357 [INFO] Downloading from central: https://repo.maven.apache.org/maven2/org/apache/maven/plugins/maven-jar-plugin/3.4.2/maven-jar-plugin-3.4.2.jar
#16 9.423 [INFO] Downloaded from central: https://repo.maven.apache.org/maven2/org/apache/maven/plugins/maven-jar-plugin/3.4.2/maven-jar-plugin-3.4.2.jar (34 kB at 516 kB/s)
#16 9.443 [INFO] Downloading from central: https://repo.maven.apache.org/maven2/org/springframework/boot/spring-boot-starter-data-jpa/4.0.3/spring-boot-starter-data-jpa-4.0.3.pom
#16 9.509 [INFO] Downloaded from central: https://repo.maven.apache.org/maven2/org/springframework/boot/spring-boot-starter-data-jpa/4.0.3/spring-boot-starter-data-jpa-4.0.3.pom (2.7 kB at 41 kB/s)
#16 9.516 [INFO] Downloading from central: https://repo.maven.apache.org/maven2/org/springframework/boot/spring-boot-starter/4.0.3/spring-boot-starter-4.0.3.pom
#16 9.593 [INFO] Downloaded from central: https://repo.maven.apache.org/maven2/org/springframework/boot/spring-boot-starter/4.0.3/spring-boot-starter-4.0.3.pom (2.7 kB at 35 kB/s)
#16 9.597 [INFO] Downloading from central: https://repo.maven.apache.org/maven2/org/springframework/boot/spring-boot-starter-logging/4.0.3/spring-boot-starter-logging-4.0.3.pom
#16 9.667 [INFO] Downloaded from central: https://repo.maven.apache.org/maven2/org/springframework/boot/spring-boot-starter-logging/4.0.3/spring-boot-starter-logging-4.0.3.pom (2.4 kB at 35 kB/s)
#16 9.670 [INFO] Downloading from central: https://repo.maven.apache.org/maven2/ch/qos/logback/logback-classic/1.5.32/logback-classic-1.5.32.pom
#16 9.741 [INFO] Downloaded from central: https://repo.maven.apache.org/maven2/ch/qos/logback/logback-classic/1.5.32/logback-classic-1.5.32.pom (16 kB at 224 kB/s)
#16 9.745 [INFO] Downloading from central: https://repo.maven.apache.org/maven2/ch/qos/logback/logback-parent/1.5.32/logback-parent-1.5.32.pom
#16 9.815 [INFO] Downloaded from central: https://repo.maven.apache.org/maven2/ch/qos/logback/logback-parent/1.5.32/logback-parent-1.5.32.pom (20 kB at 280 kB/s)
#16 9.821 [INFO] Downloading from central: https://repo.maven.apache.org/maven2/ch/qos/logback/logback-core/1.5.32/logback-core-1.5.32.pom
#16 9.884 [INFO] Downloaded from central: https://repo.maven.apache.org/maven2/ch/qos/logback/logback-core/1.5.32/logback-core-1.5.32.pom (9.4 kB at 150 kB/s)
#16 9.890 [INFO] Downloading from central: https://repo.maven.apache.org/maven2/org/slf4j/slf4j-api/2.0.17/slf4j-api-2.0.17.pom
#16 9.960 [INFO] Downloaded from central: https://repo.maven.apache.org/maven2/org/slf4j/slf4j-api/2.0.17/slf4j-api-2.0.17.pom (2.8 kB at 40 kB/s)
#16 9.964 [INFO] Downloading from central: https://repo.maven.apache.org/maven2/org/slf4j/slf4j-parent/2.0.17/slf4j-parent-2.0.17.pom
#16 10.10 [INFO] Downloaded from central: https://repo.maven.apache.org/maven2/org/slf4j/slf4j-parent/2.0.17/slf4j-parent-2.0.17.pom (13 kB at 102 kB/s)
#16 10.10 [INFO] Downloading from central: https://repo.maven.apache.org/maven2/org/slf4j/slf4j-bom/2.0.17/slf4j-bom-2.0.17.pom
#16 10.17 [INFO] Downloaded from central: https://repo.maven.apache.org/maven2/org/slf4j/slf4j-bom/2.0.17/slf4j-bom-2.0.17.pom (7.3 kB at 97 kB/s)
#16 10.18 [INFO] Downloading from central: https://repo.maven.apache.org/maven2/org/apache/logging/log4j/log4j-to-slf4j/2.25.3/log4j-to-slf4j-2.25.3.pom
#16 10.27 [INFO] Downloaded from central: https://repo.maven.apache.org/maven2/org/apache/logging/log4j/log4j-to-slf4j/2.25.3/log4j-to-slf4j-2.25.3.pom (5.5 kB at 62 kB/s)
#16 10.27 [INFO] Downloading from central: https://repo.maven.apache.org/maven2/org/apache/logging/log4j/log4j/2.25.3/log4j-2.25.3.pom
#16 10.35 [INFO] Downloaded from central: https://repo.maven.apache.org/maven2/org/apache/logging/log4j/log4j/2.25.3/log4j-2.25.3.pom (41 kB at 536 kB/s)
#16 10.35 [INFO] Downloading from central: https://repo.maven.apache.org/maven2/org/apache/groovy/groovy-bom/4.0.27/groovy-bom-4.0.27.pom
#16 10.46 [INFO] Downloaded from central: https://repo.maven.apache.org/maven2/org/apache/groovy/groovy-bom/4.0.27/groovy-bom-4.0.27.pom (27 kB at 260 kB/s)
#16 10.46 [INFO] Downloading from central: https://repo.maven.apache.org/maven2/com/fasterxml/jackson/jackson-bom/2.19.1/jackson-bom-2.19.1.pom
#16 10.53 [INFO] Downloaded from central: https://repo.maven.apache.org/maven2/com/fasterxml/jackson/jackson-bom/2.19.1/jackson-bom-2.19.1.pom (20 kB at 316 kB/s)
#16 10.53 [INFO] Downloading from central: https://repo.maven.apache.org/maven2/com/fasterxml/jackson/jackson-parent/2.19.2/jackson-parent-2.19.2.pom
#16 10.60 [INFO] Downloaded from central: https://repo.maven.apache.org/maven2/com/fasterxml/jackson/jackson-parent/2.19.2/jackson-parent-2.19.2.pom (7.2 kB at 106 kB/s)
#16 10.60 [INFO] Downloading from central: https://repo.maven.apache.org/maven2/com/fasterxml/oss-parent/68/oss-parent-68.pom
#16 10.67 [INFO] Downloaded from central: https://repo.maven.apache.org/maven2/com/fasterxml/oss-parent/68/oss-parent-68.pom (24 kB at 358 kB/s)
#16 10.67 [INFO] Downloading from central: https://repo.maven.apache.org/maven2/jakarta/platform/jakarta.jakartaee-bom/9.1.0/jakarta.jakartaee-bom-9.1.0.pom
#16 10.74 [INFO] Downloaded from central: https://repo.maven.apache.org/maven2/jakarta/platform/jakarta.jakartaee-bom/9.1.0/jakarta.jakartaee-bom-9.1.0.pom (9.6 kB at 126 kB/s)
#16 10.75 [INFO] Downloading from central: https://repo.maven.apache.org/maven2/jakarta/platform/jakartaee-api-parent/9.1.0/jakartaee-api-parent-9.1.0.pom
#16 10.82 [INFO] Downloaded from central: https://repo.maven.apache.org/maven2/jakarta/platform/jakartaee-api-parent/9.1.0/jakartaee-api-parent-9.1.0.pom (15 kB at 209 kB/s)
#16 10.82 [INFO] Downloading from central: https://repo.maven.apache.org/maven2/org/eclipse/ee4j/project/1.0.7/project-1.0.7.pom
#16 10.90 [INFO] Downloaded from central: https://repo.maven.apache.org/maven2/org/eclipse/ee4j/project/1.0.7/project-1.0.7.pom (14 kB at 187 kB/s)
#16 10.90 [INFO] Downloading from central: https://repo.maven.apache.org/maven2/org/junit/junit-bom/5.13.2/junit-bom-5.13.2.pom
#16 10.98 [INFO] Downloaded from central: https://repo.maven.apache.org/maven2/org/junit/junit-bom/5.13.2/junit-bom-5.13.2.pom (5.7 kB at 68 kB/s)
#16 10.99 [INFO] Downloading from central: https://repo.maven.apache.org/maven2/org/mockito/mockito-bom/4.11.0/mockito-bom-4.11.0.pom
#16 11.06 [INFO] Downloaded from central: https://repo.maven.apache.org/maven2/org/mockito/mockito-bom/4.11.0/mockito-bom-4.11.0.pom (3.2 kB at 43 kB/s)
#16 11.07 [INFO] Downloading from central: https://repo.maven.apache.org/maven2/org/springframework/spring-framework-bom/5.3.39/spring-framework-bom-5.3.39.pom
#16 11.15 [INFO] Downloaded from central: https://repo.maven.apache.org/maven2/org/springframework/spring-framework-bom/5.3.39/spring-framework-bom-5.3.39.pom (5.7 kB at 79 kB/s)
#16 11.15 [INFO] Downloading from central: https://repo.maven.apache.org/maven2/org/apache/logging/log4j/log4j-api/2.25.3/log4j-api-2.25.3.pom
#16 11.21 [INFO] Downloaded from central: https://repo.maven.apache.org/maven2/org/apache/logging/log4j/log4j-api/2.25.3/log4j-api-2.25.3.pom (4.5 kB at 72 kB/s)
#16 11.22 [INFO] Downloading from central: https://repo.maven.apache.org/maven2/org/slf4j/jul-to-slf4j/2.0.17/jul-to-slf4j-2.0.17.pom
#16 11.28 [INFO] Downloaded from central: https://repo.maven.apache.org/maven2/org/slf4j/jul-to-slf4j/2.0.17/jul-to-slf4j-2.0.17.pom (1.1 kB at 17 kB/s)
#16 11.29 [INFO] Downloading from central: https://repo.maven.apache.org/maven2/org/springframework/boot/spring-boot-autoconfigure/4.0.3/spring-boot-autoconfigure-4.0.3.pom
#16 11.35 [INFO] Downloaded from central: https://repo.maven.apache.org/maven2/org/springframework/boot/spring-boot-autoconfigure/4.0.3/spring-boot-autoconfigure-4.0.3.pom (2.1 kB at 32 kB/s)
#16 11.35 [INFO] Downloading from central: https://repo.maven.apache.org/maven2/org/springframework/boot/spring-boot/4.0.3/spring-boot-4.0.3.pom
#16 11.42 [INFO] Downloaded from central: https://repo.maven.apache.org/maven2/org/springframework/boot/spring-boot/4.0.3/spring-boot-4.0.3.pom (2.2 kB at 32 kB/s)
#16 11.42 [INFO] Downloading from central: https://repo.maven.apache.org/maven2/org/springframework/spring-core/7.0.5/spring-core-7.0.5.pom
#16 11.49 [INFO] Downloaded from central: https://repo.maven.apache.org/maven2/org/springframework/spring-core/7.0.5/spring-core-7.0.5.pom (2.2 kB at 34 kB/s)
#16 11.49 [INFO] Downloading from central: https://repo.maven.apache.org/maven2/commons-logging/commons-logging/1.3.5/commons-logging-1.3.5.pom
#16 11.56 [INFO] Downloaded from central: https://repo.maven.apache.org/maven2/commons-logging/commons-logging/1.3.5/commons-logging-1.3.5.pom (32 kB at 454 kB/s)
#16 11.56 [INFO] Downloading from central: https://repo.maven.apache.org/maven2/org/apache/commons/commons-parent/81/commons-parent-81.pom
#16 11.64 [INFO] Downloaded from central: https://repo.maven.apache.org/maven2/org/apache/commons/commons-parent/81/commons-parent-81.pom (78 kB at 969 kB/s)
#16 11.65 [INFO] Downloading from central: https://repo.maven.apache.org/maven2/org/apache/apache/33/apache-33.pom
#16 11.71 [INFO] Downloaded from central: https://repo.maven.apache.org/maven2/org/apache/apache/33/apache-33.pom (24 kB at 366 kB/s)
#16 11.72 [INFO] Downloading from central: https://repo.maven.apache.org/maven2/org/junit/junit-bom/5.11.4/junit-bom-5.11.4.pom
#16 11.79 [INFO] Downloaded from central: https://repo.maven.apache.org/maven2/org/junit/junit-bom/5.11.4/junit-bom-5.11.4.pom (5.6 kB at 77 kB/s)
#16 11.80 [INFO] Downloading from central: https://repo.maven.apache.org/maven2/org/jspecify/jspecify/1.0.0/jspecify-1.0.0.pom
#16 11.86 [INFO] Downloaded from central: https://repo.maven.apache.org/maven2/org/jspecify/jspecify/1.0.0/jspecify-1.0.0.pom (1.5 kB at 23 kB/s)
#16 11.87 [INFO] Downloading from central: https://repo.maven.apache.org/maven2/org/springframework/spring-context/7.0.5/spring-context-7.0.5.pom
#16 11.93 [INFO] Downloaded from central: https://repo.maven.apache.org/maven2/org/springframework/spring-context/7.0.5/spring-context-7.0.5.pom (2.8 kB at 45 kB/s)
#16 11.93 [INFO] Downloading from central: https://repo.maven.apache.org/maven2/org/springframework/spring-aop/7.0.5/spring-aop-7.0.5.pom
#16 12.00 [INFO] Downloaded from central: https://repo.maven.apache.org/maven2/org/springframework/spring-aop/7.0.5/spring-aop-7.0.5.pom (2.2 kB at 34 kB/s)
#16 12.00 [INFO] Downloading from central: https://repo.maven.apache.org/maven2/org/springframework/spring-beans/7.0.5/spring-beans-7.0.5.pom
#16 12.06 [INFO] Downloaded from central: https://repo.maven.apache.org/maven2/org/springframework/spring-beans/7.0.5/spring-beans-7.0.5.pom (2.0 kB at 31 kB/s)
#16 12.07 [INFO] Downloading from central: https://repo.maven.apache.org/maven2/org/springframework/spring-expression/7.0.5/spring-expression-7.0.5.pom
#16 12.14 [INFO] Downloaded from central: https://repo.maven.apache.org/maven2/org/springframework/spring-expression/7.0.5/spring-expression-7.0.5.pom (2.1 kB at 28 kB/s)
#16 12.15 [INFO] Downloading from central: https://repo.maven.apache.org/maven2/io/micrometer/micrometer-observation/1.16.3/micrometer-observation-1.16.3.pom
#16 12.21 [INFO] Downloaded from central: https://repo.maven.apache.org/maven2/io/micrometer/micrometer-observation/1.16.3/micrometer-observation-1.16.3.pom (3.8 kB at 59 kB/s)
#16 12.22 [INFO] Downloading from central: https://repo.maven.apache.org/maven2/io/micrometer/micrometer-commons/1.16.3/micrometer-commons-1.16.3.pom
#16 12.28 [INFO] Downloaded from central: https://repo.maven.apache.org/maven2/io/micrometer/micrometer-commons/1.16.3/micrometer-commons-1.16.3.pom (3.6 kB at 56 kB/s)
#16 12.28 [INFO] Downloading from central: https://repo.maven.apache.org/maven2/jakarta/annotation/jakarta.annotation-api/3.0.0/jakarta.annotation-api-3.0.0.pom
#16 12.35 [INFO] Downloaded from central: https://repo.maven.apache.org/maven2/jakarta/annotation/jakarta.annotation-api/3.0.0/jakarta.annotation-api-3.0.0.pom (15 kB at 226 kB/s)
#16 12.35 [INFO] Downloading from central: https://repo.maven.apache.org/maven2/org/yaml/snakeyaml/2.5/snakeyaml-2.5.pom
#16 12.43 [INFO] Downloaded from central: https://repo.maven.apache.org/maven2/org/yaml/snakeyaml/2.5/snakeyaml-2.5.pom (21 kB at 292 kB/s)
#16 12.43 [INFO] Downloading from central: https://repo.maven.apache.org/maven2/org/springframework/boot/spring-boot-starter-jdbc/4.0.3/spring-boot-starter-jdbc-4.0.3.pom
#16 12.50 [INFO] Downloaded from central: https://repo.maven.apache.org/maven2/org/springframework/boot/spring-boot-starter-jdbc/4.0.3/spring-boot-starter-jdbc-4.0.3.pom (2.5 kB at 36 kB/s)
#16 12.50 [INFO] Downloading from central: https://repo.maven.apache.org/maven2/org/springframework/boot/spring-boot-jdbc/4.0.3/spring-boot-jdbc-4.0.3.pom
#16 12.56 [INFO] Downloaded from central: https://repo.maven.apache.org/maven2/org/springframework/boot/spring-boot-jdbc/4.0.3/spring-boot-jdbc-4.0.3.pom (2.6 kB at 43 kB/s)
#16 12.57 [INFO] Downloading from central: https://repo.maven.apache.org/maven2/org/springframework/boot/spring-boot-sql/4.0.3/spring-boot-sql-4.0.3.pom
#16 12.63 [INFO] Downloaded from central: https://repo.maven.apache.org/maven2/org/springframework/boot/spring-boot-sql/4.0.3/spring-boot-sql-4.0.3.pom (2.0 kB at 32 kB/s)
#16 12.63 [INFO] Downloading from central: https://repo.maven.apache.org/maven2/org/springframework/boot/spring-boot-transaction/4.0.3/spring-boot-transaction-4.0.3.pom
#16 12.70 [INFO] Downloaded from central: https://repo.maven.apache.org/maven2/org/springframework/boot/spring-boot-transaction/4.0.3/spring-boot-transaction-4.0.3.pom (2.4 kB at 37 kB/s)
#16 12.70 [INFO] Downloading from central: https://repo.maven.apache.org/maven2/org/springframework/boot/spring-boot-persistence/4.0.3/spring-boot-persistence-4.0.3.pom
#16 12.77 [INFO] Downloaded from central: https://repo.maven.apache.org/maven2/org/springframework/boot/spring-boot-persistence/4.0.3/spring-boot-persistence-4.0.3.pom (2.2 kB at 32 kB/s)
#16 12.78 [INFO] Downloading from central: https://repo.maven.apache.org/maven2/org/springframework/spring-tx/7.0.5/spring-tx-7.0.5.pom
#16 12.85 [INFO] Downloaded from central: https://repo.maven.apache.org/maven2/org/springframework/spring-tx/7.0.5/spring-tx-7.0.5.pom (2.2 kB at 31 kB/s)
#16 12.85 [INFO] Downloading from central: https://repo.maven.apache.org/maven2/org/springframework/spring-jdbc/7.0.5/spring-jdbc-7.0.5.pom
#16 12.92 [INFO] Downloaded from central: https://repo.maven.apache.org/maven2/org/springframework/spring-jdbc/7.0.5/spring-jdbc-7.0.5.pom (2.4 kB at 37 kB/s)
#16 12.92 [INFO] Downloading from central: https://repo.maven.apache.org/maven2/com/zaxxer/HikariCP/7.0.2/HikariCP-7.0.2.pom
#16 12.99 [INFO] Downloaded from central: https://repo.maven.apache.org/maven2/com/zaxxer/HikariCP/7.0.2/HikariCP-7.0.2.pom (29 kB at 397 kB/s)
#16 13.00 [INFO] Downloading from central: https://repo.maven.apache.org/maven2/org/springframework/boot/spring-boot-data-jpa/4.0.3/spring-boot-data-jpa-4.0.3.pom
#16 13.07 [INFO] Downloaded from central: https://repo.maven.apache.org/maven2/org/springframework/boot/spring-boot-data-jpa/4.0.3/spring-boot-data-jpa-4.0.3.pom (2.6 kB at 38 kB/s)
#16 13.07 [INFO] Downloading from central: https://repo.maven.apache.org/maven2/org/springframework/boot/spring-boot-data-commons/4.0.3/spring-boot-data-commons-4.0.3.pom
#16 13.17 [INFO] Downloaded from central: https://repo.maven.apache.org/maven2/org/springframework/boot/spring-boot-data-commons/4.0.3/spring-boot-data-commons-4.0.3.pom (2.5 kB at 24 kB/s)
#16 13.17 [INFO] Downloading from central: https://repo.maven.apache.org/maven2/org/springframework/data/spring-data-commons/4.0.3/spring-data-commons-4.0.3.pom
#16 13.24 [INFO] Downloaded from central: https://repo.maven.apache.org/maven2/org/springframework/data/spring-data-commons/4.0.3/spring-data-commons-4.0.3.pom (10 kB at 152 kB/s)
#16 13.24 [INFO] Downloading from central: https://repo.maven.apache.org/maven2/org/springframework/data/build/spring-data-parent/4.0.3/spring-data-parent-4.0.3.pom
#16 13.32 [INFO] Downloaded from central: https://repo.maven.apache.org/maven2/org/springframework/data/build/spring-data-parent/4.0.3/spring-data-parent-4.0.3.pom (47 kB at 617 kB/s)
#16 13.33 [INFO] Downloading from central: https://repo.maven.apache.org/maven2/org/springframework/data/build/spring-data-build/4.0.3/spring-data-build-4.0.3.pom
#16 13.40 [INFO] Downloaded from central: https://repo.maven.apache.org/maven2/org/springframework/data/build/spring-data-build/4.0.3/spring-data-build-4.0.3.pom (6.0 kB at 83 kB/s)
#16 13.40 [INFO] Downloading from central: https://repo.maven.apache.org/maven2/org/springframework/spring-framework-bom/7.0.3/spring-framework-bom-7.0.3.pom
#16 13.47 [INFO] Downloaded from central: https://repo.maven.apache.org/maven2/org/springframework/spring-framework-bom/7.0.3/spring-framework-bom-7.0.3.pom (5.7 kB at 83 kB/s)
#16 13.47 [INFO] Downloading from central: https://repo.maven.apache.org/maven2/org/jmolecules/jmolecules-bom/2025.0.0/jmolecules-bom-2025.0.0.pom
#16 13.54 [INFO] Downloaded from central: https://repo.maven.apache.org/maven2/org/jmolecules/jmolecules-bom/2025.0.0/jmolecules-bom-2025.0.0.pom (4.9 kB at 76 kB/s)
#16 13.54 [INFO] Downloading from central: https://repo.maven.apache.org/maven2/org/junit/junit-bom/6.0.0/junit-bom-6.0.0.pom
#16 13.61 [INFO] Downloaded from central: https://repo.maven.apache.org/maven2/org/junit/junit-bom/6.0.0/junit-bom-6.0.0.pom (5.1 kB at 76 kB/s)
#16 13.61 [INFO] Downloading from central: https://repo.maven.apache.org/maven2/org/springframework/boot/spring-boot-hibernate/4.0.3/spring-boot-hibernate-4.0.3.pom
#16 13.68 [INFO] Downloaded from central: https://repo.maven.apache.org/maven2/org/springframework/boot/spring-boot-hibernate/4.0.3/spring-boot-hibernate-4.0.3.pom (2.4 kB at 37 kB/s)
#16 13.68 [INFO] Downloading from central: https://repo.maven.apache.org/maven2/org/springframework/boot/spring-boot-jpa/4.0.3/spring-boot-jpa-4.0.3.pom
#16 13.75 [INFO] Downloaded from central: https://repo.maven.apache.org/maven2/org/springframework/boot/spring-boot-jpa/4.0.3/spring-boot-jpa-4.0.3.pom (2.6 kB at 37 kB/s)
#16 13.75 [INFO] Downloading from central: https://repo.maven.apache.org/maven2/jakarta/persistence/jakarta.persistence-api/3.2.0/jakarta.persistence-api-3.2.0.pom
#16 13.82 [INFO] Downloaded from central: https://repo.maven.apache.org/maven2/jakarta/persistence/jakarta.persistence-api/3.2.0/jakarta.persistence-api-3.2.0.pom (16 kB at 233 kB/s)
#16 13.83 [INFO] Downloading from central: https://repo.maven.apache.org/maven2/org/springframework/spring-orm/7.0.5/spring-orm-7.0.5.pom
#16 13.90 [INFO] Downloaded from central: https://repo.maven.apache.org/maven2/org/springframework/spring-orm/7.0.5/spring-orm-7.0.5.pom (2.6 kB at 37 kB/s)
#16 13.90 [INFO] Downloading from central: https://repo.maven.apache.org/maven2/org/hibernate/orm/hibernate-core/7.2.4.Final/hibernate-core-7.2.4.Final.pom
#16 13.97 [INFO] Downloaded from central: https://repo.maven.apache.org/maven2/org/hibernate/orm/hibernate-core/7.2.4.Final/hibernate-core-7.2.4.Final.pom (5.4 kB at 75 kB/s)
#16 13.98 [INFO] Downloading from central: https://repo.maven.apache.org/maven2/jakarta/transaction/jakarta.transaction-api/2.0.1/jakarta.transaction-api-2.0.1.pom
#16 14.04 [INFO] Downloaded from central: https://repo.maven.apache.org/maven2/jakarta/transaction/jakarta.transaction-api/2.0.1/jakarta.transaction-api-2.0.1.pom (14 kB at 207 kB/s)
#16 14.05 [INFO] Downloading from central: https://repo.maven.apache.org/maven2/org/eclipse/ee4j/project/1.0.6/project-1.0.6.pom
#16 14.11 [INFO] Downloaded from central: https://repo.maven.apache.org/maven2/org/eclipse/ee4j/project/1.0.6/project-1.0.6.pom (13 kB at 219 kB/s)
#16 14.11 [INFO] Downloading from central: https://repo.maven.apache.org/maven2/org/jboss/logging/jboss-logging/3.6.2.Final/jboss-logging-3.6.2.Final.pom
#16 14.18 [INFO] Downloaded from central: https://repo.maven.apache.org/maven2/org/jboss/logging/jboss-logging/3.6.2.Final/jboss-logging-3.6.2.Final.pom (26 kB at 370 kB/s)
#16 14.18 [INFO] Downloading from central: https://repo.maven.apache.org/maven2/org/jboss/jboss-parent/51/jboss-parent-51.pom
#16 14.26 [INFO] Downloaded from central: https://repo.maven.apache.org/maven2/org/jboss/jboss-parent/51/jboss-parent-51.pom (104 kB at 1.4 MB/s)
#16 14.27 [INFO] Downloading from central: https://repo.maven.apache.org/maven2/org/junit/junit-bom/5.13.4/junit-bom-5.13.4.pom
#16 14.33 [INFO] Downloaded from central: https://repo.maven.apache.org/maven2/org/junit/junit-bom/5.13.4/junit-bom-5.13.4.pom (5.7 kB at 93 kB/s)
#16 14.33 [INFO] Downloading from central: https://repo.maven.apache.org/maven2/org/hibernate/models/hibernate-models/1.0.1/hibernate-models-1.0.1.pom
#16 14.40 [INFO] Downloaded from central: https://repo.maven.apache.org/maven2/org/hibernate/models/hibernate-models/1.0.1/hibernate-models-1.0.1.pom (2.1 kB at 32 kB/s)
#16 14.40 [INFO] Downloading from central: https://repo.maven.apache.org/maven2/com/fasterxml/classmate/1.7.3/classmate-1.7.3.pom
#16 14.47 [INFO] Downloaded from central: https://repo.maven.apache.org/maven2/com/fasterxml/classmate/1.7.3/classmate-1.7.3.pom (6.5 kB at 100 kB/s)
#16 14.47 [INFO] Downloading from central: https://repo.maven.apache.org/maven2/com/fasterxml/oss-parent/74/oss-parent-74.pom
#16 14.54 [INFO] Downloaded from central: https://repo.maven.apache.org/maven2/com/fasterxml/oss-parent/74/oss-parent-74.pom (24 kB at 349 kB/s)
#16 14.54 [INFO] Downloading from central: https://repo.maven.apache.org/maven2/net/bytebuddy/byte-buddy/1.17.8/byte-buddy-1.17.8.pom
#16 14.60 [INFO] Downloaded from central: https://repo.maven.apache.org/maven2/net/bytebuddy/byte-buddy/1.17.8/byte-buddy-1.17.8.pom (19 kB at 303 kB/s)
#16 14.61 [INFO] Downloading from central: https://repo.maven.apache.org/maven2/net/bytebuddy/byte-buddy-parent/1.17.8/byte-buddy-parent-1.17.8.pom
#16 14.67 [INFO] Downloaded from central: https://repo.maven.apache.org/maven2/net/bytebuddy/byte-buddy-parent/1.17.8/byte-buddy-parent-1.17.8.pom (66 kB at 1.0 MB/s)
#16 14.68 [INFO] Downloading from central: https://repo.maven.apache.org/maven2/jakarta/xml/bind/jakarta.xml.bind-api/4.0.4/jakarta.xml.bind-api-4.0.4.pom
#16 14.75 [INFO] Downloaded from central: https://repo.maven.apache.org/maven2/jakarta/xml/bind/jakarta.xml.bind-api/4.0.4/jakarta.xml.bind-api-4.0.4.pom (13 kB at 179 kB/s)
#16 14.75 [INFO] Downloading from central: https://repo.maven.apache.org/maven2/jakarta/xml/bind/jakarta.xml.bind-api-parent/4.0.4/jakarta.xml.bind-api-parent-4.0.4.pom
#16 14.81 [INFO] Downloaded from central: https://repo.maven.apache.org/maven2/jakarta/xml/bind/jakarta.xml.bind-api-parent/4.0.4/jakarta.xml.bind-api-parent-4.0.4.pom (9.1 kB at 150 kB/s)
#16 14.81 [INFO] Downloading from central: https://repo.maven.apache.org/maven2/jakarta/activation/jakarta.activation-api/2.1.4/jakarta.activation-api-2.1.4.pom
#16 14.88 [INFO] Downloaded from central: https://repo.maven.apache.org/maven2/jakarta/activation/jakarta.activation-api/2.1.4/jakarta.activation-api-2.1.4.pom (19 kB at 280 kB/s)
#16 14.88 [INFO] Downloading from central: https://repo.maven.apache.org/maven2/org/glassfish/jaxb/jaxb-runtime/4.0.6/jaxb-runtime-4.0.6.pom
#16 14.95 [INFO] Downloaded from central: https://repo.maven.apache.org/maven2/org/glassfish/jaxb/jaxb-runtime/4.0.6/jaxb-runtime-4.0.6.pom (11 kB at 175 kB/s)
#16 14.95 [INFO] Downloading from central: https://repo.maven.apache.org/maven2/com/sun/xml/bind/mvn/jaxb-runtime-parent/4.0.6/jaxb-runtime-parent-4.0.6.pom
#16 15.02 [INFO] Downloaded from central: https://repo.maven.apache.org/maven2/com/sun/xml/bind/mvn/jaxb-runtime-parent/4.0.6/jaxb-runtime-parent-4.0.6.pom (1.2 kB at 16 kB/s)
#16 15.02 [INFO] Downloading from central: https://repo.maven.apache.org/maven2/com/sun/xml/bind/mvn/jaxb-parent/4.0.6/jaxb-parent-4.0.6.pom
#16 15.10 [INFO] Downloaded from central: https://repo.maven.apache.org/maven2/com/sun/xml/bind/mvn/jaxb-parent/4.0.6/jaxb-parent-4.0.6.pom (35 kB at 473 kB/s)
#16 15.10 [INFO] Downloading from central: https://repo.maven.apache.org/maven2/com/sun/xml/bind/jaxb-bom-ext/4.0.6/jaxb-bom-ext-4.0.6.pom
#16 15.16 [INFO] Downloaded from central: https://repo.maven.apache.org/maven2/com/sun/xml/bind/jaxb-bom-ext/4.0.6/jaxb-bom-ext-4.0.6.pom (3.5 kB at 55 kB/s)
#16 15.17 [INFO] Downloading from central: https://repo.maven.apache.org/maven2/org/glassfish/jaxb/jaxb-bom/4.0.6/jaxb-bom-4.0.6.pom
#16 15.23 [INFO] Downloaded from central: https://repo.maven.apache.org/maven2/org/glassfish/jaxb/jaxb-bom/4.0.6/jaxb-bom-4.0.6.pom (12 kB at 182 kB/s)
#16 15.23 [INFO] Downloading from central: https://repo.maven.apache.org/maven2/org/glassfish/jaxb/jaxb-core/4.0.6/jaxb-core-4.0.6.pom
#16 15.30 [INFO] Downloaded from central: https://repo.maven.apache.org/maven2/org/glassfish/jaxb/jaxb-core/4.0.6/jaxb-core-4.0.6.pom (3.7 kB at 55 kB/s)
#16 15.31 [INFO] Downloading from central: https://repo.maven.apache.org/maven2/org/eclipse/angus/angus-activation/2.0.3/angus-activation-2.0.3.pom
#16 15.37 [INFO] Downloaded from central: https://repo.maven.apache.org/maven2/org/eclipse/angus/angus-activation/2.0.3/angus-activation-2.0.3.pom (4.0 kB at 61 kB/s)
#16 15.37 [INFO] Downloading from central: https://repo.maven.apache.org/maven2/org/eclipse/angus/angus-activation-project/2.0.3/angus-activation-project-2.0.3.pom
#16 15.44 [INFO] Downloaded from central: https://repo.maven.apache.org/maven2/org/eclipse/angus/angus-activation-project/2.0.3/angus-activation-project-2.0.3.pom (21 kB at 331 kB/s)
#16 15.44 [INFO] Downloading from central: https://repo.maven.apache.org/maven2/org/glassfish/jaxb/txw2/4.0.6/txw2-4.0.6.pom
#16 15.50 [INFO] Downloaded from central: https://repo.maven.apache.org/maven2/org/glassfish/jaxb/txw2/4.0.6/txw2-4.0.6.pom (1.8 kB at 29 kB/s)
#16 15.51 [INFO] Downloading from central: https://repo.maven.apache.org/maven2/com/sun/xml/bind/mvn/jaxb-txw-parent/4.0.6/jaxb-txw-parent-4.0.6.pom
#16 15.57 [INFO] Downloaded from central: https://repo.maven.apache.org/maven2/com/sun/xml/bind/mvn/jaxb-txw-parent/4.0.6/jaxb-txw-parent-4.0.6.pom (1.2 kB at 18 kB/s)
#16 15.58 [INFO] Downloading from central: https://repo.maven.apache.org/maven2/com/sun/istack/istack-commons-runtime/4.1.2/istack-commons-runtime-4.1.2.pom
#16 15.65 [INFO] Downloaded from central: https://repo.maven.apache.org/maven2/com/sun/istack/istack-commons-runtime/4.1.2/istack-commons-runtime-4.1.2.pom (1.6 kB at 23 kB/s)
#16 15.65 [INFO] Downloading from central: https://repo.maven.apache.org/maven2/com/sun/istack/istack-commons/4.1.2/istack-commons-4.1.2.pom
#16 15.72 [INFO] Downloaded from central: https://repo.maven.apache.org/maven2/com/sun/istack/istack-commons/4.1.2/istack-commons-4.1.2.pom (26 kB at 399 kB/s)
#16 15.73 [INFO] Downloading from central: https://repo.maven.apache.org/maven2/jakarta/inject/jakarta.inject-api/2.0.1/jakarta.inject-api-2.0.1.pom
#16 15.81 [INFO] Downloaded from central: https://repo.maven.apache.org/maven2/jakarta/inject/jakarta.inject-api/2.0.1/jakarta.inject-api-2.0.1.pom (5.9 kB at 73 kB/s)
#16 15.81 [INFO] Downloading from central: https://repo.maven.apache.org/maven2/org/antlr/antlr4-runtime/4.13.2/antlr4-runtime-4.13.2.pom
#16 15.88 [INFO] Downloaded from central: https://repo.maven.apache.org/maven2/org/antlr/antlr4-runtime/4.13.2/antlr4-runtime-4.13.2.pom (3.6 kB at 50 kB/s)
#16 15.89 [INFO] Downloading from central: https://repo.maven.apache.org/maven2/org/antlr/antlr4-master/4.13.2/antlr4-master-4.13.2.pom
#16 15.95 [INFO] Downloaded from central: https://repo.maven.apache.org/maven2/org/antlr/antlr4-master/4.13.2/antlr4-master-4.13.2.pom (4.8 kB at 73 kB/s)
#16 15.95 [INFO] Downloading from central: https://repo.maven.apache.org/maven2/org/sonatype/oss/oss-parent/9/oss-parent-9.pom
#16 16.02 [INFO] Downloaded from central: https://repo.maven.apache.org/maven2/org/sonatype/oss/oss-parent/9/oss-parent-9.pom (6.6 kB at 100 kB/s)
#16 16.02 [INFO] Downloading from central: https://repo.maven.apache.org/maven2/org/springframework/data/spring-data-jpa/4.0.3/spring-data-jpa-4.0.3.pom
#16 16.09 [INFO] Downloaded from central: https://repo.maven.apache.org/maven2/org/springframework/data/spring-data-jpa/4.0.3/spring-data-jpa-4.0.3.pom (13 kB at 201 kB/s)
#16 16.09 [INFO] Downloading from central: https://repo.maven.apache.org/maven2/org/springframework/data/spring-data-jpa-parent/4.0.3/spring-data-jpa-parent-4.0.3.pom
#16 16.16 [INFO] Downloaded from central: https://repo.maven.apache.org/maven2/org/springframework/data/spring-data-jpa-parent/4.0.3/spring-data-jpa-parent-4.0.3.pom (5.5 kB at 79 kB/s)
#16 16.17 [INFO] Downloading from central: https://repo.maven.apache.org/maven2/org/springframework/spring-aspects/7.0.5/spring-aspects-7.0.5.pom
#16 16.23 [INFO] Downloaded from central: https://repo.maven.apache.org/maven2/org/springframework/spring-aspects/7.0.5/spring-aspects-7.0.5.pom (2.0 kB at 30 kB/s)
#16 16.24 [INFO] Downloading from central: https://repo.maven.apache.org/maven2/org/aspectj/aspectjweaver/1.9.25.1/aspectjweaver-1.9.25.1.pom
#16 16.31 [INFO] Downloaded from central: https://repo.maven.apache.org/maven2/org/aspectj/aspectjweaver/1.9.25.1/aspectjweaver-1.9.25.1.pom (1.7 kB at 22 kB/s)
#16 16.32 [INFO] Downloading from central: https://repo.maven.apache.org/maven2/org/springframework/boot/spring-boot-starter-security/4.0.3/spring-boot-starter-security-4.0.3.pom
#16 16.39 [INFO] Downloaded from central: https://repo.maven.apache.org/maven2/org/springframework/boot/spring-boot-starter-security/4.0.3/spring-boot-starter-security-4.0.3.pom (2.5 kB at 36 kB/s)
#16 16.39 [INFO] Downloading from central: https://repo.maven.apache.org/maven2/org/springframework/boot/spring-boot-security/4.0.3/spring-boot-security-4.0.3.pom
#16 16.46 [INFO] Downloaded from central: https://repo.maven.apache.org/maven2/org/springframework/boot/spring-boot-security/4.0.3/spring-boot-security-4.0.3.pom (2.4 kB at 37 kB/s)
#16 16.46 [INFO] Downloading from central: https://repo.maven.apache.org/maven2/org/springframework/security/spring-security-config/7.0.3/spring-security-config-7.0.3.pom
#16 16.54 [INFO] Downloaded from central: https://repo.maven.apache.org/maven2/org/springframework/security/spring-security-config/7.0.3/spring-security-config-7.0.3.pom (2.8 kB at 35 kB/s)
#16 16.54 [INFO] Downloading from central: https://repo.maven.apache.org/maven2/org/springframework/security/spring-security-core/7.0.3/spring-security-core-7.0.3.pom
#16 16.61 [INFO] Downloaded from central: https://repo.maven.apache.org/maven2/org/springframework/security/spring-security-core/7.0.3/spring-security-core-7.0.3.pom (3.2 kB at 52 kB/s)
#16 16.61 [INFO] Downloading from central: https://repo.maven.apache.org/maven2/org/springframework/security/spring-security-crypto/7.0.3/spring-security-crypto-7.0.3.pom
#16 16.68 [INFO] Downloaded from central: https://repo.maven.apache.org/maven2/org/springframework/security/spring-security-crypto/7.0.3/spring-security-crypto-7.0.3.pom (1.9 kB at 28 kB/s)
#16 16.68 [INFO] Downloading from central: https://repo.maven.apache.org/maven2/org/springframework/security/spring-security-web/7.0.3/spring-security-web-7.0.3.pom
#16 16.74 [INFO] Downloaded from central: https://repo.maven.apache.org/maven2/org/springframework/security/spring-security-web/7.0.3/spring-security-web-7.0.3.pom (3.2 kB at 51 kB/s)
#16 16.75 [INFO] Downloading from central: https://repo.maven.apache.org/maven2/org/springframework/spring-web/7.0.5/spring-web-7.0.5.pom
#16 16.81 [INFO] Downloaded from central: https://repo.maven.apache.org/maven2/org/springframework/spring-web/7.0.5/spring-web-7.0.5.pom (2.4 kB at 40 kB/s)
#16 16.81 [INFO] Downloading from central: https://repo.maven.apache.org/maven2/org/springframework/boot/spring-boot-starter-webmvc/4.0.3/spring-boot-starter-webmvc-4.0.3.pom
#16 16.87 [INFO] Downloaded from central: https://repo.maven.apache.org/maven2/org/springframework/boot/spring-boot-starter-webmvc/4.0.3/spring-boot-starter-webmvc-4.0.3.pom (2.9 kB at 45 kB/s)
#16 16.88 [INFO] Downloading from central: https://repo.maven.apache.org/maven2/org/springframework/boot/spring-boot-starter-jackson/4.0.3/spring-boot-starter-jackson-4.0.3.pom
#16 16.94 [INFO] Downloaded from central: https://repo.maven.apache.org/maven2/org/springframework/boot/spring-boot-starter-jackson/4.0.3/spring-boot-starter-jackson-4.0.3.pom (2.3 kB at 35 kB/s)
#16 16.95 [INFO] Downloading from central: https://repo.maven.apache.org/maven2/org/springframework/boot/spring-boot-jackson/4.0.3/spring-boot-jackson-4.0.3.pom
#16 17.01 [INFO] Downloaded from central: https://repo.maven.apache.org/maven2/org/springframework/boot/spring-boot-jackson/4.0.3/spring-boot-jackson-4.0.3.pom (2.2 kB at 34 kB/s)
#16 17.01 [INFO] Downloading from central: https://repo.maven.apache.org/maven2/tools/jackson/core/jackson-databind/3.0.4/jackson-databind-3.0.4.pom
#16 17.09 [INFO] Downloaded from central: https://repo.maven.apache.org/maven2/tools/jackson/core/jackson-databind/3.0.4/jackson-databind-3.0.4.pom (18 kB at 240 kB/s)
#16 17.09 [INFO] Downloading from central: https://repo.maven.apache.org/maven2/tools/jackson/jackson-base/3.0.4/jackson-base-3.0.4.pom
#16 17.16 [INFO] Downloaded from central: https://repo.maven.apache.org/maven2/tools/jackson/jackson-base/3.0.4/jackson-base-3.0.4.pom (16 kB at 218 kB/s)
#16 17.17 [INFO] Downloading from central: https://repo.maven.apache.org/maven2/com/fasterxml/jackson/core/jackson-annotations/2.20/jackson-annotations-2.20.pom
#16 17.24 [INFO] Downloaded from central: https://repo.maven.apache.org/maven2/com/fasterxml/jackson/core/jackson-annotations/2.20/jackson-annotations-2.20.pom (7.0 kB at 100 kB/s)
#16 17.25 [INFO] Downloading from central: https://repo.maven.apache.org/maven2/tools/jackson/core/jackson-core/3.0.4/jackson-core-3.0.4.pom
#16 17.31 [INFO] Downloaded from central: https://repo.maven.apache.org/maven2/tools/jackson/core/jackson-core/3.0.4/jackson-core-3.0.4.pom (10 kB at 159 kB/s)
#16 17.31 [INFO] Downloading from central: https://repo.maven.apache.org/maven2/org/springframework/boot/spring-boot-starter-tomcat/4.0.3/spring-boot-starter-tomcat-4.0.3.pom
#16 17.38 [INFO] Downloaded from central: https://repo.maven.apache.org/maven2/org/springframework/boot/spring-boot-starter-tomcat/4.0.3/spring-boot-starter-tomcat-4.0.3.pom (2.5 kB at 40 kB/s)
#16 17.38 [INFO] Downloading from central: https://repo.maven.apache.org/maven2/org/springframework/boot/spring-boot-starter-tomcat-runtime/4.0.3/spring-boot-starter-tomcat-runtime-4.0.3.pom
#16 17.45 [INFO] Downloaded from central: https://repo.maven.apache.org/maven2/org/springframework/boot/spring-boot-starter-tomcat-runtime/4.0.3/spring-boot-starter-tomcat-runtime-4.0.3.pom (3.7 kB at 54 kB/s)
#16 17.45 [INFO] Downloading from central: https://repo.maven.apache.org/maven2/org/springframework/boot/spring-boot-tomcat/4.0.3/spring-boot-tomcat-4.0.3.pom
#16 17.51 [INFO] Downloaded from central: https://repo.maven.apache.org/maven2/org/springframework/boot/spring-boot-tomcat/4.0.3/spring-boot-tomcat-4.0.3.pom (2.6 kB at 43 kB/s)
#16 17.52 [INFO] Downloading from central: https://repo.maven.apache.org/maven2/org/springframework/boot/spring-boot-web-server/4.0.3/spring-boot-web-server-4.0.3.pom
#16 17.58 [INFO] Downloaded from central: https://repo.maven.apache.org/maven2/org/springframework/boot/spring-boot-web-server/4.0.3/spring-boot-web-server-4.0.3.pom (2.2 kB at 34 kB/s)
#16 17.59 [INFO] Downloading from central: https://repo.maven.apache.org/maven2/org/apache/tomcat/embed/tomcat-embed-core/11.0.18/tomcat-embed-core-11.0.18.pom
#16 17.66 [INFO] Downloaded from central: https://repo.maven.apache.org/maven2/org/apache/tomcat/embed/tomcat-embed-core/11.0.18/tomcat-embed-core-11.0.18.pom (1.8 kB at 23 kB/s)
#16 17.67 [INFO] Downloading from central: https://repo.maven.apache.org/maven2/org/apache/tomcat/embed/tomcat-embed-el/11.0.18/tomcat-embed-el-11.0.18.pom
#16 17.74 [INFO] Downloaded from central: https://repo.maven.apache.org/maven2/org/apache/tomcat/embed/tomcat-embed-el/11.0.18/tomcat-embed-el-11.0.18.pom (1.5 kB at 22 kB/s)
#16 17.74 [INFO] Downloading from central: https://repo.maven.apache.org/maven2/org/apache/tomcat/embed/tomcat-embed-websocket/11.0.18/tomcat-embed-websocket-11.0.18.pom
#16 17.81 [INFO] Downloaded from central: https://repo.maven.apache.org/maven2/org/apache/tomcat/embed/tomcat-embed-websocket/11.0.18/tomcat-embed-websocket-11.0.18.pom (1.8 kB at 26 kB/s)
#16 17.81 [INFO] Downloading from central: https://repo.maven.apache.org/maven2/org/springframework/boot/spring-boot-http-converter/4.0.3/spring-boot-http-converter-4.0.3.pom
#16 17.89 [INFO] Downloaded from central: https://repo.maven.apache.org/maven2/org/springframework/boot/spring-boot-http-converter/4.0.3/spring-boot-http-converter-4.0.3.pom (2.2 kB at 29 kB/s)
#16 17.89 [INFO] Downloading from central: https://repo.maven.apache.org/maven2/org/springframework/boot/spring-boot-webmvc/4.0.3/spring-boot-webmvc-4.0.3.pom
#16 17.96 [INFO] Downloaded from central: https://repo.maven.apache.org/maven2/org/springframework/boot/spring-boot-webmvc/4.0.3/spring-boot-webmvc-4.0.3.pom (2.6 kB at 37 kB/s)
#16 17.97 [INFO] Downloading from central: https://repo.maven.apache.org/maven2/org/springframework/boot/spring-boot-servlet/4.0.3/spring-boot-servlet-4.0.3.pom
#16 18.03 [INFO] Downloaded from central: https://repo.maven.apache.org/maven2/org/springframework/boot/spring-boot-servlet/4.0.3/spring-boot-servlet-4.0.3.pom (2.2 kB at 33 kB/s)
#16 18.04 [INFO] Downloading from central: https://repo.maven.apache.org/maven2/org/springframework/spring-webmvc/7.0.5/spring-webmvc-7.0.5.pom
#16 18.10 [INFO] Downloaded from central: https://repo.maven.apache.org/maven2/org/springframework/spring-webmvc/7.0.5/spring-webmvc-7.0.5.pom (3.0 kB at 44 kB/s)
#16 18.11 [INFO] Downloading from central: https://repo.maven.apache.org/maven2/org/postgresql/postgresql/42.7.10/postgresql-42.7.10.pom
#16 18.17 [INFO] Downloaded from central: https://repo.maven.apache.org/maven2/org/postgresql/postgresql/42.7.10/postgresql-42.7.10.pom (2.7 kB at 42 kB/s)
#16 18.18 [INFO] Downloading from central: https://repo.maven.apache.org/maven2/org/checkerframework/checker-qual/3.52.0/checker-qual-3.52.0.pom
#16 18.25 [INFO] Downloaded from central: https://repo.maven.apache.org/maven2/org/checkerframework/checker-qual/3.52.0/checker-qual-3.52.0.pom (2.1 kB at 30 kB/s)
#16 18.25 [INFO] Downloading from central: https://repo.maven.apache.org/maven2/org/projectlombok/lombok/1.18.42/lombok-1.18.42.pom
#16 18.33 [INFO] Downloaded from central: https://repo.maven.apache.org/maven2/org/projectlombok/lombok/1.18.42/lombok-1.18.42.pom (1.5 kB at 19 kB/s)
#16 18.33 [INFO] Downloading from central: https://repo.maven.apache.org/maven2/io/jsonwebtoken/jjwt-api/0.11.5/jjwt-api-0.11.5.pom
#16 18.40 [INFO] Downloaded from central: https://repo.maven.apache.org/maven2/io/jsonwebtoken/jjwt-api/0.11.5/jjwt-api-0.11.5.pom (1.8 kB at 26 kB/s)
#16 18.40 [INFO] Downloading from central: https://repo.maven.apache.org/maven2/io/jsonwebtoken/jjwt-root/0.11.5/jjwt-root-0.11.5.pom
#16 18.48 [INFO] Downloaded from central: https://repo.maven.apache.org/maven2/io/jsonwebtoken/jjwt-root/0.11.5/jjwt-root-0.11.5.pom (29 kB at 367 kB/s)
#16 18.48 [INFO] Downloading from central: https://repo.maven.apache.org/maven2/io/jsonwebtoken/jjwt-impl/0.11.5/jjwt-impl-0.11.5.pom
#16 18.56 [INFO] Downloaded from central: https://repo.maven.apache.org/maven2/io/jsonwebtoken/jjwt-impl/0.11.5/jjwt-impl-0.11.5.pom (2.3 kB at 32 kB/s)
#16 18.56 [INFO] Downloading from central: https://repo.maven.apache.org/maven2/io/jsonwebtoken/jjwt-jackson/0.11.5/jjwt-jackson-0.11.5.pom
#16 18.63 [INFO] Downloaded from central: https://repo.maven.apache.org/maven2/io/jsonwebtoken/jjwt-jackson/0.11.5/jjwt-jackson-0.11.5.pom (3.3 kB at 48 kB/s)
#16 18.63 [INFO] Downloading from central: https://repo.maven.apache.org/maven2/com/fasterxml/jackson/core/jackson-databind/2.20.2/jackson-databind-2.20.2.pom
#16 18.70 [INFO] Downloaded from central: https://repo.maven.apache.org/maven2/com/fasterxml/jackson/core/jackson-databind/2.20.2/jackson-databind-2.20.2.pom (23 kB at 332 kB/s)
#16 18.70 [INFO] Downloading from central: https://repo.maven.apache.org/maven2/com/fasterxml/jackson/jackson-base/2.20.2/jackson-base-2.20.2.pom
#16 18.77 [INFO] Downloaded from central: https://repo.maven.apache.org/maven2/com/fasterxml/jackson/jackson-base/2.20.2/jackson-base-2.20.2.pom (13 kB at 189 kB/s)
#16 18.78 [INFO] Downloading from central: https://repo.maven.apache.org/maven2/com/fasterxml/jackson/core/jackson-core/2.20.2/jackson-core-2.20.2.pom
#16 18.85 [INFO] Downloaded from central: https://repo.maven.apache.org/maven2/com/fasterxml/jackson/core/jackson-core/2.20.2/jackson-core-2.20.2.pom (9.7 kB at 143 kB/s)
#16 18.85 [INFO] Downloading from central: https://repo.maven.apache.org/maven2/org/springframework/boot/spring-boot-starter-validation/4.0.3/spring-boot-starter-validation-4.0.3.pom
#16 18.93 [INFO] Downloaded from central: https://repo.maven.apache.org/maven2/org/springframework/boot/spring-boot-starter-validation/4.0.3/spring-boot-starter-validation-4.0.3.pom (2.3 kB at 31 kB/s)
#16 18.93 [INFO] Downloading from central: https://repo.maven.apache.org/maven2/org/springframework/boot/spring-boot-validation/4.0.3/spring-boot-validation-4.0.3.pom
#16 18.99 [INFO] Downloaded from central: https://repo.maven.apache.org/maven2/org/springframework/boot/spring-boot-validation/4.0.3/spring-boot-validation-4.0.3.pom (2.4 kB at 37 kB/s)
#16 19.00 [INFO] Downloading from central: https://repo.maven.apache.org/maven2/org/hibernate/validator/hibernate-validator/9.0.1.Final/hibernate-validator-9.0.1.Final.pom
#16 19.07 [INFO] Downloaded from central: https://repo.maven.apache.org/maven2/org/hibernate/validator/hibernate-validator/9.0.1.Final/hibernate-validator-9.0.1.Final.pom (5.0 kB at 75 kB/s)
#16 19.07 [INFO] Downloading from central: https://repo.maven.apache.org/maven2/jakarta/validation/jakarta.validation-api/3.1.1/jakarta.validation-api-3.1.1.pom
#16 19.15 [INFO] Downloaded from central: https://repo.maven.apache.org/maven2/jakarta/validation/jakarta.validation-api/3.1.1/jakarta.validation-api-3.1.1.pom (11 kB at 131 kB/s)
#16 19.16 [INFO] Downloading from central: https://repo.maven.apache.org/maven2/org/springframework/boot/spring-boot-starter-mail/4.0.3/spring-boot-starter-mail-4.0.3.pom
#16 19.23 [INFO] Downloaded from central: https://repo.maven.apache.org/maven2/org/springframework/boot/spring-boot-starter-mail/4.0.3/spring-boot-starter-mail-4.0.3.pom (2.3 kB at 32 kB/s)
#16 19.23 [INFO] Downloading from central: https://repo.maven.apache.org/maven2/org/springframework/boot/spring-boot-mail/4.0.3/spring-boot-mail-4.0.3.pom
#16 19.30 [INFO] Downloaded from central: https://repo.maven.apache.org/maven2/org/springframework/boot/spring-boot-mail/4.0.3/spring-boot-mail-4.0.3.pom (2.6 kB at 40 kB/s)
#16 19.30 [INFO] Downloading from central: https://repo.maven.apache.org/maven2/org/springframework/spring-context-support/7.0.5/spring-context-support-7.0.5.pom
#16 19.36 [INFO] Downloaded from central: https://repo.maven.apache.org/maven2/org/springframework/spring-context-support/7.0.5/spring-context-support-7.0.5.pom (2.4 kB at 38 kB/s)
#16 19.37 [INFO] Downloading from central: https://repo.maven.apache.org/maven2/jakarta/mail/jakarta.mail-api/2.1.5/jakarta.mail-api-2.1.5.pom
#16 19.43 [INFO] Downloaded from central: https://repo.maven.apache.org/maven2/jakarta/mail/jakarta.mail-api/2.1.5/jakarta.mail-api-2.1.5.pom (22 kB at 330 kB/s)
#16 19.44 [INFO] Downloading from central: https://repo.maven.apache.org/maven2/org/eclipse/angus/angus-mail/2.0.5/angus-mail-2.0.5.pom
#16 19.50 [INFO] Downloaded from central: https://repo.maven.apache.org/maven2/org/eclipse/angus/angus-mail/2.0.5/angus-mail-2.0.5.pom (8.0 kB at 127 kB/s)
#16 19.50 [INFO] Downloading from central: https://repo.maven.apache.org/maven2/org/eclipse/angus/all/2.0.5/all-2.0.5.pom
#16 19.57 [INFO] Downloaded from central: https://repo.maven.apache.org/maven2/org/eclipse/angus/all/2.0.5/all-2.0.5.pom (32 kB at 483 kB/s)
#16 19.57 [INFO] Downloading from central: https://repo.maven.apache.org/maven2/org/springframework/boot/spring-boot-starter-webflux/4.0.3/spring-boot-starter-webflux-4.0.3.pom
#16 19.64 [INFO] Downloaded from central: https://repo.maven.apache.org/maven2/org/springframework/boot/spring-boot-starter-webflux/4.0.3/spring-boot-starter-webflux-4.0.3.pom (2.7 kB at 38 kB/s)
#16 19.65 [INFO] Downloading from central: https://repo.maven.apache.org/maven2/org/springframework/boot/spring-boot-starter-reactor-netty/4.0.3/spring-boot-starter-reactor-netty-4.0.3.pom
#16 19.71 [INFO] Downloaded from central: https://repo.maven.apache.org/maven2/org/springframework/boot/spring-boot-starter-reactor-netty/4.0.3/spring-boot-starter-reactor-netty-4.0.3.pom (2.5 kB at 39 kB/s)
#16 19.71 [INFO] Downloading from central: https://repo.maven.apache.org/maven2/org/springframework/boot/spring-boot-reactor/4.0.3/spring-boot-reactor-4.0.3.pom
#16 19.78 [INFO] Downloaded from central: https://repo.maven.apache.org/maven2/org/springframework/boot/spring-boot-reactor/4.0.3/spring-boot-reactor-4.0.3.pom (2.2 kB at 34 kB/s)
#16 19.78 [INFO] Downloading from central: https://repo.maven.apache.org/maven2/io/projectreactor/reactor-core/3.8.3/reactor-core-3.8.3.pom
#16 19.84 [INFO] Downloaded from central: https://repo.maven.apache.org/maven2/io/projectreactor/reactor-core/3.8.3/reactor-core-3.8.3.pom (2.3 kB at 37 kB/s)
#16 19.85 [INFO] Downloading from central: https://repo.maven.apache.org/maven2/org/reactivestreams/reactive-streams/1.0.4/reactive-streams-1.0.4.pom
#16 19.91 [INFO] Downloaded from central: https://repo.maven.apache.org/maven2/org/reactivestreams/reactive-streams/1.0.4/reactive-streams-1.0.4.pom (1.1 kB at 17 kB/s)
#16 19.92 [INFO] Downloading from central: https://repo.maven.apache.org/maven2/org/springframework/boot/spring-boot-reactor-netty/4.0.3/spring-boot-reactor-netty-4.0.3.pom
#16 19.99 [INFO] Downloaded from central: https://repo.maven.apache.org/maven2/org/springframework/boot/spring-boot-reactor-netty/4.0.3/spring-boot-reactor-netty-4.0.3.pom (2.6 kB at 36 kB/s)
#16 20.00 [INFO] Downloading from central: https://repo.maven.apache.org/maven2/io/projectreactor/netty/reactor-netty-http/1.3.3/reactor-netty-http-1.3.3.pom
#16 20.07 [INFO] Downloaded from central: https://repo.maven.apache.org/maven2/io/projectreactor/netty/reactor-netty-http/1.3.3/reactor-netty-http-1.3.3.pom (5.0 kB at 69 kB/s)
#16 20.07 [INFO] Downloading from central: https://repo.maven.apache.org/maven2/io/netty/netty-codec-http/4.2.10.Final/netty-codec-http-4.2.10.Final.pom
#16 20.15 [INFO] Downloaded from central: https://repo.maven.apache.org/maven2/io/netty/netty-codec-http/4.2.10.Final/netty-codec-http-4.2.10.Final.pom (5.7 kB at 73 kB/s)
#16 20.15 [INFO] Downloading from central: https://repo.maven.apache.org/maven2/io/netty/netty-parent/4.2.10.Final/netty-parent-4.2.10.Final.pom
#16 20.23 [INFO] Downloaded from central: https://repo.maven.apache.org/maven2/io/netty/netty-parent/4.2.10.Final/netty-parent-4.2.10.Final.pom (83 kB at 1.1 MB/s)
#16 20.23 [INFO] Downloading from central: https://repo.maven.apache.org/maven2/org/bouncycastle/bc-jdk18on-bom/1.83/bc-jdk18on-bom-1.83.pom
#16 20.30 [INFO] Downloaded from central: https://repo.maven.apache.org/maven2/org/bouncycastle/bc-jdk18on-bom/1.83/bc-jdk18on-bom-1.83.pom (3.1 kB at 45 kB/s)
#16 20.31 [INFO] Downloading from central: https://repo.maven.apache.org/maven2/io/netty/netty-common/4.2.10.Final/netty-common-4.2.10.Final.pom
#16 20.38 [INFO] Downloaded from central: https://repo.maven.apache.org/maven2/io/netty/netty-common/4.2.10.Final/netty-common-4.2.10.Final.pom (12 kB at 162 kB/s)
#16 20.39 [INFO] Downloading from central: https://repo.maven.apache.org/maven2/io/netty/netty-buffer/4.2.10.Final/netty-buffer-4.2.10.Final.pom
#16 20.45 [INFO] Downloaded from central: https://repo.maven.apache.org/maven2/io/netty/netty-buffer/4.2.10.Final/netty-buffer-4.2.10.Final.pom (5.5 kB at 85 kB/s)
#16 20.46 [INFO] Downloading from central: https://repo.maven.apache.org/maven2/io/netty/netty-transport/4.2.10.Final/netty-transport-4.2.10.Final.pom
#16 20.53 [INFO] Downloaded from central: https://repo.maven.apache.org/maven2/io/netty/netty-transport/4.2.10.Final/netty-transport-4.2.10.Final.pom (3.4 kB at 48 kB/s)
#16 20.54 [INFO] Downloading from central: https://repo.maven.apache.org/maven2/io/netty/netty-resolver/4.2.10.Final/netty-resolver-4.2.10.Final.pom
#16 20.61 [INFO] Downloaded from central: https://repo.maven.apache.org/maven2/io/netty/netty-resolver/4.2.10.Final/netty-resolver-4.2.10.Final.pom (2.7 kB at 38 kB/s)
#16 20.61 [INFO] Downloading from central: https://repo.maven.apache.org/maven2/io/netty/netty-codec-base/4.2.10.Final/netty-codec-base-4.2.10.Final.pom
#16 20.68 [INFO] Downloaded from central: https://repo.maven.apache.org/maven2/io/netty/netty-codec-base/4.2.10.Final/netty-codec-base-4.2.10.Final.pom (3.6 kB at 56 kB/s)
#16 20.68 [INFO] Downloading from central: https://repo.maven.apache.org/maven2/io/netty/netty-codec-compression/4.2.10.Final/netty-codec-compression-4.2.10.Final.pom
#16 20.74 [INFO] Downloaded from central: https://repo.maven.apache.org/maven2/io/netty/netty-codec-compression/4.2.10.Final/netty-codec-compression-4.2.10.Final.pom (5.9 kB at 94 kB/s)
#16 20.75 [INFO] Downloading from central: https://repo.maven.apache.org/maven2/io/netty/netty-handler/4.2.10.Final/netty-handler-4.2.10.Final.pom
#16 20.81 [INFO] Downloaded from central: https://repo.maven.apache.org/maven2/io/netty/netty-handler/4.2.10.Final/netty-handler-4.2.10.Final.pom (7.0 kB at 116 kB/s)
#16 20.81 [INFO] Downloading from central: https://repo.maven.apache.org/maven2/io/netty/netty-transport-native-unix-common/4.2.10.Final/netty-transport-native-unix-common-4.2.10.Final.pom
#16 20.89 [INFO] Downloaded from central: https://repo.maven.apache.org/maven2/io/netty/netty-transport-native-unix-common/4.2.10.Final/netty-transport-native-unix-common-4.2.10.Final.pom (34 kB at 414 kB/s)
#16 20.90 [INFO] Downloading from central: https://repo.maven.apache.org/maven2/io/netty/netty-codec-http2/4.2.10.Final/netty-codec-http2-4.2.10.Final.pom
#16 20.97 [INFO] Downloaded from central: https://repo.maven.apache.org/maven2/io/netty/netty-codec-http2/4.2.10.Final/netty-codec-http2-4.2.10.Final.pom (6.7 kB at 101 kB/s)
#16 20.97 [INFO] Downloading from central: https://repo.maven.apache.org/maven2/io/netty/netty-codec-http3/4.2.10.Final/netty-codec-http3-4.2.10.Final.pom
#16 21.03 [INFO] Downloaded from central: https://repo.maven.apache.org/maven2/io/netty/netty-codec-http3/4.2.10.Final/netty-codec-http3-4.2.10.Final.pom (19 kB at 308 kB/s)
#16 21.04 [INFO] Downloading from central: https://repo.maven.apache.org/maven2/io/netty/netty-codec-classes-quic/4.2.10.Final/netty-codec-classes-quic-4.2.10.Final.pom
#16 21.10 [INFO] Downloaded from central: https://repo.maven.apache.org/maven2/io/netty/netty-codec-classes-quic/4.2.10.Final/netty-codec-classes-quic-4.2.10.Final.pom (2.9 kB at 44 kB/s)
#16 21.11 [INFO] Downloading from central: https://repo.maven.apache.org/maven2/io/netty/netty-codec-native-quic/4.2.10.Final/netty-codec-native-quic-4.2.10.Final.pom
#16 21.18 [INFO] Downloaded from central: https://repo.maven.apache.org/maven2/io/netty/netty-codec-native-quic/4.2.10.Final/netty-codec-native-quic-4.2.10.Final.pom (61 kB at 840 kB/s)
#16 21.21 [INFO] Downloading from central: https://repo.maven.apache.org/maven2/io/netty/netty-resolver-dns/4.2.10.Final/netty-resolver-dns-4.2.10.Final.pom
#16 21.28 [INFO] Downloaded from central: https://repo.maven.apache.org/maven2/io/netty/netty-resolver-dns/4.2.10.Final/netty-resolver-dns-4.2.10.Final.pom (4.3 kB at 67 kB/s)
#16 21.28 [INFO] Downloading from central: https://repo.maven.apache.org/maven2/io/netty/netty-codec-dns/4.2.10.Final/netty-codec-dns-4.2.10.Final.pom
#16 21.35 [INFO] Downloaded from central: https://repo.maven.apache.org/maven2/io/netty/netty-codec-dns/4.2.10.Final/netty-codec-dns-4.2.10.Final.pom (3.8 kB at 57 kB/s)
#16 21.35 [INFO] Downloading from central: https://repo.maven.apache.org/maven2/io/netty/netty-resolver-dns-native-macos/4.2.10.Final/netty-resolver-dns-native-macos-4.2.10.Final.pom
#16 21.42 [INFO] Downloaded from central: https://repo.maven.apache.org/maven2/io/netty/netty-resolver-dns-native-macos/4.2.10.Final/netty-resolver-dns-native-macos-4.2.10.Final.pom (22 kB at 336 kB/s)
#16 21.42 [INFO] Downloading from central: https://repo.maven.apache.org/maven2/io/netty/netty-resolver-dns-classes-macos/4.2.10.Final/netty-resolver-dns-classes-macos-4.2.10.Final.pom
#16 21.49 [INFO] Downloaded from central: https://repo.maven.apache.org/maven2/io/netty/netty-resolver-dns-classes-macos/4.2.10.Final/netty-resolver-dns-classes-macos-4.2.10.Final.pom (2.8 kB at 41 kB/s)
#16 21.50 [INFO] Downloading from central: https://repo.maven.apache.org/maven2/io/netty/netty-transport-native-epoll/4.2.10.Final/netty-transport-native-epoll-4.2.10.Final.pom
#16 21.56 [INFO] Downloaded from central: https://repo.maven.apache.org/maven2/io/netty/netty-transport-native-epoll/4.2.10.Final/netty-transport-native-epoll-4.2.10.Final.pom (32 kB at 491 kB/s)
#16 21.57 [INFO] Downloading from central: https://repo.maven.apache.org/maven2/io/netty/netty-transport-classes-epoll/4.2.10.Final/netty-transport-classes-epoll-4.2.10.Final.pom
#16 21.63 [INFO] Downloaded from central: https://repo.maven.apache.org/maven2/io/netty/netty-transport-classes-epoll/4.2.10.Final/netty-transport-classes-epoll-4.2.10.Final.pom (2.9 kB at 44 kB/s)
#16 21.64 [INFO] Downloading from central: https://repo.maven.apache.org/maven2/io/projectreactor/netty/reactor-netty-core/1.3.3/reactor-netty-core-1.3.3.pom
#16 21.70 [INFO] Downloaded from central: https://repo.maven.apache.org/maven2/io/projectreactor/netty/reactor-netty-core/1.3.3/reactor-netty-core-1.3.3.pom (4.3 kB at 66 kB/s)
#16 21.71 [INFO] Downloading from central: https://repo.maven.apache.org/maven2/io/netty/netty-handler-proxy/4.2.10.Final/netty-handler-proxy-4.2.10.Final.pom
#16 21.77 [INFO] Downloaded from central: https://repo.maven.apache.org/maven2/io/netty/netty-handler-proxy/4.2.10.Final/netty-handler-proxy-4.2.10.Final.pom (4.8 kB at 71 kB/s)
#16 21.78 [INFO] Downloading from central: https://repo.maven.apache.org/maven2/io/netty/netty-codec-socks/4.2.10.Final/netty-codec-socks-4.2.10.Final.pom
#16 21.84 [INFO] Downloaded from central: https://repo.maven.apache.org/maven2/io/netty/netty-codec-socks/4.2.10.Final/netty-codec-socks-4.2.10.Final.pom (3.7 kB at 56 kB/s)
#16 21.85 [INFO] Downloading from central: https://repo.maven.apache.org/maven2/org/springframework/boot/spring-boot-netty/4.0.3/spring-boot-netty-4.0.3.pom
#16 21.91 [INFO] Downloaded from central: https://repo.maven.apache.org/maven2/org/springframework/boot/spring-boot-netty/4.0.3/spring-boot-netty-4.0.3.pom (2.2 kB at 34 kB/s)
#16 21.91 [INFO] Downloading from central: https://repo.maven.apache.org/maven2/org/springframework/boot/spring-boot-webflux/4.0.3/spring-boot-webflux-4.0.3.pom
#16 21.99 [INFO] Downloaded from central: https://repo.maven.apache.org/maven2/org/springframework/boot/spring-boot-webflux/4.0.3/spring-boot-webflux-4.0.3.pom (2.6 kB at 34 kB/s)
#16 21.99 [INFO] Downloading from central: https://repo.maven.apache.org/maven2/org/springframework/boot/spring-boot-http-codec/4.0.3/spring-boot-http-codec-4.0.3.pom
#16 22.06 [INFO] Downloaded from central: https://repo.maven.apache.org/maven2/org/springframework/boot/spring-boot-http-codec/4.0.3/spring-boot-http-codec-4.0.3.pom (2.2 kB at 33 kB/s)
#16 22.06 [INFO] Downloading from central: https://repo.maven.apache.org/maven2/org/springframework/spring-webflux/7.0.5/spring-webflux-7.0.5.pom
#16 22.13 [INFO] Downloaded from central: https://repo.maven.apache.org/maven2/org/springframework/spring-webflux/7.0.5/spring-webflux-7.0.5.pom (2.6 kB at 42 kB/s)
#16 22.13 [INFO] Downloading from central: https://repo.maven.apache.org/maven2/com/google/code/gson/gson/2.10.1/gson-2.10.1.pom
#16 22.19 [INFO] Downloaded from central: https://repo.maven.apache.org/maven2/com/google/code/gson/gson/2.10.1/gson-2.10.1.pom (9.4 kB at 144 kB/s)
#16 22.20 [INFO] Downloading from central: https://repo.maven.apache.org/maven2/com/google/code/gson/gson-parent/2.10.1/gson-parent-2.10.1.pom
#16 22.26 [INFO] Downloaded from central: https://repo.maven.apache.org/maven2/com/google/code/gson/gson-parent/2.10.1/gson-parent-2.10.1.pom (13 kB at 190 kB/s)
#16 22.26 [INFO] Downloading from central: https://repo.maven.apache.org/maven2/org/springframework/boot/spring-boot-starter-oauth2-client/4.0.3/spring-boot-starter-oauth2-client-4.0.3.pom
#16 22.34 [INFO] Downloaded from central: https://repo.maven.apache.org/maven2/org/springframework/boot/spring-boot-starter-oauth2-client/4.0.3/spring-boot-starter-oauth2-client-4.0.3.pom (2.8 kB at 39 kB/s)
#16 22.34 [INFO] Downloading from central: https://repo.maven.apache.org/maven2/org/springframework/boot/spring-boot-security-oauth2-client/4.0.3/spring-boot-security-oauth2-client-4.0.3.pom
#16 22.41 [INFO] Downloaded from central: https://repo.maven.apache.org/maven2/org/springframework/boot/spring-boot-security-oauth2-client/4.0.3/spring-boot-security-oauth2-client-4.0.3.pom (2.5 kB at 37 kB/s)
#16 22.41 [INFO] Downloading from central: https://repo.maven.apache.org/maven2/org/springframework/security/spring-security-oauth2-client/7.0.3/spring-security-oauth2-client-7.0.3.pom
#16 22.48 [INFO] Downloaded from central: https://repo.maven.apache.org/maven2/org/springframework/security/spring-security-oauth2-client/7.0.3/spring-security-oauth2-client-7.0.3.pom (2.9 kB at 44 kB/s)
#16 22.48 [INFO] Downloading from central: https://repo.maven.apache.org/maven2/org/springframework/security/spring-security-oauth2-core/7.0.3/spring-security-oauth2-core-7.0.3.pom
#16 22.55 [INFO] Downloaded from central: https://repo.maven.apache.org/maven2/org/springframework/security/spring-security-oauth2-core/7.0.3/spring-security-oauth2-core-7.0.3.pom (2.5 kB at 37 kB/s)
#16 22.55 [INFO] Downloading from central: https://repo.maven.apache.org/maven2/com/nimbusds/oauth2-oidc-sdk/11.26.1/oauth2-oidc-sdk-11.26.1.pom
#16 22.62 [INFO] Downloaded from central: https://repo.maven.apache.org/maven2/com/nimbusds/oauth2-oidc-sdk/11.26.1/oauth2-oidc-sdk-11.26.1.pom (15 kB at 218 kB/s)
#16 22.62 [INFO] Downloading from central: https://repo.maven.apache.org/maven2/com/github/stephenc/jcip/jcip-annotations/1.0-1/jcip-annotations-1.0-1.pom
#16 22.69 [INFO] Downloaded from central: https://repo.maven.apache.org/maven2/com/github/stephenc/jcip/jcip-annotations/1.0-1/jcip-annotations-1.0-1.pom (5.4 kB at 79 kB/s)
#16 22.70 [INFO] Downloading from central: https://repo.maven.apache.org/maven2/com/nimbusds/content-type/2.3/content-type-2.3.pom
#16 22.76 [INFO] Downloaded from central: https://repo.maven.apache.org/maven2/com/nimbusds/content-type/2.3/content-type-2.3.pom (8.8 kB at 131 kB/s)
#16 22.77 [INFO] Downloading from central: https://repo.maven.apache.org/maven2/net/minidev/json-smart/2.6.0/json-smart-2.6.0.pom
#16 22.84 [INFO] Downloaded from central: https://repo.maven.apache.org/maven2/net/minidev/json-smart/2.6.0/json-smart-2.6.0.pom (12 kB at 158 kB/s)
#16 22.84 [INFO] Downloading from central: https://repo.maven.apache.org/maven2/net/minidev/accessors-smart/2.6.0/accessors-smart-2.6.0.pom
#16 22.91 [INFO] Downloaded from central: https://repo.maven.apache.org/maven2/net/minidev/accessors-smart/2.6.0/accessors-smart-2.6.0.pom (14 kB at 213 kB/s)
#16 22.91 [INFO] Downloading from central: https://repo.maven.apache.org/maven2/org/ow2/asm/asm/9.7.1/asm-9.7.1.pom
#16 22.98 [INFO] Downloaded from central: https://repo.maven.apache.org/maven2/org/ow2/asm/asm/9.7.1/asm-9.7.1.pom (2.4 kB at 32 kB/s)
#16 22.99 [INFO] Downloading from central: https://repo.maven.apache.org/maven2/org/ow2/ow2/1.5.1/ow2-1.5.1.pom
#16 23.05 [INFO] Downloaded from central: https://repo.maven.apache.org/maven2/org/ow2/ow2/1.5.1/ow2-1.5.1.pom (11 kB at 171 kB/s)
#16 23.05 [INFO] Downloading from central: https://repo.maven.apache.org/maven2/com/nimbusds/lang-tag/1.7/lang-tag-1.7.pom
#16 23.12 [INFO] Downloaded from central: https://repo.maven.apache.org/maven2/com/nimbusds/lang-tag/1.7/lang-tag-1.7.pom (9.2 kB at 142 kB/s)
#16 23.12 [INFO] Downloading from central: https://repo.maven.apache.org/maven2/com/nimbusds/nimbus-jose-jwt/10.4/nimbus-jose-jwt-10.4.pom
#16 23.19 [INFO] Downloaded from central: https://repo.maven.apache.org/maven2/com/nimbusds/nimbus-jose-jwt/10.4/nimbus-jose-jwt-10.4.pom (14 kB at 191 kB/s)
#16 23.20 [INFO] Downloading from central: https://repo.maven.apache.org/maven2/org/springframework/security/spring-security-oauth2-jose/7.0.3/spring-security-oauth2-jose-7.0.3.pom
#16 23.27 [INFO] Downloaded from central: https://repo.maven.apache.org/maven2/org/springframework/security/spring-security-oauth2-jose/7.0.3/spring-security-oauth2-jose-7.0.3.pom (2.7 kB at 39 kB/s)
#16 23.27 [INFO] Downloading from central: https://repo.maven.apache.org/maven2/org/springframework/boot/spring-boot-starter-test/4.0.3/spring-boot-starter-test-4.0.3.pom
#16 23.34 [INFO] Downloaded from central: https://repo.maven.apache.org/maven2/org/springframework/boot/spring-boot-starter-test/4.0.3/spring-boot-starter-test-4.0.3.pom (4.9 kB at 74 kB/s)
#16 23.34 [INFO] Downloading from central: https://repo.maven.apache.org/maven2/org/springframework/boot/spring-boot-test/4.0.3/spring-boot-test-4.0.3.pom
#16 23.41 [INFO] Downloaded from central: https://repo.maven.apache.org/maven2/org/springframework/boot/spring-boot-test/4.0.3/spring-boot-test-4.0.3.pom (2.2 kB at 32 kB/s)
#16 23.42 [INFO] Downloading from central: https://repo.maven.apache.org/maven2/org/springframework/spring-test/7.0.5/spring-test-7.0.5.pom
#16 23.48 [INFO] Downloaded from central: https://repo.maven.apache.org/maven2/org/springframework/spring-test/7.0.5/spring-test-7.0.5.pom (2.1 kB at 33 kB/s)
#16 23.48 [INFO] Downloading from central: https://repo.maven.apache.org/maven2/org/springframework/boot/spring-boot-test-autoconfigure/4.0.3/spring-boot-test-autoconfigure-4.0.3.pom
#16 23.55 [INFO] Downloaded from central: https://repo.maven.apache.org/maven2/org/springframework/boot/spring-boot-test-autoconfigure/4.0.3/spring-boot-test-autoconfigure-4.0.3.pom (2.1 kB at 31 kB/s)
#16 23.55 [INFO] Downloading from central: https://repo.maven.apache.org/maven2/com/jayway/jsonpath/json-path/2.10.0/json-path-2.10.0.pom
#16 23.63 [INFO] Downloaded from central: https://repo.maven.apache.org/maven2/com/jayway/jsonpath/json-path/2.10.0/json-path-2.10.0.pom (1.9 kB at 26 kB/s)
#16 23.63 [INFO] Downloading from central: https://repo.maven.apache.org/maven2/org/assertj/assertj-core/3.27.7/assertj-core-3.27.7.pom
#16 23.69 [INFO] Downloaded from central: https://repo.maven.apache.org/maven2/org/assertj/assertj-core/3.27.7/assertj-core-3.27.7.pom (3.8 kB at 58 kB/s)
#16 23.70 [INFO] Downloading from central: https://repo.maven.apache.org/maven2/org/awaitility/awaitility/4.3.0/awaitility-4.3.0.pom
#16 23.77 [INFO] Downloaded from central: https://repo.maven.apache.org/maven2/org/awaitility/awaitility/4.3.0/awaitility-4.3.0.pom (3.7 kB at 53 kB/s)
#16 23.77 [INFO] Downloading from central: https://repo.maven.apache.org/maven2/org/awaitility/awaitility-parent/4.3.0/awaitility-parent-4.3.0.pom
#16 23.84 [INFO] Downloaded from central: https://repo.maven.apache.org/maven2/org/awaitility/awaitility-parent/4.3.0/awaitility-parent-4.3.0.pom (11 kB at 157 kB/s)
#16 23.84 [INFO] Downloading from central: https://repo.maven.apache.org/maven2/org/hamcrest/hamcrest/3.0/hamcrest-3.0.pom
#16 23.90 [INFO] Downloaded from central: https://repo.maven.apache.org/maven2/org/hamcrest/hamcrest/3.0/hamcrest-3.0.pom (1.6 kB at 26 kB/s)
#16 23.91 [INFO] Downloading from central: https://repo.maven.apache.org/maven2/org/junit/jupiter/junit-jupiter/6.0.3/junit-jupiter-6.0.3.pom
#16 23.98 [INFO] Downloaded from central: https://repo.maven.apache.org/maven2/org/junit/jupiter/junit-jupiter/6.0.3/junit-jupiter-6.0.3.pom (3.2 kB at 47 kB/s)
#16 23.98 [INFO] Downloading from central: https://repo.maven.apache.org/maven2/org/junit/jupiter/junit-jupiter-api/6.0.3/junit-jupiter-api-6.0.3.pom
#16 24.05 [INFO] Downloaded from central: https://repo.maven.apache.org/maven2/org/junit/jupiter/junit-jupiter-api/6.0.3/junit-jupiter-api-6.0.3.pom (3.4 kB at 49 kB/s)
#16 24.05 [INFO] Downloading from central: https://repo.maven.apache.org/maven2/org/opentest4j/opentest4j/1.3.0/opentest4j-1.3.0.pom
#16 24.11 [INFO] Downloaded from central: https://repo.maven.apache.org/maven2/org/opentest4j/opentest4j/1.3.0/opentest4j-1.3.0.pom (2.0 kB at 32 kB/s)
#16 24.12 [INFO] Downloading from central: https://repo.maven.apache.org/maven2/org/junit/platform/junit-platform-commons/6.0.3/junit-platform-commons-6.0.3.pom
#16 24.19 [INFO] Downloaded from central: https://repo.maven.apache.org/maven2/org/junit/platform/junit-platform-commons/6.0.3/junit-platform-commons-6.0.3.pom (3.0 kB at 41 kB/s)
#16 24.19 [INFO] Downloading from central: https://repo.maven.apache.org/maven2/org/apiguardian/apiguardian-api/1.1.2/apiguardian-api-1.1.2.pom
#16 24.26 [INFO] Downloaded from central: https://repo.maven.apache.org/maven2/org/apiguardian/apiguardian-api/1.1.2/apiguardian-api-1.1.2.pom (1.5 kB at 21 kB/s)
#16 24.27 [INFO] Downloading from central: https://repo.maven.apache.org/maven2/org/junit/jupiter/junit-jupiter-params/6.0.3/junit-jupiter-params-6.0.3.pom
#16 24.33 [INFO] Downloaded from central: https://repo.maven.apache.org/maven2/org/junit/jupiter/junit-jupiter-params/6.0.3/junit-jupiter-params-6.0.3.pom (3.2 kB at 49 kB/s)
#16 24.34 [INFO] Downloading from central: https://repo.maven.apache.org/maven2/org/junit/jupiter/junit-jupiter-engine/6.0.3/junit-jupiter-engine-6.0.3.pom
#16 24.41 [INFO] Downloaded from central: https://repo.maven.apache.org/maven2/org/junit/jupiter/junit-jupiter-engine/6.0.3/junit-jupiter-engine-6.0.3.pom (3.4 kB at 46 kB/s)
#16 24.41 [INFO] Downloading from central: https://repo.maven.apache.org/maven2/org/junit/platform/junit-platform-engine/6.0.3/junit-platform-engine-6.0.3.pom
#16 24.47 [INFO] Downloaded from central: https://repo.maven.apache.org/maven2/org/junit/platform/junit-platform-engine/6.0.3/junit-platform-engine-6.0.3.pom (3.4 kB at 56 kB/s)
#16 24.47 [INFO] Downloading from central: https://repo.maven.apache.org/maven2/org/mockito/mockito-core/5.20.0/mockito-core-5.20.0.pom
#16 24.54 [INFO] Downloaded from central: https://repo.maven.apache.org/maven2/org/mockito/mockito-core/5.20.0/mockito-core-5.20.0.pom (2.5 kB at 39 kB/s)
#16 24.54 [INFO] Downloading from central: https://repo.maven.apache.org/maven2/net/bytebuddy/byte-buddy-agent/1.17.8/byte-buddy-agent-1.17.8.pom
#16 24.61 [INFO] Downloaded from central: https://repo.maven.apache.org/maven2/net/bytebuddy/byte-buddy-agent/1.17.8/byte-buddy-agent-1.17.8.pom (14 kB at 218 kB/s)
#16 24.61 [INFO] Downloading from central: https://repo.maven.apache.org/maven2/org/objenesis/objenesis/3.3/objenesis-3.3.pom
#16 24.68 [INFO] Downloaded from central: https://repo.maven.apache.org/maven2/org/objenesis/objenesis/3.3/objenesis-3.3.pom (3.0 kB at 44 kB/s)
#16 24.68 [INFO] Downloading from central: https://repo.maven.apache.org/maven2/org/objenesis/objenesis-parent/3.3/objenesis-parent-3.3.pom
#16 24.75 [INFO] Downloaded from central: https://repo.maven.apache.org/maven2/org/objenesis/objenesis-parent/3.3/objenesis-parent-3.3.pom (19 kB at 286 kB/s)
#16 24.75 [INFO] Downloading from central: https://repo.maven.apache.org/maven2/org/mockito/mockito-junit-jupiter/5.20.0/mockito-junit-jupiter-5.20.0.pom
#16 24.82 [INFO] Downloaded from central: https://repo.maven.apache.org/maven2/org/mockito/mockito-junit-jupiter/5.20.0/mockito-junit-jupiter-5.20.0.pom (2.3 kB at 35 kB/s)
#16 24.82 [INFO] Downloading from central: https://repo.maven.apache.org/maven2/org/skyscreamer/jsonassert/1.5.3/jsonassert-1.5.3.pom
#16 24.89 [INFO] Downloaded from central: https://repo.maven.apache.org/maven2/org/skyscreamer/jsonassert/1.5.3/jsonassert-1.5.3.pom (7.0 kB at 103 kB/s)
#16 24.89 [INFO] Downloading from central: https://repo.maven.apache.org/maven2/com/vaadin/external/google/android-json/0.0.20131108.vaadin1/android-json-0.0.20131108.vaadin1.pom
#16 24.96 [INFO] Downloaded from central: https://repo.maven.apache.org/maven2/com/vaadin/external/google/android-json/0.0.20131108.vaadin1/android-json-0.0.20131108.vaadin1.pom (2.8 kB at 41 kB/s)
#16 24.96 [INFO] Downloading from central: https://repo.maven.apache.org/maven2/org/xmlunit/xmlunit-core/2.10.4/xmlunit-core-2.10.4.pom
#16 25.03 [INFO] Downloaded from central: https://repo.maven.apache.org/maven2/org/xmlunit/xmlunit-core/2.10.4/xmlunit-core-2.10.4.pom (2.8 kB at 41 kB/s)
#16 25.03 [INFO] Downloading from central: https://repo.maven.apache.org/maven2/org/xmlunit/xmlunit-parent/2.10.4/xmlunit-parent-2.10.4.pom
#16 25.10 [INFO] Downloaded from central: https://repo.maven.apache.org/maven2/org/xmlunit/xmlunit-parent/2.10.4/xmlunit-parent-2.10.4.pom (23 kB at 353 kB/s)
#16 25.10 [INFO] Downloading from central: https://repo.maven.apache.org/maven2/org/springframework/boot/spring-boot-starter-security-test/4.0.3/spring-boot-starter-security-test-4.0.3.pom
#16 25.17 [INFO] Downloaded from central: https://repo.maven.apache.org/maven2/org/springframework/boot/spring-boot-starter-security-test/4.0.3/spring-boot-starter-security-test-4.0.3.pom (2.5 kB at 34 kB/s)
#16 25.18 [INFO] Downloading from central: https://repo.maven.apache.org/maven2/org/springframework/boot/spring-boot-security-test/4.0.3/spring-boot-security-test-4.0.3.pom
#16 25.24 [INFO] Downloaded from central: https://repo.maven.apache.org/maven2/org/springframework/boot/spring-boot-security-test/4.0.3/spring-boot-security-test-4.0.3.pom (2.5 kB at 40 kB/s)
#16 25.24 [INFO] Downloading from central: https://repo.maven.apache.org/maven2/org/springframework/security/spring-security-test/7.0.3/spring-security-test-7.0.3.pom
#16 25.31 [INFO] Downloaded from central: https://repo.maven.apache.org/maven2/org/springframework/security/spring-security-test/7.0.3/spring-security-test-7.0.3.pom (2.7 kB at 40 kB/s)
#16 25.31 [INFO] Downloading from central: https://repo.maven.apache.org/maven2/org/springframework/boot/spring-boot-starter-webmvc-test/4.0.3/spring-boot-starter-webmvc-test-4.0.3.pom
#16 25.38 [INFO] Downloaded from central: https://repo.maven.apache.org/maven2/org/springframework/boot/spring-boot-starter-webmvc-test/4.0.3/spring-boot-starter-webmvc-test-4.0.3.pom (2.9 kB at 44 kB/s)
#16 25.38 [INFO] Downloading from central: https://repo.maven.apache.org/maven2/org/springframework/boot/spring-boot-starter-jackson-test/4.0.3/spring-boot-starter-jackson-test-4.0.3.pom
#16 25.45 [INFO] Downloaded from central: https://repo.maven.apache.org/maven2/org/springframework/boot/spring-boot-starter-jackson-test/4.0.3/spring-boot-starter-jackson-test-4.0.3.pom (2.3 kB at 36 kB/s)
#16 25.45 [INFO] Downloading from central: https://repo.maven.apache.org/maven2/org/springframework/boot/spring-boot-webmvc-test/4.0.3/spring-boot-webmvc-test-4.0.3.pom
#16 25.51 [INFO] Downloaded from central: https://repo.maven.apache.org/maven2/org/springframework/boot/spring-boot-webmvc-test/4.0.3/spring-boot-webmvc-test-4.0.3.pom (2.7 kB at 41 kB/s)
#16 25.52 [INFO] Downloading from central: https://repo.maven.apache.org/maven2/org/springframework/boot/spring-boot-resttestclient/4.0.3/spring-boot-resttestclient-4.0.3.pom
#16 25.59 [INFO] Downloaded from central: https://repo.maven.apache.org/maven2/org/springframework/boot/spring-boot-resttestclient/4.0.3/spring-boot-resttestclient-4.0.3.pom (2.4 kB at 35 kB/s)
#16 25.59 [INFO] Downloading from central: https://repo.maven.apache.org/maven2/org/modelmapper/modelmapper/3.1.1/modelmapper-3.1.1.pom
#16 25.66 [INFO] Downloaded from central: https://repo.maven.apache.org/maven2/org/modelmapper/modelmapper/3.1.1/modelmapper-3.1.1.pom (8.1 kB at 123 kB/s)
#16 25.66 [INFO] Downloading from central: https://repo.maven.apache.org/maven2/org/modelmapper/modelmapper-parent/3.1.1/modelmapper-parent-3.1.1.pom
#16 25.73 [INFO] Downloaded from central: https://repo.maven.apache.org/maven2/org/modelmapper/modelmapper-parent/3.1.1/modelmapper-parent-3.1.1.pom (11 kB at 163 kB/s)
#16 25.76 [INFO] Downloading from central: https://repo.maven.apache.org/maven2/org/springframework/boot/spring-boot-starter-data-jpa/4.0.3/spring-boot-starter-data-jpa-4.0.3.jar
#16 25.83 [INFO] Downloaded from central: https://repo.maven.apache.org/maven2/org/springframework/boot/spring-boot-starter-data-jpa/4.0.3/spring-boot-starter-data-jpa-4.0.3.jar (4.8 kB at 76 kB/s)
#16 25.83 [INFO] Downloading from central: https://repo.maven.apache.org/maven2/org/springframework/boot/spring-boot-starter/4.0.3/spring-boot-starter-4.0.3.jar
#16 25.83 [INFO] Downloading from central: https://repo.maven.apache.org/maven2/org/springframework/boot/spring-boot-starter-logging/4.0.3/spring-boot-starter-logging-4.0.3.jar
#16 25.83 [INFO] Downloading from central: https://repo.maven.apache.org/maven2/ch/qos/logback/logback-classic/1.5.32/logback-classic-1.5.32.jar
#16 25.83 [INFO] Downloading from central: https://repo.maven.apache.org/maven2/ch/qos/logback/logback-core/1.5.32/logback-core-1.5.32.jar
#16 25.83 [INFO] Downloading from central: https://repo.maven.apache.org/maven2/org/apache/logging/log4j/log4j-to-slf4j/2.25.3/log4j-to-slf4j-2.25.3.jar
#16 25.90 [INFO] Downloaded from central: https://repo.maven.apache.org/maven2/org/springframework/boot/spring-boot-starter-logging/4.0.3/spring-boot-starter-logging-4.0.3.jar (4.7 kB at 71 kB/s)
#16 25.90 [INFO] Downloading from central: https://repo.maven.apache.org/maven2/org/apache/logging/log4j/log4j-api/2.25.3/log4j-api-2.25.3.jar
#16 26.00 [INFO] Downloaded from central: https://repo.maven.apache.org/maven2/org/springframework/boot/spring-boot-starter/4.0.3/spring-boot-starter-4.0.3.jar (4.8 kB at 28 kB/s)
#16 26.00 [INFO] Downloading from central: https://repo.maven.apache.org/maven2/org/slf4j/jul-to-slf4j/2.0.17/jul-to-slf4j-2.0.17.jar
#16 26.03 [INFO] Downloaded from central: https://repo.maven.apache.org/maven2/org/apache/logging/log4j/log4j-api/2.25.3/log4j-api-2.25.3.jar (351 kB at 1.8 MB/s)
#16 26.03 [INFO] Downloading from central: https://repo.maven.apache.org/maven2/org/springframework/boot/spring-boot-autoconfigure/4.0.3/spring-boot-autoconfigure-4.0.3.jar
#16 26.03 [INFO] Downloaded from central: https://repo.maven.apache.org/maven2/org/apache/logging/log4j/log4j-to-slf4j/2.25.3/log4j-to-slf4j-2.25.3.jar (24 kB at 121 kB/s)
#16 26.03 [INFO] Downloading from central: https://repo.maven.apache.org/maven2/jakarta/annotation/jakarta.annotation-api/3.0.0/jakarta.annotation-api-3.0.0.jar
#16 26.06 [INFO] Downloaded from central: https://repo.maven.apache.org/maven2/org/slf4j/jul-to-slf4j/2.0.17/jul-to-slf4j-2.0.17.jar (6.3 kB at 27 kB/s)
#16 26.06 [INFO] Downloading from central: https://repo.maven.apache.org/maven2/org/yaml/snakeyaml/2.5/snakeyaml-2.5.jar
#16 26.15 [INFO] Downloaded from central: https://repo.maven.apache.org/maven2/org/springframework/boot/spring-boot-autoconfigure/4.0.3/spring-boot-autoconfigure-4.0.3.jar (371 kB at 1.2 MB/s)
#16 26.15 [INFO] Downloading from central: https://repo.maven.apache.org/maven2/org/springframework/boot/spring-boot-starter-jdbc/4.0.3/spring-boot-starter-jdbc-4.0.3.jar
#16 26.15 [INFO] Downloaded from central: https://repo.maven.apache.org/maven2/jakarta/annotation/jakarta.annotation-api/3.0.0/jakarta.annotation-api-3.0.0.jar (26 kB at 83 kB/s)
#16 26.15 [INFO] Downloading from central: https://repo.maven.apache.org/maven2/com/zaxxer/HikariCP/7.0.2/HikariCP-7.0.2.jar
#16 26.17 [INFO] Downloaded from central: https://repo.maven.apache.org/maven2/ch/qos/logback/logback-classic/1.5.32/logback-classic-1.5.32.jar (286 kB at 843 kB/s)
#16 26.17 [INFO] Downloading from central: https://repo.maven.apache.org/maven2/org/springframework/boot/spring-boot-data-jpa/4.0.3/spring-boot-data-jpa-4.0.3.jar
#16 26.21 [INFO] Downloaded from central: https://repo.maven.apache.org/maven2/ch/qos/logback/logback-core/1.5.32/logback-core-1.5.32.jar (644 kB at 1.7 MB/s)
#16 26.21 [INFO] Downloading from central: https://repo.maven.apache.org/maven2/org/springframework/boot/spring-boot-data-commons/4.0.3/spring-boot-data-commons-4.0.3.jar
#16 26.21 [INFO] Downloaded from central: https://repo.maven.apache.org/maven2/org/springframework/boot/spring-boot-starter-jdbc/4.0.3/spring-boot-starter-jdbc-4.0.3.jar (4.8 kB at 13 kB/s)
#16 26.21 [INFO] Downloading from central: https://repo.maven.apache.org/maven2/org/springframework/boot/spring-boot-persistence/4.0.3/spring-boot-persistence-4.0.3.jar
#16 26.23 [INFO] Downloaded from central: https://repo.maven.apache.org/maven2/org/springframework/boot/spring-boot-data-jpa/4.0.3/spring-boot-data-jpa-4.0.3.jar (16 kB at 41 kB/s)
#16 26.23 [INFO] Downloading from central: https://repo.maven.apache.org/maven2/org/springframework/data/spring-data-commons/4.0.3/spring-data-commons-4.0.3.jar
#16 26.28 [INFO] Downloaded from central: https://repo.maven.apache.org/maven2/org/springframework/boot/spring-boot-data-commons/4.0.3/spring-boot-data-commons-4.0.3.jar (30 kB at 68 kB/s)
#16 26.28 [INFO] Downloading from central: https://repo.maven.apache.org/maven2/org/springframework/boot/spring-boot-hibernate/4.0.3/spring-boot-hibernate-4.0.3.jar
#16 26.28 [INFO] Downloaded from central: https://repo.maven.apache.org/maven2/org/springframework/boot/spring-boot-persistence/4.0.3/spring-boot-persistence-4.0.3.jar (16 kB at 36 kB/s)
#16 26.28 [INFO] Downloading from central: https://repo.maven.apache.org/maven2/org/springframework/boot/spring-boot-jpa/4.0.3/spring-boot-jpa-4.0.3.jar
#16 26.29 [INFO] Downloaded from central: https://repo.maven.apache.org/maven2/org/yaml/snakeyaml/2.5/snakeyaml-2.5.jar (340 kB at 749 kB/s)
#16 26.29 [INFO] Downloading from central: https://repo.maven.apache.org/maven2/jakarta/persistence/jakarta.persistence-api/3.2.0/jakarta.persistence-api-3.2.0.jar
#16 26.32 [INFO] Downloaded from central: https://repo.maven.apache.org/maven2/com/zaxxer/HikariCP/7.0.2/HikariCP-7.0.2.jar (172 kB at 355 kB/s)
#16 26.32 [INFO] Downloading from central: https://repo.maven.apache.org/maven2/org/hibernate/orm/hibernate-core/7.2.4.Final/hibernate-core-7.2.4.Final.jar
#16 26.35 [INFO] Downloaded from central: https://repo.maven.apache.org/maven2/org/springframework/boot/spring-boot-hibernate/4.0.3/spring-boot-hibernate-4.0.3.jar (29 kB at 57 kB/s)
#16 26.35 [INFO] Downloading from central: https://repo.maven.apache.org/maven2/jakarta/transaction/jakarta.transaction-api/2.0.1/jakarta.transaction-api-2.0.1.jar
#16 26.35 [INFO] Downloaded from central: https://repo.maven.apache.org/maven2/org/springframework/boot/spring-boot-jpa/4.0.3/spring-boot-jpa-4.0.3.jar (24 kB at 46 kB/s)
#16 26.35 [INFO] Downloading from central: https://repo.maven.apache.org/maven2/org/hibernate/models/hibernate-models/1.0.1/hibernate-models-1.0.1.jar
#16 26.38 [INFO] Downloaded from central: https://repo.maven.apache.org/maven2/jakarta/persistence/jakarta.persistence-api/3.2.0/jakarta.persistence-api-3.2.0.jar (196 kB at 358 kB/s)
#16 26.38 [INFO] Downloading from central: https://repo.maven.apache.org/maven2/org/glassfish/jaxb/jaxb-runtime/4.0.6/jaxb-runtime-4.0.6.jar
#16 26.44 [INFO] Downloaded from central: https://repo.maven.apache.org/maven2/jakarta/transaction/jakarta.transaction-api/2.0.1/jakarta.transaction-api-2.0.1.jar (29 kB at 47 kB/s)
#16 26.44 [INFO] Downloading from central: https://repo.maven.apache.org/maven2/org/glassfish/jaxb/jaxb-core/4.0.6/jaxb-core-4.0.6.jar
#16 26.47 [INFO] Downloaded from central: https://repo.maven.apache.org/maven2/org/hibernate/models/hibernate-models/1.0.1/hibernate-models-1.0.1.jar (218 kB at 343 kB/s)
#16 26.47 [INFO] Downloading from central: https://repo.maven.apache.org/maven2/org/glassfish/jaxb/txw2/4.0.6/txw2-4.0.6.jar
#16 26.61 [INFO] Downloaded from central: https://repo.maven.apache.org/maven2/org/springframework/data/spring-data-commons/4.0.3/spring-data-commons-4.0.3.jar (1.7 MB at 2.2 MB/s)
#16 26.61 [INFO] Downloading from central: https://repo.maven.apache.org/maven2/com/sun/istack/istack-commons-runtime/4.1.2/istack-commons-runtime-4.1.2.jar
#16 26.62 [INFO] Downloaded from central: https://repo.maven.apache.org/maven2/org/glassfish/jaxb/jaxb-core/4.0.6/jaxb-core-4.0.6.jar (138 kB at 176 kB/s)
#16 26.62 [INFO] Downloading from central: https://repo.maven.apache.org/maven2/jakarta/inject/jakarta.inject-api/2.0.1/jakarta.inject-api-2.0.1.jar
#16 26.65 [INFO] Downloaded from central: https://repo.maven.apache.org/maven2/org/glassfish/jaxb/txw2/4.0.6/txw2-4.0.6.jar (73 kB at 90 kB/s)
#16 26.65 [INFO] Downloading from central: https://repo.maven.apache.org/maven2/org/springframework/spring-orm/7.0.5/spring-orm-7.0.5.jar
#16 26.70 [INFO] Downloaded from central: https://repo.maven.apache.org/maven2/org/glassfish/jaxb/jaxb-runtime/4.0.6/jaxb-runtime-4.0.6.jar (920 kB at 1.1 MB/s)
#16 26.70 [INFO] Downloading from central: https://repo.maven.apache.org/maven2/org/springframework/data/spring-data-jpa/4.0.3/spring-data-jpa-4.0.3.jar
#16 26.70 [INFO] Downloaded from central: https://repo.maven.apache.org/maven2/com/sun/istack/istack-commons-runtime/4.1.2/istack-commons-runtime-4.1.2.jar (26 kB at 30 kB/s)
#16 26.70 [INFO] Downloading from central: https://repo.maven.apache.org/maven2/org/springframework/spring-context/7.0.5/spring-context-7.0.5.jar
#16 26.70 [INFO] Downloaded from central: https://repo.maven.apache.org/maven2/jakarta/inject/jakarta.inject-api/2.0.1/jakarta.inject-api-2.0.1.jar (11 kB at 12 kB/s)
#16 26.70 [INFO] Downloading from central: https://repo.maven.apache.org/maven2/org/springframework/spring-tx/7.0.5/spring-tx-7.0.5.jar
#16 26.88 [INFO] Downloaded from central: https://repo.maven.apache.org/maven2/org/springframework/spring-tx/7.0.5/spring-tx-7.0.5.jar (292 kB at 278 kB/s)
#16 26.88 [INFO] Downloading from central: https://repo.maven.apache.org/maven2/org/antlr/antlr4-runtime/4.13.2/antlr4-runtime-4.13.2.jar
#16 26.90 [INFO] Downloaded from central: https://repo.maven.apache.org/maven2/org/springframework/spring-orm/7.0.5/spring-orm-7.0.5.jar (224 kB at 209 kB/s)
#16 26.90 [INFO] Downloading from central: https://repo.maven.apache.org/maven2/org/springframework/spring-aspects/7.0.5/spring-aspects-7.0.5.jar
#16 27.04 [INFO] Downloaded from central: https://repo.maven.apache.org/maven2/org/springframework/spring-context/7.0.5/spring-context-7.0.5.jar (1.4 MB at 1.2 MB/s)
#16 27.04 [INFO] Downloading from central: https://repo.maven.apache.org/maven2/org/aspectj/aspectjweaver/1.9.25.1/aspectjweaver-1.9.25.1.jar
#16 27.11 [INFO] Downloaded from central: https://repo.maven.apache.org/maven2/org/antlr/antlr4-runtime/4.13.2/antlr4-runtime-4.13.2.jar (326 kB at 257 kB/s)
#16 27.11 [INFO] Downloading from central: https://repo.maven.apache.org/maven2/org/springframework/boot/spring-boot-jdbc/4.0.3/spring-boot-jdbc-4.0.3.jar
#16 27.11 [INFO] Downloaded from central: https://repo.maven.apache.org/maven2/org/springframework/spring-aspects/7.0.5/spring-aspects-7.0.5.jar (50 kB at 39 kB/s)
#16 27.11 [INFO] Downloading from central: https://repo.maven.apache.org/maven2/org/springframework/boot/spring-boot/4.0.3/spring-boot-4.0.3.jar
#16 27.32 [INFO] Downloaded from central: https://repo.maven.apache.org/maven2/org/springframework/boot/spring-boot-jdbc/4.0.3/spring-boot-jdbc-4.0.3.jar (201 kB at 136 kB/s)
#16 27.32 [INFO] Downloading from central: https://repo.maven.apache.org/maven2/org/springframework/boot/spring-boot-sql/4.0.3/spring-boot-sql-4.0.3.jar
#16 27.60 [INFO] Downloaded from central: https://repo.maven.apache.org/maven2/org/springframework/boot/spring-boot-sql/4.0.3/spring-boot-sql-4.0.3.jar (36 kB at 20 kB/s)
#16 27.60 [INFO] Downloading from central: https://repo.maven.apache.org/maven2/org/springframework/boot/spring-boot-transaction/4.0.3/spring-boot-transaction-4.0.3.jar
#16 27.74 [INFO] Downloaded from central: https://repo.maven.apache.org/maven2/org/aspectj/aspectjweaver/1.9.25.1/aspectjweaver-1.9.25.1.jar (2.2 MB at 1.1 MB/s)
#16 27.74 [INFO] Downloading from central: https://repo.maven.apache.org/maven2/org/springframework/spring-jdbc/7.0.5/spring-jdbc-7.0.5.jar
#16 27.77 [INFO] Downloaded from central: https://repo.maven.apache.org/maven2/org/springframework/boot/spring-boot/4.0.3/spring-boot-4.0.3.jar (1.4 MB at 709 kB/s)
#16 27.77 [INFO] Downloading from central: https://repo.maven.apache.org/maven2/org/springframework/boot/spring-boot-starter-security/4.0.3/spring-boot-starter-security-4.0.3.jar
#16 27.77 [INFO] Downloaded from central: https://repo.maven.apache.org/maven2/org/springframework/data/spring-data-jpa/4.0.3/spring-data-jpa-4.0.3.jar (2.2 MB at 1.1 MB/s)
#16 27.77 [INFO] Downloading from central: https://repo.maven.apache.org/maven2/org/springframework/boot/spring-boot-security/4.0.3/spring-boot-security-4.0.3.jar
#16 27.77 [INFO] Downloaded from central: https://repo.maven.apache.org/maven2/org/springframework/boot/spring-boot-transaction/4.0.3/spring-boot-transaction-4.0.3.jar (21 kB at 11 kB/s)
#16 27.77 [INFO] Downloading from central: https://repo.maven.apache.org/maven2/org/springframework/security/spring-security-config/7.0.3/spring-security-config-7.0.3.jar
#16 27.86 [INFO] Downloaded from central: https://repo.maven.apache.org/maven2/org/springframework/spring-jdbc/7.0.5/spring-jdbc-7.0.5.jar (480 kB at 238 kB/s)
#16 27.86 [INFO] Downloading from central: https://repo.maven.apache.org/maven2/org/springframework/security/spring-security-web/7.0.3/spring-security-web-7.0.3.jar
#16 27.86 [INFO] Downloaded from central: https://repo.maven.apache.org/maven2/org/springframework/boot/spring-boot-starter-security/4.0.3/spring-boot-starter-security-4.0.3.jar (4.7 kB at 2.3 kB/s)
#16 27.86 [INFO] Downloading from central: https://repo.maven.apache.org/maven2/org/springframework/spring-expression/7.0.5/spring-expression-7.0.5.jar
#16 27.87 [INFO] Downloaded from central: https://repo.maven.apache.org/maven2/org/springframework/boot/spring-boot-security/4.0.3/spring-boot-security-4.0.3.jar (97 kB at 48 kB/s)
#16 27.87 [INFO] Downloading from central: https://repo.maven.apache.org/maven2/org/springframework/spring-aop/7.0.5/spring-aop-7.0.5.jar
#16 27.96 [INFO] Downloaded from central: https://repo.maven.apache.org/maven2/org/springframework/spring-expression/7.0.5/spring-expression-7.0.5.jar (323 kB at 152 kB/s)
#16 27.96 [INFO] Downloading from central: https://repo.maven.apache.org/maven2/org/springframework/spring-beans/7.0.5/spring-beans-7.0.5.jar
#16 28.03 [INFO] Downloaded from central: https://repo.maven.apache.org/maven2/org/springframework/spring-aop/7.0.5/spring-aop-7.0.5.jar (426 kB at 194 kB/s)
#16 28.03 [INFO] Downloading from central: https://repo.maven.apache.org/maven2/org/springframework/boot/spring-boot-starter-webmvc/4.0.3/spring-boot-starter-webmvc-4.0.3.jar
#16 28.22 [INFO] Downloaded from central: https://repo.maven.apache.org/maven2/org/springframework/boot/spring-boot-starter-webmvc/4.0.3/spring-boot-starter-webmvc-4.0.3.jar (4.7 kB at 2.0 kB/s)
#16 28.22 [INFO] Downloading from central: https://repo.maven.apache.org/maven2/org/springframework/boot/spring-boot-starter-jackson/4.0.3/spring-boot-starter-jackson-4.0.3.jar
#16 28.27 [INFO] Downloaded from central: https://repo.maven.apache.org/maven2/org/springframework/spring-beans/7.0.5/spring-beans-7.0.5.jar (928 kB at 381 kB/s)
#16 28.27 [INFO] Downloading from central: https://repo.maven.apache.org/maven2/org/springframework/boot/spring-boot-jackson/4.0.3/spring-boot-jackson-4.0.3.jar
#16 28.38 [INFO] Downloaded from central: https://repo.maven.apache.org/maven2/org/springframework/boot/spring-boot-starter-jackson/4.0.3/spring-boot-starter-jackson-4.0.3.jar (4.7 kB at 1.9 kB/s)
#16 28.38 [INFO] Downloading from central: https://repo.maven.apache.org/maven2/tools/jackson/core/jackson-databind/3.0.4/jackson-databind-3.0.4.jar
#16 28.38 [INFO] Downloaded from central: https://repo.maven.apache.org/maven2/org/springframework/security/spring-security-web/7.0.3/spring-security-web-7.0.3.jar (928 kB at 364 kB/s)
#16 28.38 [INFO] Downloading from central: https://repo.maven.apache.org/maven2/tools/jackson/core/jackson-core/3.0.4/jackson-core-3.0.4.jar
#16 28.41 [INFO] Downloaded from central: https://repo.maven.apache.org/maven2/org/springframework/boot/spring-boot-jackson/4.0.3/spring-boot-jackson-4.0.3.jar (68 kB at 26 kB/s)
#16 28.41 [INFO] Downloading from central: https://repo.maven.apache.org/maven2/org/springframework/boot/spring-boot-starter-tomcat/4.0.3/spring-boot-starter-tomcat-4.0.3.jar
#16 28.54 [INFO] Downloaded from central: https://repo.maven.apache.org/maven2/org/springframework/boot/spring-boot-starter-tomcat/4.0.3/spring-boot-starter-tomcat-4.0.3.jar (4.8 kB at 1.8 kB/s)
#16 28.54 [INFO] Downloading from central: https://repo.maven.apache.org/maven2/org/springframework/boot/spring-boot-starter-tomcat-runtime/4.0.3/spring-boot-starter-tomcat-runtime-4.0.3.jar
#16 28.62 [INFO] Downloaded from central: https://repo.maven.apache.org/maven2/org/springframework/security/spring-security-config/7.0.3/spring-security-config-7.0.3.jar (2.1 MB at 754 kB/s)
#16 28.62 [INFO] Downloading from central: https://repo.maven.apache.org/maven2/org/apache/tomcat/embed/tomcat-embed-core/11.0.18/tomcat-embed-core-11.0.18.jar
#16 28.68 [INFO] Downloaded from central: https://repo.maven.apache.org/maven2/org/springframework/boot/spring-boot-starter-tomcat-runtime/4.0.3/spring-boot-starter-tomcat-runtime-4.0.3.jar (4.7 kB at 1.7 kB/s)
#16 28.68 [INFO] Downloading from central: https://repo.maven.apache.org/maven2/org/apache/tomcat/embed/tomcat-embed-websocket/11.0.18/tomcat-embed-websocket-11.0.18.jar
#16 28.76 [INFO] Downloaded from central: https://repo.maven.apache.org/maven2/tools/jackson/core/jackson-core/3.0.4/jackson-core-3.0.4.jar (594 kB at 203 kB/s)
#16 28.76 [INFO] Downloading from central: https://repo.maven.apache.org/maven2/org/springframework/boot/spring-boot-tomcat/4.0.3/spring-boot-tomcat-4.0.3.jar
#16 28.90 [INFO] Downloaded from central: https://repo.maven.apache.org/maven2/org/apache/tomcat/embed/tomcat-embed-websocket/11.0.18/tomcat-embed-websocket-11.0.18.jar (286 kB at 93 kB/s)
#16 28.90 [INFO] Downloading from central: https://repo.maven.apache.org/maven2/org/springframework/boot/spring-boot-http-converter/4.0.3/spring-boot-http-converter-4.0.3.jar
#16 28.94 [INFO] Downloaded from central: https://repo.maven.apache.org/maven2/tools/jackson/core/jackson-databind/3.0.4/jackson-databind-3.0.4.jar (1.9 MB at 600 kB/s)
#16 28.94 [INFO] Downloading from central: https://repo.maven.apache.org/maven2/org/springframework/spring-web/7.0.5/spring-web-7.0.5.jar
#16 28.98 [INFO] Downloaded from central: https://repo.maven.apache.org/maven2/org/springframework/boot/spring-boot-tomcat/4.0.3/spring-boot-tomcat-4.0.3.jar (124 kB at 39 kB/s)
#16 28.98 [INFO] Downloading from central: https://repo.maven.apache.org/maven2/io/micrometer/micrometer-observation/1.16.3/micrometer-observation-1.16.3.jar
#16 29.04 [INFO] Downloaded from central: https://repo.maven.apache.org/maven2/org/springframework/boot/spring-boot-http-converter/4.0.3/spring-boot-http-converter-4.0.3.jar (54 kB at 17 kB/s)
#16 29.04 [INFO] Downloading from central: https://repo.maven.apache.org/maven2/io/micrometer/micrometer-commons/1.16.3/micrometer-commons-1.16.3.jar
#16 29.13 [INFO] Downloaded from central: https://repo.maven.apache.org/maven2/io/micrometer/micrometer-observation/1.16.3/micrometer-observation-1.16.3.jar (84 kB at 25 kB/s)
#16 29.13 [INFO] Downloading from central: https://repo.maven.apache.org/maven2/org/springframework/boot/spring-boot-webmvc/4.0.3/spring-boot-webmvc-4.0.3.jar
#16 29.18 [INFO] Downloaded from central: https://repo.maven.apache.org/maven2/io/micrometer/micrometer-commons/1.16.3/micrometer-commons-1.16.3.jar (52 kB at 15 kB/s)
#16 29.18 [INFO] Downloading from central: https://repo.maven.apache.org/maven2/org/springframework/boot/spring-boot-servlet/4.0.3/spring-boot-servlet-4.0.3.jar
#16 29.33 [INFO] Downloaded from central: https://repo.maven.apache.org/maven2/org/springframework/boot/spring-boot-servlet/4.0.3/spring-boot-servlet-4.0.3.jar (47 kB at 13 kB/s)
#16 29.33 [INFO] Downloading from central: https://repo.maven.apache.org/maven2/org/springframework/spring-webmvc/7.0.5/spring-webmvc-7.0.5.jar
#16 29.38 [INFO] Downloaded from central: https://repo.maven.apache.org/maven2/org/springframework/boot/spring-boot-webmvc/4.0.3/spring-boot-webmvc-4.0.3.jar (173 kB at 49 kB/s)
#16 29.38 [INFO] Downloading from central: https://repo.maven.apache.org/maven2/org/postgresql/postgresql/42.7.10/postgresql-42.7.10.jar
#16 29.77 [INFO] Downloaded from central: https://repo.maven.apache.org/maven2/org/springframework/spring-web/7.0.5/spring-web-7.0.5.jar (2.2 MB at 563 kB/s)
#16 29.77 [INFO] Downloading from central: https://repo.maven.apache.org/maven2/org/checkerframework/checker-qual/3.52.0/checker-qual-3.52.0.jar
#16 29.91 [INFO] Downloaded from central: https://repo.maven.apache.org/maven2/org/springframework/spring-webmvc/7.0.5/spring-webmvc-7.0.5.jar (1.1 MB at 271 kB/s)
#16 29.91 [INFO] Downloading from central: https://repo.maven.apache.org/maven2/org/projectlombok/lombok/1.18.42/lombok-1.18.42.jar
#16 30.02 [INFO] Downloaded from central: https://repo.maven.apache.org/maven2/org/postgresql/postgresql/42.7.10/postgresql-42.7.10.jar (1.1 MB at 271 kB/s)
#16 30.02 [INFO] Downloading from central: https://repo.maven.apache.org/maven2/io/jsonwebtoken/jjwt-api/0.11.5/jjwt-api-0.11.5.jar
#16 30.03 [INFO] Downloaded from central: https://repo.maven.apache.org/maven2/org/checkerframework/checker-qual/3.52.0/checker-qual-3.52.0.jar (242 kB at 58 kB/s)
#16 30.03 [INFO] Downloading from central: https://repo.maven.apache.org/maven2/io/jsonwebtoken/jjwt-impl/0.11.5/jjwt-impl-0.11.5.jar
#16 30.18 [INFO] Downloaded from central: https://repo.maven.apache.org/maven2/io/jsonwebtoken/jjwt-api/0.11.5/jjwt-api-0.11.5.jar (77 kB at 18 kB/s)
#16 30.18 [INFO] Downloading from central: https://repo.maven.apache.org/maven2/io/jsonwebtoken/jjwt-jackson/0.11.5/jjwt-jackson-0.11.5.jar
#16 30.18 [INFO] Downloaded from central: https://repo.maven.apache.org/maven2/io/jsonwebtoken/jjwt-impl/0.11.5/jjwt-impl-0.11.5.jar (81 kB at 19 kB/s)
#16 30.18 [INFO] Downloading from central: https://repo.maven.apache.org/maven2/org/springframework/boot/spring-boot-starter-validation/4.0.3/spring-boot-starter-validation-4.0.3.jar
#16 30.21 [INFO] Downloaded from central: https://repo.maven.apache.org/maven2/org/apache/tomcat/embed/tomcat-embed-core/11.0.18/tomcat-embed-core-11.0.18.jar (3.6 MB at 820 kB/s)
#16 30.21 [INFO] Downloading from central: https://repo.maven.apache.org/maven2/org/springframework/boot/spring-boot-validation/4.0.3/spring-boot-validation-4.0.3.jar
#16 30.27 [INFO] Downloaded from central: https://repo.maven.apache.org/maven2/io/jsonwebtoken/jjwt-jackson/0.11.5/jjwt-jackson-0.11.5.jar (8.2 kB at 1.9 kB/s)
#16 30.27 [INFO] Downloaded from central: https://repo.maven.apache.org/maven2/org/springframework/boot/spring-boot-starter-validation/4.0.3/spring-boot-starter-validation-4.0.3.jar (4.8 kB at 1.1 kB/s)
#16 30.27 [INFO] Downloading from central: https://repo.maven.apache.org/maven2/org/apache/tomcat/embed/tomcat-embed-el/11.0.18/tomcat-embed-el-11.0.18.jar
#16 30.27 [INFO] Downloading from central: https://repo.maven.apache.org/maven2/org/hibernate/validator/hibernate-validator/9.0.1.Final/hibernate-validator-9.0.1.Final.jar
#16 30.31 [INFO] Downloaded from central: https://repo.maven.apache.org/maven2/org/springframework/boot/spring-boot-validation/4.0.3/spring-boot-validation-4.0.3.jar (15 kB at 3.4 kB/s)
#16 30.31 [INFO] Downloading from central: https://repo.maven.apache.org/maven2/jakarta/validation/jakarta.validation-api/3.1.1/jakarta.validation-api-3.1.1.jar
#16 30.44 [INFO] Downloaded from central: https://repo.maven.apache.org/maven2/jakarta/validation/jakarta.validation-api/3.1.1/jakarta.validation-api-3.1.1.jar (106 kB at 23 kB/s)
#16 30.44 [INFO] Downloading from central: https://repo.maven.apache.org/maven2/org/jboss/logging/jboss-logging/3.6.2.Final/jboss-logging-3.6.2.Final.jar
#16 30.44 [INFO] Downloaded from central: https://repo.maven.apache.org/maven2/org/apache/tomcat/embed/tomcat-embed-el/11.0.18/tomcat-embed-el-11.0.18.jar (270 kB at 59 kB/s)
#16 30.44 [INFO] Downloading from central: https://repo.maven.apache.org/maven2/com/fasterxml/classmate/1.7.3/classmate-1.7.3.jar
#16 30.57 [INFO] Downloaded from central: https://repo.maven.apache.org/maven2/com/fasterxml/classmate/1.7.3/classmate-1.7.3.jar (68 kB at 14 kB/s)
#16 30.57 [INFO] Downloading from central: https://repo.maven.apache.org/maven2/org/springframework/boot/spring-boot-starter-mail/4.0.3/spring-boot-starter-mail-4.0.3.jar
#16 30.57 [INFO] Downloaded from central: https://repo.maven.apache.org/maven2/org/jboss/logging/jboss-logging/3.6.2.Final/jboss-logging-3.6.2.Final.jar (63 kB at 13 kB/s)
#16 30.57 [INFO] Downloading from central: https://repo.maven.apache.org/maven2/org/springframework/boot/spring-boot-mail/4.0.3/spring-boot-mail-4.0.3.jar
#16 30.59 [INFO] Downloaded from central: https://repo.maven.apache.org/maven2/org/projectlombok/lombok/1.18.42/lombok-1.18.42.jar (2.0 MB at 427 kB/s)
#16 30.59 [INFO] Downloading from central: https://repo.maven.apache.org/maven2/org/springframework/spring-context-support/7.0.5/spring-context-support-7.0.5.jar
#16 30.64 [INFO] Downloaded from central: https://repo.maven.apache.org/maven2/org/springframework/boot/spring-boot-starter-mail/4.0.3/spring-boot-starter-mail-4.0.3.jar (4.8 kB at 994 B/s)
#16 30.64 [INFO] Downloading from central: https://repo.maven.apache.org/maven2/jakarta/mail/jakarta.mail-api/2.1.5/jakarta.mail-api-2.1.5.jar
#16 30.66 [INFO] Downloaded from central: https://repo.maven.apache.org/maven2/org/springframework/boot/spring-boot-mail/4.0.3/spring-boot-mail-4.0.3.jar (21 kB at 4.3 kB/s)
#16 30.66 [INFO] Downloading from central: https://repo.maven.apache.org/maven2/org/eclipse/angus/angus-mail/2.0.5/angus-mail-2.0.5.jar
#16 30.71 [INFO] Downloaded from central: https://repo.maven.apache.org/maven2/org/springframework/spring-context-support/7.0.5/spring-context-support-7.0.5.jar (178 kB at 36 kB/s)
#16 30.71 [INFO] Downloading from central: https://repo.maven.apache.org/maven2/org/eclipse/angus/angus-activation/2.0.3/angus-activation-2.0.3.jar
#16 30.78 [INFO] Downloaded from central: https://repo.maven.apache.org/maven2/jakarta/mail/jakarta.mail-api/2.1.5/jakarta.mail-api-2.1.5.jar (237 kB at 48 kB/s)
#16 30.78 [INFO] Downloading from central: https://repo.maven.apache.org/maven2/org/springframework/boot/spring-boot-starter-webflux/4.0.3/spring-boot-starter-webflux-4.0.3.jar
#16 30.81 [INFO] Downloaded from central: https://repo.maven.apache.org/maven2/org/eclipse/angus/angus-activation/2.0.3/angus-activation-2.0.3.jar (27 kB at 5.4 kB/s)
#16 30.81 [INFO] Downloading from central: https://repo.maven.apache.org/maven2/org/springframework/boot/spring-boot-starter-reactor-netty/4.0.3/spring-boot-starter-reactor-netty-4.0.3.jar
#16 30.83 [INFO] Downloaded from central: https://repo.maven.apache.org/maven2/org/hibernate/validator/hibernate-validator/9.0.1.Final/hibernate-validator-9.0.1.Final.jar (1.4 MB at 272 kB/s)
#16 30.83 [INFO] Downloading from central: https://repo.maven.apache.org/maven2/org/springframework/boot/spring-boot-reactor/4.0.3/spring-boot-reactor-4.0.3.jar
#16 30.85 [INFO] Downloaded from central: https://repo.maven.apache.org/maven2/org/springframework/boot/spring-boot-starter-webflux/4.0.3/spring-boot-starter-webflux-4.0.3.jar (4.8 kB at 947 B/s)
#16 30.85 [INFO] Downloading from central: https://repo.maven.apache.org/maven2/io/projectreactor/reactor-core/3.8.3/reactor-core-3.8.3.jar
#16 30.87 [INFO] Downloaded from central: https://repo.maven.apache.org/maven2/org/springframework/boot/spring-boot-starter-reactor-netty/4.0.3/spring-boot-starter-reactor-netty-4.0.3.jar (4.7 kB at 942 B/s)
#16 30.87 [INFO] Downloading from central: https://repo.maven.apache.org/maven2/org/reactivestreams/reactive-streams/1.0.4/reactive-streams-1.0.4.jar
#16 30.89 [INFO] Downloaded from central: https://repo.maven.apache.org/maven2/org/eclipse/angus/angus-mail/2.0.5/angus-mail-2.0.5.jar (501 kB at 99 kB/s)
#16 30.89 [INFO] Downloading from central: https://repo.maven.apache.org/maven2/org/springframework/boot/spring-boot-reactor-netty/4.0.3/spring-boot-reactor-netty-4.0.3.jar
#16 30.91 [INFO] Downloaded from central: https://repo.maven.apache.org/maven2/org/springframework/boot/spring-boot-reactor/4.0.3/spring-boot-reactor-4.0.3.jar (12 kB at 2.4 kB/s)
#16 30.91 [INFO] Downloading from central: https://repo.maven.apache.org/maven2/io/projectreactor/netty/reactor-netty-http/1.3.3/reactor-netty-http-1.3.3.jar
#16 30.93 [INFO] Downloaded from central: https://repo.maven.apache.org/maven2/org/reactivestreams/reactive-streams/1.0.4/reactive-streams-1.0.4.jar (12 kB at 2.3 kB/s)
#16 30.93 [INFO] Downloading from central: https://repo.maven.apache.org/maven2/io/netty/netty-codec-http/4.2.10.Final/netty-codec-http-4.2.10.Final.jar
#16 30.97 [INFO] Downloaded from central: https://repo.maven.apache.org/maven2/org/springframework/boot/spring-boot-reactor-netty/4.0.3/spring-boot-reactor-netty-4.0.3.jar (42 kB at 8.1 kB/s)
#16 30.97 [INFO] Downloading from central: https://repo.maven.apache.org/maven2/io/netty/netty-buffer/4.2.10.Final/netty-buffer-4.2.10.Final.jar
#16 31.38 [INFO] Downloaded from central: https://repo.maven.apache.org/maven2/io/netty/netty-buffer/4.2.10.Final/netty-buffer-4.2.10.Final.jar (369 kB at 67 kB/s)
#16 31.38 [INFO] Downloading from central: https://repo.maven.apache.org/maven2/io/netty/netty-transport/4.2.10.Final/netty-transport-4.2.10.Final.jar
#16 31.40 [INFO] Downloaded from central: https://repo.maven.apache.org/maven2/io/netty/netty-codec-http/4.2.10.Final/netty-codec-http-4.2.10.Final.jar (665 kB at 120 kB/s)
#16 31.40 [INFO] Downloading from central: https://repo.maven.apache.org/maven2/io/netty/netty-codec-base/4.2.10.Final/netty-codec-base-4.2.10.Final.jar
#16 31.40 [INFO] Downloaded from central: https://repo.maven.apache.org/maven2/io/projectreactor/netty/reactor-netty-http/1.3.3/reactor-netty-http-1.3.3.jar (626 kB at 113 kB/s)
#16 31.40 [INFO] Downloading from central: https://repo.maven.apache.org/maven2/io/netty/netty-codec-compression/4.2.10.Final/netty-codec-compression-4.2.10.Final.jar
#16 31.57 [INFO] Downloaded from central: https://repo.maven.apache.org/maven2/io/netty/netty-codec-base/4.2.10.Final/netty-codec-base-4.2.10.Final.jar (153 kB at 27 kB/s)
#16 31.57 [INFO] Downloading from central: https://repo.maven.apache.org/maven2/io/netty/netty-handler/4.2.10.Final/netty-handler-4.2.10.Final.jar
#16 31.58 [INFO] Downloaded from central: https://repo.maven.apache.org/maven2/io/projectreactor/reactor-core/3.8.3/reactor-core-3.8.3.jar (1.9 MB at 337 kB/s)
#16 31.58 [INFO] Downloading from central: https://repo.maven.apache.org/maven2/io/netty/netty-codec-http2/4.2.10.Final/netty-codec-http2-4.2.10.Final.jar
#16 31.59 [INFO] Downloaded from central: https://repo.maven.apache.org/maven2/io/netty/netty-codec-compression/4.2.10.Final/netty-codec-compression-4.2.10.Final.jar (182 kB at 32 kB/s)
#16 31.59 [INFO] Downloading from central: https://repo.maven.apache.org/maven2/io/netty/netty-codec-http3/4.2.10.Final/netty-codec-http3-4.2.10.Final.jar
#16 31.66 [INFO] Downloaded from central: https://repo.maven.apache.org/maven2/io/netty/netty-transport/4.2.10.Final/netty-transport-4.2.10.Final.jar (551 kB at 95 kB/s)
#16 31.66 [INFO] Downloading from central: https://repo.maven.apache.org/maven2/io/netty/netty-transport-native-unix-common/4.2.10.Final/netty-transport-native-unix-common-4.2.10.Final.jar
#16 31.78 [INFO] Downloaded from central: https://repo.maven.apache.org/maven2/io/netty/netty-codec-http3/4.2.10.Final/netty-codec-http3-4.2.10.Final.jar (221 kB at 37 kB/s)
#16 31.78 [INFO] Downloading from central: https://repo.maven.apache.org/maven2/io/netty/netty-resolver/4.2.10.Final/netty-resolver-4.2.10.Final.jar
#16 31.79 [INFO] Downloaded from central: https://repo.maven.apache.org/maven2/io/netty/netty-transport-native-unix-common/4.2.10.Final/netty-transport-native-unix-common-4.2.10.Final.jar (47 kB at 7.9 kB/s)
#16 31.79 [INFO] Downloading from central: https://repo.maven.apache.org/maven2/io/netty/netty-codec-classes-quic/4.2.10.Final/netty-codec-classes-quic-4.2.10.Final.jar
#16 31.80 [INFO] Downloaded from central: https://repo.maven.apache.org/maven2/org/hibernate/orm/hibernate-core/7.2.4.Final/hibernate-core-7.2.4.Final.jar (14 MB at 2.4 MB/s)
#16 31.80 [INFO] Downloading from central: https://repo.maven.apache.org/maven2/io/netty/netty-codec-native-quic/4.2.10.Final/netty-codec-native-quic-4.2.10.Final-linux-x86_64.jar
#16 31.82 [INFO] Downloaded from central: https://repo.maven.apache.org/maven2/io/netty/netty-codec-http2/4.2.10.Final/netty-codec-http2-4.2.10.Final.jar (490 kB at 82 kB/s)
#16 31.82 [INFO] Downloading from central: https://repo.maven.apache.org/maven2/io/netty/netty-codec-native-quic/4.2.10.Final/netty-codec-native-quic-4.2.10.Final-linux-aarch_64.jar
#16 31.83 [INFO] Downloaded from central: https://repo.maven.apache.org/maven2/io/netty/netty-handler/4.2.10.Final/netty-handler-4.2.10.Final.jar (575 kB at 96 kB/s)
#16 31.83 [INFO] Downloading from central: https://repo.maven.apache.org/maven2/io/netty/netty-codec-native-quic/4.2.10.Final/netty-codec-native-quic-4.2.10.Final-osx-x86_64.jar
#16 31.86 [INFO] Downloaded from central: https://repo.maven.apache.org/maven2/io/netty/netty-resolver/4.2.10.Final/netty-resolver-4.2.10.Final.jar (33 kB at 5.5 kB/s)
#16 31.86 [INFO] Downloading from central: https://repo.maven.apache.org/maven2/io/netty/netty-codec-native-quic/4.2.10.Final/netty-codec-native-quic-4.2.10.Final-osx-aarch_64.jar
#16 31.98 [INFO] Downloaded from central: https://repo.maven.apache.org/maven2/io/netty/netty-codec-classes-quic/4.2.10.Final/netty-codec-classes-quic-4.2.10.Final.jar (263 kB at 43 kB/s)
#16 31.98 [INFO] Downloading from central: https://repo.maven.apache.org/maven2/io/netty/netty-codec-native-quic/4.2.10.Final/netty-codec-native-quic-4.2.10.Final-windows-x86_64.jar
#16 32.88 [INFO] Downloaded from central: https://repo.maven.apache.org/maven2/io/netty/netty-codec-native-quic/4.2.10.Final/netty-codec-native-quic-4.2.10.Final-linux-x86_64.jar (2.8 MB at 394 kB/s)
#16 32.88 [INFO] Downloading from central: https://repo.maven.apache.org/maven2/io/netty/netty-resolver-dns/4.2.10.Final/netty-resolver-dns-4.2.10.Final.jar
#16 32.93 [INFO] Downloaded from central: https://repo.maven.apache.org/maven2/io/netty/netty-codec-native-quic/4.2.10.Final/netty-codec-native-quic-4.2.10.Final-windows-x86_64.jar (1.5 MB at 218 kB/s)
#16 32.93 [INFO] Downloading from central: https://repo.maven.apache.org/maven2/io/netty/netty-codec-dns/4.2.10.Final/netty-codec-dns-4.2.10.Final.jar
#16 33.08 [INFO] Downloaded from central: https://repo.maven.apache.org/maven2/io/netty/netty-codec-native-quic/4.2.10.Final/netty-codec-native-quic-4.2.10.Final-linux-aarch_64.jar (2.6 MB at 360 kB/s)
#16 33.08 [INFO] Downloading from central: https://repo.maven.apache.org/maven2/io/netty/netty-resolver-dns-native-macos/4.2.10.Final/netty-resolver-dns-native-macos-4.2.10.Final-osx-x86_64.jar
#16 33.09 [INFO] Downloaded from central: https://repo.maven.apache.org/maven2/io/netty/netty-codec-dns/4.2.10.Final/netty-codec-dns-4.2.10.Final.jar (71 kB at 9.8 kB/s)
#16 33.09 [INFO] Downloading from central: https://repo.maven.apache.org/maven2/io/netty/netty-resolver-dns-classes-macos/4.2.10.Final/netty-resolver-dns-classes-macos-4.2.10.Final.jar
#16 33.09 [INFO] Downloaded from central: https://repo.maven.apache.org/maven2/io/netty/netty-resolver-dns/4.2.10.Final/netty-resolver-dns-4.2.10.Final.jar (174 kB at 24 kB/s)
#16 33.09 [INFO] Downloading from central: https://repo.maven.apache.org/maven2/io/netty/netty-transport-native-epoll/4.2.10.Final/netty-transport-native-epoll-4.2.10.Final-linux-x86_64.jar
#16 33.12 [INFO] Downloaded from central: https://repo.maven.apache.org/maven2/io/netty/netty-codec-native-quic/4.2.10.Final/netty-codec-native-quic-4.2.10.Final-osx-x86_64.jar (2.5 MB at 346 kB/s)
#16 33.12 [INFO] Downloading from central: https://repo.maven.apache.org/maven2/io/netty/netty-transport-classes-epoll/4.2.10.Final/netty-transport-classes-epoll-4.2.10.Final.jar
#16 33.17 [INFO] Downloaded from central: https://repo.maven.apache.org/maven2/io/netty/netty-resolver-dns-native-macos/4.2.10.Final/netty-resolver-dns-native-macos-4.2.10.Final-osx-x86_64.jar (20 kB at 2.7 kB/s)
#16 33.17 [INFO] Downloaded from central: https://repo.maven.apache.org/maven2/io/netty/netty-resolver-dns-classes-macos/4.2.10.Final/netty-resolver-dns-classes-macos-4.2.10.Final.jar (9.8 kB at 1.3 kB/s)
#16 33.17 [INFO] Downloading from central: https://repo.maven.apache.org/maven2/io/projectreactor/netty/reactor-netty-core/1.3.3/reactor-netty-core-1.3.3.jar
#16 33.17 [INFO] Downloading from central: https://repo.maven.apache.org/maven2/io/netty/netty-handler-proxy/4.2.10.Final/netty-handler-proxy-4.2.10.Final.jar
#16 33.17 [INFO] Downloaded from central: https://repo.maven.apache.org/maven2/io/netty/netty-transport-native-epoll/4.2.10.Final/netty-transport-native-epoll-4.2.10.Final-linux-x86_64.jar (42 kB at 5.7 kB/s)
#16 33.17 [INFO] Downloading from central: https://repo.maven.apache.org/maven2/io/netty/netty-codec-socks/4.2.10.Final/netty-codec-socks-4.2.10.Final.jar
#16 33.24 [INFO] Downloaded from central: https://repo.maven.apache.org/maven2/io/netty/netty-transport-classes-epoll/4.2.10.Final/netty-transport-classes-epoll-4.2.10.Final.jar (157 kB at 21 kB/s)
#16 33.24 [INFO] Downloading from central: https://repo.maven.apache.org/maven2/org/springframework/boot/spring-boot-netty/4.0.3/spring-boot-netty-4.0.3.jar
#16 33.25 [INFO] Downloaded from central: https://repo.maven.apache.org/maven2/io/netty/netty-handler-proxy/4.2.10.Final/netty-handler-proxy-4.2.10.Final.jar (27 kB at 3.6 kB/s)
#16 33.25 [INFO] Downloading from central: https://repo.maven.apache.org/maven2/io/netty/netty-common/4.2.10.Final/netty-common-4.2.10.Final.jar
#16 33.28 [INFO] Downloaded from central: https://repo.maven.apache.org/maven2/io/netty/netty-codec-socks/4.2.10.Final/netty-codec-socks-4.2.10.Final.jar (132 kB at 18 kB/s)
#16 33.28 [INFO] Downloading from central: https://repo.maven.apache.org/maven2/org/springframework/boot/spring-boot-webflux/4.0.3/spring-boot-webflux-4.0.3.jar
#16 33.30 [INFO] Downloaded from central: https://repo.maven.apache.org/maven2/io/netty/netty-codec-native-quic/4.2.10.Final/netty-codec-native-quic-4.2.10.Final-osx-aarch_64.jar (2.4 MB at 320 kB/s)
#16 33.30 [INFO] Downloading from central: https://repo.maven.apache.org/maven2/org/springframework/boot/spring-boot-http-codec/4.0.3/spring-boot-http-codec-4.0.3.jar
#16 33.35 [INFO] Downloaded from central: https://repo.maven.apache.org/maven2/org/springframework/boot/spring-boot-netty/4.0.3/spring-boot-netty-4.0.3.jar (9.8 kB at 1.3 kB/s)
#16 33.35 [INFO] Downloading from central: https://repo.maven.apache.org/maven2/org/springframework/spring-webflux/7.0.5/spring-webflux-7.0.5.jar
#16 33.37 [INFO] Downloaded from central: https://repo.maven.apache.org/maven2/org/springframework/boot/spring-boot-http-codec/4.0.3/spring-boot-http-codec-4.0.3.jar (20 kB at 2.7 kB/s)
#16 33.37 [INFO] Downloading from central: https://repo.maven.apache.org/maven2/org/springframework/boot/spring-boot-web-server/4.0.3/spring-boot-web-server-4.0.3.jar
#16 33.39 [INFO] Downloaded from central: https://repo.maven.apache.org/maven2/io/projectreactor/netty/reactor-netty-core/1.3.3/reactor-netty-core-1.3.3.jar (545 kB at 72 kB/s)
#16 33.39 [INFO] Downloading from central: https://repo.maven.apache.org/maven2/com/google/code/gson/gson/2.10.1/gson-2.10.1.jar
#16 33.40 [INFO] Downloaded from central: https://repo.maven.apache.org/maven2/org/springframework/boot/spring-boot-webflux/4.0.3/spring-boot-webflux-4.0.3.jar (150 kB at 20 kB/s)
#16 33.40 [INFO] Downloading from central: https://repo.maven.apache.org/maven2/org/springframework/boot/spring-boot-starter-oauth2-client/4.0.3/spring-boot-starter-oauth2-client-4.0.3.jar
#16 33.47 [INFO] Downloaded from central: https://repo.maven.apache.org/maven2/org/springframework/boot/spring-boot-starter-oauth2-client/4.0.3/spring-boot-starter-oauth2-client-4.0.3.jar (4.8 kB at 631 B/s)
#16 33.47 [INFO] Downloading from central: https://repo.maven.apache.org/maven2/org/springframework/boot/spring-boot-security-oauth2-client/4.0.3/spring-boot-security-oauth2-client-4.0.3.jar
#16 33.51 [INFO] Downloaded from central: https://repo.maven.apache.org/maven2/org/springframework/boot/spring-boot-web-server/4.0.3/spring-boot-web-server-4.0.3.jar (169 kB at 22 kB/s)
#16 33.51 [INFO] Downloading from central: https://repo.maven.apache.org/maven2/org/springframework/security/spring-security-oauth2-client/7.0.3/spring-security-oauth2-client-7.0.3.jar
#16 33.54 [INFO] Downloaded from central: https://repo.maven.apache.org/maven2/com/google/code/gson/gson/2.10.1/gson-2.10.1.jar (283 kB at 37 kB/s)
#16 33.54 [INFO] Downloading from central: https://repo.maven.apache.org/maven2/com/nimbusds/oauth2-oidc-sdk/11.26.1/oauth2-oidc-sdk-11.26.1.jar
#16 33.55 [INFO] Downloaded from central: https://repo.maven.apache.org/maven2/io/netty/netty-common/4.2.10.Final/netty-common-4.2.10.Final.jar (809 kB at 105 kB/s)
#16 33.55 [INFO] Downloading from central: https://repo.maven.apache.org/maven2/com/github/stephenc/jcip/jcip-annotations/1.0-1/jcip-annotations-1.0-1.jar
#16 33.55 [INFO] Downloaded from central: https://repo.maven.apache.org/maven2/org/springframework/boot/spring-boot-security-oauth2-client/4.0.3/spring-boot-security-oauth2-client-4.0.3.jar (36 kB at 4.7 kB/s)
#16 33.55 [INFO] Downloading from central: https://repo.maven.apache.org/maven2/com/nimbusds/content-type/2.3/content-type-2.3.jar
#16 33.62 [INFO] Downloaded from central: https://repo.maven.apache.org/maven2/com/nimbusds/content-type/2.3/content-type-2.3.jar (8.9 kB at 1.1 kB/s)
#16 33.62 [INFO] Downloading from central: https://repo.maven.apache.org/maven2/com/nimbusds/lang-tag/1.7/lang-tag-1.7.jar
#16 33.64 [INFO] Downloaded from central: https://repo.maven.apache.org/maven2/com/github/stephenc/jcip/jcip-annotations/1.0-1/jcip-annotations-1.0-1.jar (4.7 kB at 605 B/s)
#16 33.64 [INFO] Downloading from central: https://repo.maven.apache.org/maven2/org/springframework/security/spring-security-oauth2-jose/7.0.3/spring-security-oauth2-jose-7.0.3.jar
#16 33.71 [INFO] Downloaded from central: https://repo.maven.apache.org/maven2/com/nimbusds/lang-tag/1.7/lang-tag-1.7.jar (11 kB at 1.4 kB/s)
#16 33.71 [INFO] Downloading from central: https://repo.maven.apache.org/maven2/org/springframework/security/spring-security-core/7.0.3/spring-security-core-7.0.3.jar
#16 33.73 [INFO] Downloaded from central: https://repo.maven.apache.org/maven2/org/springframework/security/spring-security-oauth2-client/7.0.3/spring-security-oauth2-client-7.0.3.jar (451 kB at 57 kB/s)
#16 33.73 [INFO] Downloading from central: https://repo.maven.apache.org/maven2/org/springframework/security/spring-security-crypto/7.0.3/spring-security-crypto-7.0.3.jar
#16 33.76 [INFO] Downloaded from central: https://repo.maven.apache.org/maven2/org/springframework/security/spring-security-oauth2-jose/7.0.3/spring-security-oauth2-jose-7.0.3.jar (139 kB at 18 kB/s)
#16 33.76 [INFO] Downloading from central: https://repo.maven.apache.org/maven2/org/springframework/security/spring-security-oauth2-core/7.0.3/spring-security-oauth2-core-7.0.3.jar
#16 33.76 [INFO] Downloaded from central: https://repo.maven.apache.org/maven2/org/springframework/spring-webflux/7.0.5/spring-webflux-7.0.5.jar (1.0 MB at 129 kB/s)
#16 33.76 [INFO] Downloading from central: https://repo.maven.apache.org/maven2/com/nimbusds/nimbus-jose-jwt/10.4/nimbus-jose-jwt-10.4.jar
#16 33.80 [INFO] Downloaded from central: https://repo.maven.apache.org/maven2/com/nimbusds/oauth2-oidc-sdk/11.26.1/oauth2-oidc-sdk-11.26.1.jar (905 kB at 114 kB/s)
#16 33.80 [INFO] Downloading from central: https://repo.maven.apache.org/maven2/com/fasterxml/jackson/core/jackson-databind/2.20.2/jackson-databind-2.20.2.jar
#16 33.83 [INFO] Downloaded from central: https://repo.maven.apache.org/maven2/org/springframework/security/spring-security-crypto/7.0.3/spring-security-crypto-7.0.3.jar (112 kB at 14 kB/s)
#16 33.83 [INFO] Downloading from central: https://repo.maven.apache.org/maven2/com/fasterxml/jackson/core/jackson-annotations/2.20/jackson-annotations-2.20.jar
#16 33.86 [INFO] Downloaded from central: https://repo.maven.apache.org/maven2/org/springframework/security/spring-security-oauth2-core/7.0.3/spring-security-oauth2-core-7.0.3.jar (114 kB at 14 kB/s)
#16 33.86 [INFO] Downloading from central: https://repo.maven.apache.org/maven2/com/fasterxml/jackson/core/jackson-core/2.20.2/jackson-core-2.20.2.jar
#16 33.94 [INFO] Downloaded from central: https://repo.maven.apache.org/maven2/com/fasterxml/jackson/core/jackson-annotations/2.20/jackson-annotations-2.20.jar (79 kB at 9.8 kB/s)
#16 33.94 [INFO] Downloading from central: https://repo.maven.apache.org/maven2/org/springframework/boot/spring-boot-starter-test/4.0.3/spring-boot-starter-test-4.0.3.jar
#16 34.03 [INFO] Downloaded from central: https://repo.maven.apache.org/maven2/org/springframework/security/spring-security-core/7.0.3/spring-security-core-7.0.3.jar (618 kB at 75 kB/s)
#16 34.03 [INFO] Downloading from central: https://repo.maven.apache.org/maven2/org/springframework/boot/spring-boot-test/4.0.3/spring-boot-test-4.0.3.jar
#16 34.05 [INFO] Downloaded from central: https://repo.maven.apache.org/maven2/org/springframework/boot/spring-boot-starter-test/4.0.3/spring-boot-starter-test-4.0.3.jar (4.8 kB at 583 B/s)
#16 34.05 [INFO] Downloading from central: https://repo.maven.apache.org/maven2/org/springframework/boot/spring-boot-test-autoconfigure/4.0.3/spring-boot-test-autoconfigure-4.0.3.jar
#16 34.06 [INFO] Downloaded from central: https://repo.maven.apache.org/maven2/com/nimbusds/nimbus-jose-jwt/10.4/nimbus-jose-jwt-10.4.jar (810 kB at 99 kB/s)
#16 34.06 [INFO] Downloading from central: https://repo.maven.apache.org/maven2/com/jayway/jsonpath/json-path/2.10.0/json-path-2.10.0.jar
#16 34.14 [INFO] Downloaded from central: https://repo.maven.apache.org/maven2/org/springframework/boot/spring-boot-test-autoconfigure/4.0.3/spring-boot-test-autoconfigure-4.0.3.jar (28 kB at 3.4 kB/s)
#16 34.14 [INFO] Downloading from central: https://repo.maven.apache.org/maven2/org/slf4j/slf4j-api/2.0.17/slf4j-api-2.0.17.jar
#16 34.15 [INFO] Downloaded from central: https://repo.maven.apache.org/maven2/com/fasterxml/jackson/core/jackson-core/2.20.2/jackson-core-2.20.2.jar (593 kB at 71 kB/s)
#16 34.15 [INFO] Downloading from central: https://repo.maven.apache.org/maven2/jakarta/xml/bind/jakarta.xml.bind-api/4.0.4/jakarta.xml.bind-api-4.0.4.jar
#16 34.18 [INFO] Downloaded from central: https://repo.maven.apache.org/maven2/org/springframework/boot/spring-boot-test/4.0.3/spring-boot-test-4.0.3.jar (210 kB at 25 kB/s)
#16 34.18 [INFO] Downloading from central: https://repo.maven.apache.org/maven2/jakarta/activation/jakarta.activation-api/2.1.4/jakarta.activation-api-2.1.4.jar
#16 34.22 [INFO] Downloaded from central: https://repo.maven.apache.org/maven2/com/jayway/jsonpath/json-path/2.10.0/json-path-2.10.0.jar (279 kB at 33 kB/s)
#16 34.22 [INFO] Downloading from central: https://repo.maven.apache.org/maven2/net/minidev/json-smart/2.6.0/json-smart-2.6.0.jar
#16 34.23 [INFO] Downloaded from central: https://repo.maven.apache.org/maven2/com/fasterxml/jackson/core/jackson-databind/2.20.2/jackson-databind-2.20.2.jar (1.7 MB at 201 kB/s)
#16 34.23 [INFO] Downloading from central: https://repo.maven.apache.org/maven2/net/minidev/accessors-smart/2.6.0/accessors-smart-2.6.0.jar
#16 34.24 [INFO] Downloaded from central: https://repo.maven.apache.org/maven2/org/slf4j/slf4j-api/2.0.17/slf4j-api-2.0.17.jar (70 kB at 8.3 kB/s)
#16 34.24 [INFO] Downloading from central: https://repo.maven.apache.org/maven2/org/ow2/asm/asm/9.7.1/asm-9.7.1.jar
#16 34.25 [INFO] Downloaded from central: https://repo.maven.apache.org/maven2/jakarta/xml/bind/jakarta.xml.bind-api/4.0.4/jakarta.xml.bind-api-4.0.4.jar (131 kB at 16 kB/s)
#16 34.25 [INFO] Downloading from central: https://repo.maven.apache.org/maven2/org/assertj/assertj-core/3.27.7/assertj-core-3.27.7.jar
#16 34.30 [INFO] Downloaded from central: https://repo.maven.apache.org/maven2/jakarta/activation/jakarta.activation-api/2.1.4/jakarta.activation-api-2.1.4.jar (67 kB at 8.0 kB/s)
#16 34.30 [INFO] Downloading from central: https://repo.maven.apache.org/maven2/net/bytebuddy/byte-buddy/1.17.8/byte-buddy-1.17.8.jar
#16 34.31 [INFO] Downloaded from central: https://repo.maven.apache.org/maven2/net/minidev/accessors-smart/2.6.0/accessors-smart-2.6.0.jar (30 kB at 3.6 kB/s)
#16 34.31 [INFO] Downloading from central: https://repo.maven.apache.org/maven2/org/awaitility/awaitility/4.3.0/awaitility-4.3.0.jar
#16 34.34 [INFO] Downloaded from central: https://repo.maven.apache.org/maven2/org/ow2/asm/asm/9.7.1/asm-9.7.1.jar (126 kB at 15 kB/s)
#16 34.34 [INFO] Downloading from central: https://repo.maven.apache.org/maven2/org/hamcrest/hamcrest/3.0/hamcrest-3.0.jar
#16 34.37 [INFO] Downloaded from central: https://repo.maven.apache.org/maven2/net/minidev/json-smart/2.6.0/json-smart-2.6.0.jar (123 kB at 14 kB/s)
#16 34.37 [INFO] Downloading from central: https://repo.maven.apache.org/maven2/org/junit/jupiter/junit-jupiter/6.0.3/junit-jupiter-6.0.3.jar
#16 34.39 [INFO] Downloaded from central: https://repo.maven.apache.org/maven2/org/awaitility/awaitility/4.3.0/awaitility-4.3.0.jar (98 kB at 11 kB/s)
#16 34.39 [INFO] Downloading from central: https://repo.maven.apache.org/maven2/org/junit/jupiter/junit-jupiter-api/6.0.3/junit-jupiter-api-6.0.3.jar
#16 34.44 [INFO] Downloaded from central: https://repo.maven.apache.org/maven2/org/junit/jupiter/junit-jupiter/6.0.3/junit-jupiter-6.0.3.jar (6.4 kB at 741 B/s)
#16 34.44 [INFO] Downloading from central: https://repo.maven.apache.org/maven2/org/opentest4j/opentest4j/1.3.0/opentest4j-1.3.0.jar
#16 34.44 [INFO] Downloaded from central: https://repo.maven.apache.org/maven2/org/hamcrest/hamcrest/3.0/hamcrest-3.0.jar (126 kB at 15 kB/s)
#16 34.44 [INFO] Downloading from central: https://repo.maven.apache.org/maven2/org/junit/platform/junit-platform-commons/6.0.3/junit-platform-commons-6.0.3.jar
#16 34.51 [INFO] Downloaded from central: https://repo.maven.apache.org/maven2/org/junit/jupiter/junit-jupiter-api/6.0.3/junit-jupiter-api-6.0.3.jar (251 kB at 29 kB/s)
#16 34.51 [INFO] Downloading from central: https://repo.maven.apache.org/maven2/org/apiguardian/apiguardian-api/1.1.2/apiguardian-api-1.1.2.jar
#16 34.53 [INFO] Downloaded from central: https://repo.maven.apache.org/maven2/org/opentest4j/opentest4j/1.3.0/opentest4j-1.3.0.jar (14 kB at 1.6 kB/s)
#16 34.53 [INFO] Downloading from central: https://repo.maven.apache.org/maven2/org/junit/jupiter/junit-jupiter-params/6.0.3/junit-jupiter-params-6.0.3.jar
#16 34.59 [INFO] Downloaded from central: https://repo.maven.apache.org/maven2/org/junit/platform/junit-platform-commons/6.0.3/junit-platform-commons-6.0.3.jar (171 kB at 20 kB/s)
#16 34.59 [INFO] Downloading from central: https://repo.maven.apache.org/maven2/org/junit/jupiter/junit-jupiter-engine/6.0.3/junit-jupiter-engine-6.0.3.jar
#16 34.61 [INFO] Downloaded from central: https://repo.maven.apache.org/maven2/org/apiguardian/apiguardian-api/1.1.2/apiguardian-api-1.1.2.jar (6.8 kB at 776 B/s)
#16 34.61 [INFO] Downloading from central: https://repo.maven.apache.org/maven2/org/junit/platform/junit-platform-engine/6.0.3/junit-platform-engine-6.0.3.jar
#16 34.71 [INFO] Downloaded from central: https://repo.maven.apache.org/maven2/org/junit/jupiter/junit-jupiter-params/6.0.3/junit-jupiter-params-6.0.3.jar (297 kB at 33 kB/s)
#16 34.71 [INFO] Downloading from central: https://repo.maven.apache.org/maven2/org/mockito/mockito-core/5.20.0/mockito-core-5.20.0.jar
#16 34.74 [INFO] Downloaded from central: https://repo.maven.apache.org/maven2/org/assertj/assertj-core/3.27.7/assertj-core-3.27.7.jar (1.4 MB at 157 kB/s)
#16 34.74 [INFO] Downloading from central: https://repo.maven.apache.org/maven2/net/bytebuddy/byte-buddy-agent/1.17.8/byte-buddy-agent-1.17.8.jar
#16 34.79 [INFO] Downloaded from central: https://repo.maven.apache.org/maven2/org/junit/platform/junit-platform-engine/6.0.3/junit-platform-engine-6.0.3.jar (280 kB at 31 kB/s)
#16 34.79 [INFO] Downloading from central: https://repo.maven.apache.org/maven2/org/objenesis/objenesis/3.3/objenesis-3.3.jar
#16 34.83 [INFO] Downloaded from central: https://repo.maven.apache.org/maven2/org/junit/jupiter/junit-jupiter-engine/6.0.3/junit-jupiter-engine-6.0.3.jar (356 kB at 40 kB/s)
#16 34.83 [INFO] Downloading from central: https://repo.maven.apache.org/maven2/org/mockito/mockito-junit-jupiter/5.20.0/mockito-junit-jupiter-5.20.0.jar
#16 34.91 [INFO] Downloaded from central: https://repo.maven.apache.org/maven2/org/objenesis/objenesis/3.3/objenesis-3.3.jar (49 kB at 5.4 kB/s)
#16 34.91 [INFO] Downloading from central: https://repo.maven.apache.org/maven2/org/skyscreamer/jsonassert/1.5.3/jsonassert-1.5.3.jar
#16 34.95 [INFO] Downloaded from central: https://repo.maven.apache.org/maven2/org/mockito/mockito-junit-jupiter/5.20.0/mockito-junit-jupiter-5.20.0.jar (9.4 kB at 1.0 kB/s)
#16 34.95 [INFO] Downloading from central: https://repo.maven.apache.org/maven2/com/vaadin/external/google/android-json/0.0.20131108.vaadin1/android-json-0.0.20131108.vaadin1.jar
#16 34.95 [INFO] Downloaded from central: https://repo.maven.apache.org/maven2/net/bytebuddy/byte-buddy-agent/1.17.8/byte-buddy-agent-1.17.8.jar (367 kB at 40 kB/s)
#16 34.95 [INFO] Downloading from central: https://repo.maven.apache.org/maven2/org/springframework/spring-core/7.0.5/spring-core-7.0.5.jar
#16 34.99 [INFO] Downloaded from central: https://repo.maven.apache.org/maven2/org/mockito/mockito-core/5.20.0/mockito-core-5.20.0.jar (711 kB at 78 kB/s)
#16 34.99 [INFO] Downloading from central: https://repo.maven.apache.org/maven2/commons-logging/commons-logging/1.3.5/commons-logging-1.3.5.jar
#16 35.02 [INFO] Downloaded from central: https://repo.maven.apache.org/maven2/org/skyscreamer/jsonassert/1.5.3/jsonassert-1.5.3.jar (31 kB at 3.4 kB/s)
#16 35.02 [INFO] Downloading from central: https://repo.maven.apache.org/maven2/org/jspecify/jspecify/1.0.0/jspecify-1.0.0.jar
#16 35.03 [INFO] Downloaded from central: https://repo.maven.apache.org/maven2/com/vaadin/external/google/android-json/0.0.20131108.vaadin1/android-json-0.0.20131108.vaadin1.jar (18 kB at 2.0 kB/s)
#16 35.03 [INFO] Downloading from central: https://repo.maven.apache.org/maven2/org/springframework/spring-test/7.0.5/spring-test-7.0.5.jar
#16 35.09 [INFO] Downloaded from central: https://repo.maven.apache.org/maven2/commons-logging/commons-logging/1.3.5/commons-logging-1.3.5.jar (74 kB at 8.0 kB/s)
#16 35.09 [INFO] Downloading from central: https://repo.maven.apache.org/maven2/org/xmlunit/xmlunit-core/2.10.4/xmlunit-core-2.10.4.jar
#16 35.10 [INFO] Downloaded from central: https://repo.maven.apache.org/maven2/org/jspecify/jspecify/1.0.0/jspecify-1.0.0.jar (3.8 kB at 412 B/s)
#16 35.10 [INFO] Downloading from central: https://repo.maven.apache.org/maven2/org/springframework/boot/spring-boot-starter-security-test/4.0.3/spring-boot-starter-security-test-4.0.3.jar
#16 35.17 [INFO] Downloaded from central: https://repo.maven.apache.org/maven2/org/springframework/boot/spring-boot-starter-security-test/4.0.3/spring-boot-starter-security-test-4.0.3.jar (4.7 kB at 508 B/s)
#16 35.17 [INFO] Downloading from central: https://repo.maven.apache.org/maven2/org/springframework/boot/spring-boot-security-test/4.0.3/spring-boot-security-test-4.0.3.jar
#16 35.24 [INFO] Downloaded from central: https://repo.maven.apache.org/maven2/org/xmlunit/xmlunit-core/2.10.4/xmlunit-core-2.10.4.jar (178 kB at 19 kB/s)
#16 35.24 [INFO] Downloading from central: https://repo.maven.apache.org/maven2/org/springframework/security/spring-security-test/7.0.3/spring-security-test-7.0.3.jar
#16 35.26 [INFO] Downloaded from central: https://repo.maven.apache.org/maven2/org/springframework/boot/spring-boot-security-test/4.0.3/spring-boot-security-test-4.0.3.jar (13 kB at 1.4 kB/s)
#16 35.26 [INFO] Downloading from central: https://repo.maven.apache.org/maven2/org/springframework/boot/spring-boot-starter-webmvc-test/4.0.3/spring-boot-starter-webmvc-test-4.0.3.jar
#16 35.36 [INFO] Downloaded from central: https://repo.maven.apache.org/maven2/org/springframework/boot/spring-boot-starter-webmvc-test/4.0.3/spring-boot-starter-webmvc-test-4.0.3.jar (4.8 kB at 499 B/s)
#16 35.36 [INFO] Downloading from central: https://repo.maven.apache.org/maven2/org/springframework/boot/spring-boot-starter-jackson-test/4.0.3/spring-boot-starter-jackson-test-4.0.3.jar
#16 35.39 [INFO] Downloaded from central: https://repo.maven.apache.org/maven2/org/springframework/security/spring-security-test/7.0.3/spring-security-test-7.0.3.jar (143 kB at 15 kB/s)
#16 35.39 [INFO] Downloading from central: https://repo.maven.apache.org/maven2/org/springframework/boot/spring-boot-webmvc-test/4.0.3/spring-boot-webmvc-test-4.0.3.jar
#16 35.46 [INFO] Downloaded from central: https://repo.maven.apache.org/maven2/org/springframework/boot/spring-boot-starter-jackson-test/4.0.3/spring-boot-starter-jackson-test-4.0.3.jar (4.7 kB at 492 B/s)
#16 35.46 [INFO] Downloading from central: https://repo.maven.apache.org/maven2/org/springframework/boot/spring-boot-resttestclient/4.0.3/spring-boot-resttestclient-4.0.3.jar
#16 35.53 [INFO] Downloaded from central: https://repo.maven.apache.org/maven2/org/springframework/boot/spring-boot-webmvc-test/4.0.3/spring-boot-webmvc-test-4.0.3.jar (46 kB at 4.7 kB/s)
#16 35.53 [INFO] Downloading from central: https://repo.maven.apache.org/maven2/org/modelmapper/modelmapper/3.1.1/modelmapper-3.1.1.jar
#16 35.58 [INFO] Downloaded from central: https://repo.maven.apache.org/maven2/org/springframework/boot/spring-boot-resttestclient/4.0.3/spring-boot-resttestclient-4.0.3.jar (33 kB at 3.4 kB/s)
#16 35.60 [INFO] Downloaded from central: https://repo.maven.apache.org/maven2/org/springframework/spring-test/7.0.5/spring-test-7.0.5.jar (1.1 MB at 113 kB/s)
#16 35.60 [INFO] Downloaded from central: https://repo.maven.apache.org/maven2/org/springframework/spring-core/7.0.5/spring-core-7.0.5.jar (2.0 MB at 208 kB/s)
#16 36.48 [INFO] Downloaded from central: https://repo.maven.apache.org/maven2/net/bytebuddy/byte-buddy/1.17.8/byte-buddy-1.17.8.jar (9.0 MB at 848 kB/s)
#16 37.04 [INFO] Downloaded from central: https://repo.maven.apache.org/maven2/org/modelmapper/modelmapper/3.1.1/modelmapper-3.1.1.jar (4.3 MB at 386 kB/s)
#16 37.10 [INFO] 
#16 37.10 [INFO] --- clean:3.5.0:clean (default-clean) @ backend ---
#16 37.11 [INFO] Downloading from central: https://repo.maven.apache.org/maven2/org/codehaus/plexus/plexus-utils/4.0.2/plexus-utils-4.0.2.pom
#16 37.29 [INFO] Downloaded from central: https://repo.maven.apache.org/maven2/org/codehaus/plexus/plexus-utils/4.0.2/plexus-utils-4.0.2.pom (13 kB at 71 kB/s)
#16 37.29 [INFO] Downloading from central: https://repo.maven.apache.org/maven2/org/codehaus/plexus/plexus-utils/4.0.2/plexus-utils-4.0.2.jar
#16 37.50 [INFO] Downloaded from central: https://repo.maven.apache.org/maven2/org/codehaus/plexus/plexus-utils/4.0.2/plexus-utils-4.0.2.jar (193 kB at 912 kB/s)
#16 37.55 [INFO] 
#16 37.55 [INFO] --- resources:3.3.1:resources (default-resources) @ backend ---
#16 37.55 [INFO] Downloading from central: https://repo.maven.apache.org/maven2/org/codehaus/plexus/plexus-interpolation/1.26/plexus-interpolation-1.26.pom
#16 37.75 [INFO] Downloaded from central: https://repo.maven.apache.org/maven2/org/codehaus/plexus/plexus-interpolation/1.26/plexus-interpolation-1.26.pom (2.7 kB at 13 kB/s)
#16 37.75 [INFO] Downloading from central: https://repo.maven.apache.org/maven2/org/codehaus/plexus/plexus/5.1/plexus-5.1.pom
#16 37.83 [INFO] Downloaded from central: https://repo.maven.apache.org/maven2/org/codehaus/plexus/plexus/5.1/plexus-5.1.pom (23 kB at 308 kB/s)
#16 37.84 [INFO] Downloading from central: https://repo.maven.apache.org/maven2/org/codehaus/plexus/plexus-utils/3.5.1/plexus-utils-3.5.1.pom
#16 38.02 [INFO] Downloaded from central: https://repo.maven.apache.org/maven2/org/codehaus/plexus/plexus-utils/3.5.1/plexus-utils-3.5.1.pom (8.8 kB at 49 kB/s)
#16 38.02 [INFO] Downloading from central: https://repo.maven.apache.org/maven2/org/codehaus/plexus/plexus/10/plexus-10.pom
#16 38.20 [INFO] Downloaded from central: https://repo.maven.apache.org/maven2/org/codehaus/plexus/plexus/10/plexus-10.pom (25 kB at 139 kB/s)
#16 38.21 [INFO] Downloading from central: https://repo.maven.apache.org/maven2/org/apache/maven/shared/maven-filtering/3.3.1/maven-filtering-3.3.1.pom
#16 38.38 [INFO] Downloaded from central: https://repo.maven.apache.org/maven2/org/apache/maven/shared/maven-filtering/3.3.1/maven-filtering-3.3.1.pom (6.0 kB at 34 kB/s)
#16 38.39 [INFO] Downloading from central: https://repo.maven.apache.org/maven2/org/apache/maven/shared/maven-shared-components/39/maven-shared-components-39.pom
#16 38.57 [INFO] Downloaded from central: https://repo.maven.apache.org/maven2/org/apache/maven/shared/maven-shared-components/39/maven-shared-components-39.pom (3.2 kB at 18 kB/s)
#16 38.57 [INFO] Downloading from central: https://repo.maven.apache.org/maven2/javax/inject/javax.inject/1/javax.inject-1.pom
#16 38.64 [INFO] Downloaded from central: https://repo.maven.apache.org/maven2/javax/inject/javax.inject/1/javax.inject-1.pom (612 B at 8.6 kB/s)
#16 38.64 [INFO] Downloading from central: https://repo.maven.apache.org/maven2/org/slf4j/slf4j-api/1.7.36/slf4j-api-1.7.36.pom
#16 38.72 [INFO] Downloaded from central: https://repo.maven.apache.org/maven2/org/slf4j/slf4j-api/1.7.36/slf4j-api-1.7.36.pom (2.7 kB at 36 kB/s)
#16 38.72 [INFO] Downloading from central: https://repo.maven.apache.org/maven2/org/slf4j/slf4j-parent/1.7.36/slf4j-parent-1.7.36.pom
#16 38.80 [INFO] Downloaded from central: https://repo.maven.apache.org/maven2/org/slf4j/slf4j-parent/1.7.36/slf4j-parent-1.7.36.pom (14 kB at 185 kB/s)
#16 38.80 [INFO] Downloading from central: https://repo.maven.apache.org/maven2/org/sonatype/plexus/plexus-build-api/0.0.7/plexus-build-api-0.0.7.pom
#16 39.00 [INFO] Downloaded from central: https://repo.maven.apache.org/maven2/org/sonatype/plexus/plexus-build-api/0.0.7/plexus-build-api-0.0.7.pom (3.2 kB at 16 kB/s)
#16 39.01 [INFO] Downloading from central: https://repo.maven.apache.org/maven2/org/sonatype/spice/spice-parent/15/spice-parent-15.pom
#16 39.22 [INFO] Downloaded from central: https://repo.maven.apache.org/maven2/org/sonatype/spice/spice-parent/15/spice-parent-15.pom (8.4 kB at 39 kB/s)
#16 39.22 [INFO] Downloading from central: https://repo.maven.apache.org/maven2/org/sonatype/forge/forge-parent/5/forge-parent-5.pom
#16 39.40 [INFO] Downloaded from central: https://repo.maven.apache.org/maven2/org/sonatype/forge/forge-parent/5/forge-parent-5.pom (8.4 kB at 46 kB/s)
#16 39.41 [INFO] Downloading from central: https://repo.maven.apache.org/maven2/org/codehaus/plexus/plexus-utils/3.5.0/plexus-utils-3.5.0.pom
#16 39.48 [INFO] Downloaded from central: https://repo.maven.apache.org/maven2/org/codehaus/plexus/plexus-utils/3.5.0/plexus-utils-3.5.0.pom (8.0 kB at 114 kB/s)
#16 39.48 [INFO] Downloading from central: https://repo.maven.apache.org/maven2/commons-io/commons-io/2.11.0/commons-io-2.11.0.pom
#16 39.67 [INFO] Downloaded from central: https://repo.maven.apache.org/maven2/commons-io/commons-io/2.11.0/commons-io-2.11.0.pom (20 kB at 105 kB/s)
#16 39.67 [INFO] Downloading from central: https://repo.maven.apache.org/maven2/org/apache/commons/commons-parent/52/commons-parent-52.pom
#16 39.75 [INFO] Downloaded from central: https://repo.maven.apache.org/maven2/org/apache/commons/commons-parent/52/commons-parent-52.pom (79 kB at 979 kB/s)
#16 39.75 [INFO] Downloading from central: https://repo.maven.apache.org/maven2/org/apache/apache/23/apache-23.pom
#16 39.83 [INFO] Downloaded from central: https://repo.maven.apache.org/maven2/org/apache/apache/23/apache-23.pom (18 kB at 259 kB/s)
#16 39.83 [INFO] Downloading from central: https://repo.maven.apache.org/maven2/org/junit/junit-bom/5.7.2/junit-bom-5.7.2.pom
#16 39.90 [INFO] Downloaded from central: https://repo.maven.apache.org/maven2/org/junit/junit-bom/5.7.2/junit-bom-5.7.2.pom (5.1 kB at 68 kB/s)
#16 39.91 [INFO] Downloading from central: https://repo.maven.apache.org/maven2/org/apache/commons/commons-lang3/3.12.0/commons-lang3-3.12.0.pom
#16 39.98 [INFO] Downloaded from central: https://repo.maven.apache.org/maven2/org/apache/commons/commons-lang3/3.12.0/commons-lang3-3.12.0.pom (31 kB at 398 kB/s)
#16 39.99 [INFO] Downloading from central: https://repo.maven.apache.org/maven2/org/junit/junit-bom/5.7.1/junit-bom-5.7.1.pom
#16 40.06 [INFO] Downloaded from central: https://repo.maven.apache.org/maven2/org/junit/junit-bom/5.7.1/junit-bom-5.7.1.pom (5.1 kB at 69 kB/s)
#16 40.07 [INFO] Downloading from central: https://repo.maven.apache.org/maven2/org/codehaus/plexus/plexus-interpolation/1.26/plexus-interpolation-1.26.jar
#16 40.16 [INFO] Downloaded from central: https://repo.maven.apache.org/maven2/org/codehaus/plexus/plexus-interpolation/1.26/plexus-interpolation-1.26.jar (85 kB at 970 kB/s)
#16 40.16 [INFO] Downloading from central: https://repo.maven.apache.org/maven2/org/codehaus/plexus/plexus-utils/3.5.1/plexus-utils-3.5.1.jar
#16 40.16 [INFO] Downloading from central: https://repo.maven.apache.org/maven2/org/apache/maven/shared/maven-filtering/3.3.1/maven-filtering-3.3.1.jar
#16 40.16 [INFO] Downloading from central: https://repo.maven.apache.org/maven2/javax/inject/javax.inject/1/javax.inject-1.jar
#16 40.16 [INFO] Downloading from central: https://repo.maven.apache.org/maven2/org/slf4j/slf4j-api/1.7.36/slf4j-api-1.7.36.jar
#16 40.16 [INFO] Downloading from central: https://repo.maven.apache.org/maven2/org/sonatype/plexus/plexus-build-api/0.0.7/plexus-build-api-0.0.7.jar
#16 40.23 [INFO] Downloaded from central: https://repo.maven.apache.org/maven2/javax/inject/javax.inject/1/javax.inject-1.jar (2.5 kB at 36 kB/s)
#16 40.23 [INFO] Downloading from central: https://repo.maven.apache.org/maven2/commons-io/commons-io/2.11.0/commons-io-2.11.0.jar
#16 40.23 [INFO] Downloaded from central: https://repo.maven.apache.org/maven2/org/sonatype/plexus/plexus-build-api/0.0.7/plexus-build-api-0.0.7.jar (8.5 kB at 121 kB/s)
#16 40.23 [INFO] Downloading from central: https://repo.maven.apache.org/maven2/org/apache/commons/commons-lang3/3.12.0/commons-lang3-3.12.0.jar
#16 40.23 [INFO] Downloaded from central: https://repo.maven.apache.org/maven2/org/slf4j/slf4j-api/1.7.36/slf4j-api-1.7.36.jar (41 kB at 563 kB/s)
#16 40.24 [INFO] Downloaded from central: https://repo.maven.apache.org/maven2/org/apache/maven/shared/maven-filtering/3.3.1/maven-filtering-3.3.1.jar (55 kB at 705 kB/s)
#16 40.28 [INFO] Downloaded from central: https://repo.maven.apache.org/maven2/org/codehaus/plexus/plexus-utils/3.5.1/plexus-utils-3.5.1.jar (269 kB at 2.1 MB/s)
#16 40.35 [INFO] Downloaded from central: https://repo.maven.apache.org/maven2/commons-io/commons-io/2.11.0/commons-io-2.11.0.jar (327 kB at 1.7 MB/s)
#16 40.49 [INFO] Downloaded from central: https://repo.maven.apache.org/maven2/org/apache/commons/commons-lang3/3.12.0/commons-lang3-3.12.0.jar (587 kB at 1.8 MB/s)
#16 40.53 [INFO] Copying 3 resources from src/main/resources to target/classes
#16 40.55 [INFO] Copying 4 resources from src/main/resources to target/classes
#16 40.56 [INFO] 
#16 40.56 [INFO] --- compiler:3.14.1:compile (default-compile) @ backend ---
#16 40.56 [INFO] Downloading from central: https://repo.maven.apache.org/maven2/org/ow2/asm/asm/9.8/asm-9.8.pom
#16 40.63 [INFO] Downloaded from central: https://repo.maven.apache.org/maven2/org/ow2/asm/asm/9.8/asm-9.8.pom (2.4 kB at 36 kB/s)
#16 40.63 [INFO] Downloading from central: https://repo.maven.apache.org/maven2/org/apache/maven/shared/maven-shared-utils/3.4.2/maven-shared-utils-3.4.2.pom
#16 40.70 [INFO] Downloaded from central: https://repo.maven.apache.org/maven2/org/apache/maven/shared/maven-shared-utils/3.4.2/maven-shared-utils-3.4.2.pom (5.9 kB at 85 kB/s)
#16 40.70 [INFO] Downloading from central: https://repo.maven.apache.org/maven2/org/apache/maven/shared/maven-shared-incremental/1.1/maven-shared-incremental-1.1.pom
#16 40.78 [INFO] Downloaded from central: https://repo.maven.apache.org/maven2/org/apache/maven/shared/maven-shared-incremental/1.1/maven-shared-incremental-1.1.pom (4.7 kB at 66 kB/s)
#16 40.78 [INFO] Downloading from central: https://repo.maven.apache.org/maven2/org/apache/maven/shared/maven-shared-components/19/maven-shared-components-19.pom
#16 40.84 [INFO] Downloaded from central: https://repo.maven.apache.org/maven2/org/apache/maven/shared/maven-shared-components/19/maven-shared-components-19.pom (6.4 kB at 96 kB/s)
#16 40.85 [INFO] Downloading from central: https://repo.maven.apache.org/maven2/org/apache/maven/maven-parent/23/maven-parent-23.pom
#16 40.91 [INFO] Downloaded from central: https://repo.maven.apache.org/maven2/org/apache/maven/maven-parent/23/maven-parent-23.pom (33 kB at 494 kB/s)
#16 40.92 [INFO] Downloading from central: https://repo.maven.apache.org/maven2/org/apache/apache/13/apache-13.pom
#16 40.98 [INFO] Downloaded from central: https://repo.maven.apache.org/maven2/org/apache/apache/13/apache-13.pom (14 kB at 209 kB/s)
#16 40.99 [INFO] Downloading from central: https://repo.maven.apache.org/maven2/org/codehaus/plexus/plexus-java/1.5.0/plexus-java-1.5.0.pom
#16 41.06 [INFO] Downloaded from central: https://repo.maven.apache.org/maven2/org/codehaus/plexus/plexus-java/1.5.0/plexus-java-1.5.0.pom (4.1 kB at 59 kB/s)
#16 41.06 [INFO] Downloading from central: https://repo.maven.apache.org/maven2/org/codehaus/plexus/plexus-languages/1.5.0/plexus-languages-1.5.0.pom
#16 41.12 [INFO] Downloaded from central: https://repo.maven.apache.org/maven2/org/codehaus/plexus/plexus-languages/1.5.0/plexus-languages-1.5.0.pom (3.9 kB at 62 kB/s)
#16 41.12 [INFO] Downloading from central: https://repo.maven.apache.org/maven2/org/codehaus/plexus/plexus/20/plexus-20.pom
#16 41.19 [INFO] Downloaded from central: https://repo.maven.apache.org/maven2/org/codehaus/plexus/plexus/20/plexus-20.pom (29 kB at 436 kB/s)
#16 41.19 [INFO] Downloading from central: https://repo.maven.apache.org/maven2/com/thoughtworks/qdox/qdox/2.2.0/qdox-2.2.0.pom
#16 41.26 [INFO] Downloaded from central: https://repo.maven.apache.org/maven2/com/thoughtworks/qdox/qdox/2.2.0/qdox-2.2.0.pom (18 kB at 263 kB/s)
#16 41.26 [INFO] Downloading from central: https://repo.maven.apache.org/maven2/org/codehaus/plexus/plexus-compiler-api/2.15.0/plexus-compiler-api-2.15.0.pom
#16 41.33 [INFO] Downloaded from central: https://repo.maven.apache.org/maven2/org/codehaus/plexus/plexus-compiler-api/2.15.0/plexus-compiler-api-2.15.0.pom (1.4 kB at 20 kB/s)
#16 41.33 [INFO] Downloading from central: https://repo.maven.apache.org/maven2/org/codehaus/plexus/plexus-compiler/2.15.0/plexus-compiler-2.15.0.pom
#16 41.39 [INFO] Downloaded from central: https://repo.maven.apache.org/maven2/org/codehaus/plexus/plexus-compiler/2.15.0/plexus-compiler-2.15.0.pom (7.6 kB at 127 kB/s)
#16 41.40 [INFO] Downloading from central: https://repo.maven.apache.org/maven2/org/codehaus/plexus/plexus/17/plexus-17.pom
#16 41.46 [INFO] Downloaded from central: https://repo.maven.apache.org/maven2/org/codehaus/plexus/plexus/17/plexus-17.pom (28 kB at 447 kB/s)
#16 41.46 [INFO] Downloading from central: https://repo.maven.apache.org/maven2/org/codehaus/plexus/plexus-compiler-manager/2.15.0/plexus-compiler-manager-2.15.0.pom
#16 41.53 [INFO] Downloaded from central: https://repo.maven.apache.org/maven2/org/codehaus/plexus/plexus-compiler-manager/2.15.0/plexus-compiler-manager-2.15.0.pom (1.3 kB at 21 kB/s)
#16 41.53 [INFO] Downloading from central: https://repo.maven.apache.org/maven2/org/codehaus/plexus/plexus-xml/3.0.1/plexus-xml-3.0.1.pom
#16 41.59 [INFO] Downloaded from central: https://repo.maven.apache.org/maven2/org/codehaus/plexus/plexus-xml/3.0.1/plexus-xml-3.0.1.pom (3.7 kB at 60 kB/s)
#16 41.59 [INFO] Downloading from central: https://repo.maven.apache.org/maven2/org/codehaus/plexus/plexus/18/plexus-18.pom
#16 41.66 [INFO] Downloaded from central: https://repo.maven.apache.org/maven2/org/codehaus/plexus/plexus/18/plexus-18.pom (29 kB at 418 kB/s)
#16 41.67 [INFO] Downloading from central: https://repo.maven.apache.org/maven2/org/codehaus/plexus/plexus-compiler-javac/2.15.0/plexus-compiler-javac-2.15.0.pom
#16 41.73 [INFO] Downloaded from central: https://repo.maven.apache.org/maven2/org/codehaus/plexus/plexus-compiler-javac/2.15.0/plexus-compiler-javac-2.15.0.pom (1.3 kB at 20 kB/s)
#16 41.73 [INFO] Downloading from central: https://repo.maven.apache.org/maven2/org/codehaus/plexus/plexus-compilers/2.15.0/plexus-compilers-2.15.0.pom
#16 41.80 [INFO] Downloaded from central: https://repo.maven.apache.org/maven2/org/codehaus/plexus/plexus-compilers/2.15.0/plexus-compilers-2.15.0.pom (1.6 kB at 24 kB/s)
#16 41.81 [INFO] Downloading from central: https://repo.maven.apache.org/maven2/org/ow2/asm/asm/9.8/asm-9.8.jar
#16 41.90 [INFO] Downloaded from central: https://repo.maven.apache.org/maven2/org/ow2/asm/asm/9.8/asm-9.8.jar (126 kB at 1.3 MB/s)
#16 41.90 [INFO] Downloading from central: https://repo.maven.apache.org/maven2/org/apache/maven/shared/maven-shared-utils/3.4.2/maven-shared-utils-3.4.2.jar
#16 41.90 [INFO] Downloading from central: https://repo.maven.apache.org/maven2/org/apache/maven/shared/maven-shared-incremental/1.1/maven-shared-incremental-1.1.jar
#16 41.90 [INFO] Downloading from central: https://repo.maven.apache.org/maven2/org/codehaus/plexus/plexus-java/1.5.0/plexus-java-1.5.0.jar
#16 41.90 [INFO] Downloading from central: https://repo.maven.apache.org/maven2/com/thoughtworks/qdox/qdox/2.2.0/qdox-2.2.0.jar
#16 41.90 [INFO] Downloading from central: https://repo.maven.apache.org/maven2/org/codehaus/plexus/plexus-compiler-api/2.15.0/plexus-compiler-api-2.15.0.jar
#16 41.97 [INFO] Downloaded from central: https://repo.maven.apache.org/maven2/org/codehaus/plexus/plexus-compiler-api/2.15.0/plexus-compiler-api-2.15.0.jar (29 kB at 440 kB/s)
#16 41.97 [INFO] Downloading from central: https://repo.maven.apache.org/maven2/org/codehaus/plexus/plexus-compiler-manager/2.15.0/plexus-compiler-manager-2.15.0.jar
#16 41.97 [INFO] Downloaded from central: https://repo.maven.apache.org/maven2/org/apache/maven/shared/maven-shared-incremental/1.1/maven-shared-incremental-1.1.jar (14 kB at 191 kB/s)
#16 41.97 [INFO] Downloading from central: https://repo.maven.apache.org/maven2/org/codehaus/plexus/plexus-xml/3.0.1/plexus-xml-3.0.1.jar
#16 41.99 [INFO] Downloaded from central: https://repo.maven.apache.org/maven2/org/codehaus/plexus/plexus-java/1.5.0/plexus-java-1.5.0.jar (57 kB at 623 kB/s)
#16 41.99 [INFO] Downloading from central: https://repo.maven.apache.org/maven2/org/codehaus/plexus/plexus-compiler-javac/2.15.0/plexus-compiler-javac-2.15.0.jar
#16 42.01 [INFO] Downloaded from central: https://repo.maven.apache.org/maven2/org/apache/maven/shared/maven-shared-utils/3.4.2/maven-shared-utils-3.4.2.jar (151 kB at 1.4 MB/s)
#16 42.02 [INFO] Downloaded from central: https://repo.maven.apache.org/maven2/com/thoughtworks/qdox/qdox/2.2.0/qdox-2.2.0.jar (353 kB at 2.9 MB/s)
#16 42.03 [INFO] Downloaded from central: https://repo.maven.apache.org/maven2/org/codehaus/plexus/plexus-compiler-manager/2.15.0/plexus-compiler-manager-2.15.0.jar (5.2 kB at 42 kB/s)
#16 42.05 [INFO] Downloaded from central: https://repo.maven.apache.org/maven2/org/codehaus/plexus/plexus-xml/3.0.1/plexus-xml-3.0.1.jar (94 kB at 642 kB/s)
#16 42.10 [INFO] Downloaded from central: https://repo.maven.apache.org/maven2/org/codehaus/plexus/plexus-compiler-javac/2.15.0/plexus-compiler-javac-2.15.0.jar (26 kB at 128 kB/s)
#16 42.22 [INFO] Recompiling the module because of changed source code.
#16 42.24 [INFO] Compiling 102 source files with javac [debug parameters release 21] to target/classes
#16 44.29 [INFO] -------------------------------------------------------------
#16 44.29 [ERROR] COMPILATION ERROR : 
#16 44.29 [INFO] -------------------------------------------------------------
#16 44.29 [ERROR] /app/src/main/java/com/smartcampus/backend/model/auth/User.java:[118,19] method getUsername() is already defined in class com.smartcampus.backend.model.auth.User
#16 44.29 [ERROR] /app/src/main/java/com/smartcampus/backend/model/auth/User.java:[123,20] method isAccountNonExpired() is already defined in class com.smartcampus.backend.model.auth.User
#16 44.29 [ERROR] /app/src/main/java/com/smartcampus/backend/model/auth/User.java:[128,20] method isAccountNonLocked() is already defined in class com.smartcampus.backend.model.auth.User
#16 44.29 [ERROR] /app/src/main/java/com/smartcampus/backend/model/auth/User.java:[133,20] method isCredentialsNonExpired() is already defined in class com.smartcampus.backend.model.auth.User
#16 44.29 [ERROR] /app/src/main/java/com/smartcampus/backend/model/auth/User.java:[138,20] method isEnabled() is already defined in class com.smartcampus.backend.model.auth.User
#16 44.29 [ERROR] /app/src/main/java/com/smartcampus/backend/service/facility/FacilityService.java:[43,25] cannot find symbol
#16 44.29   symbol:   method getBookingStatus()
#16 44.29   location: variable facility of type com.smartcampus.backend.model.facility.Facility
#16 44.29 [ERROR] /app/src/main/java/com/smartcampus/backend/service/facility/FacilityService.java:[44,26] cannot find symbol
#16 44.29   symbol:   method getBookingStatus()
#16 44.29   location: variable facility of type com.smartcampus.backend.model.facility.Facility
#16 44.29 [ERROR] /app/src/main/java/com/smartcampus/backend/service/facility/FacilityService.java:[45,25] cannot find symbol
#16 44.29   symbol:   method setBookingStatus(java.lang.String)
#16 44.29   location: variable facility of type com.smartcampus.backend.model.facility.Facility
#16 44.29 [ERROR] /app/src/main/java/com/smartcampus/backend/service/facility/FacilityService.java:[66,21] cannot find symbol
#16 44.29   symbol:   method setBookingStatus(java.lang.String)
#16 44.29   location: variable facility of type com.smartcampus.backend.model.facility.Facility
#16 44.29 [ERROR] /app/src/main/java/com/smartcampus/backend/service/facility/FacilityService.java:[78,23] cannot find symbol
#16 44.29   symbol:   method getType()
#16 44.29   location: variable filter of type com.smartcampus.backend.dto.facility.FacilitySearchFilter
#16 44.29 [ERROR] /app/src/main/java/com/smartcampus/backend/service/facility/FacilityService.java:[79,65] cannot find symbol
#16 44.29   symbol:   method getType()
#16 44.29   location: variable filter of type com.smartcampus.backend.dto.facility.FacilitySearchFilter
#16 44.29 [ERROR] /app/src/main/java/com/smartcampus/backend/service/facility/FacilityService.java:[82,23] cannot find symbol
#16 44.29   symbol:   method getMinCapacity()
#16 44.29   location: variable filter of type com.smartcampus.backend.dto.facility.FacilitySearchFilter
#16 44.29 [ERROR] /app/src/main/java/com/smartcampus/backend/service/facility/FacilityService.java:[83,84] cannot find symbol
#16 44.29   symbol:   method getMinCapacity()
#16 44.29   location: variable filter of type com.smartcampus.backend.dto.facility.FacilitySearchFilter
#16 44.29 [ERROR] /app/src/main/java/com/smartcampus/backend/service/facility/FacilityService.java:[86,23] cannot find symbol
#16 44.29   symbol:   method getLocation()
#16 44.29   location: variable filter of type com.smartcampus.backend.dto.facility.FacilitySearchFilter
#16 44.29 [ERROR] /app/src/main/java/com/smartcampus/backend/service/facility/FacilityService.java:[86,56] cannot find symbol
#16 44.29   symbol:   method getLocation()
#16 44.29   location: variable filter of type com.smartcampus.backend.dto.facility.FacilitySearchFilter
#16 44.29 [ERROR] /app/src/main/java/com/smartcampus/backend/service/facility/FacilityService.java:[87,84] cannot find symbol
#16 44.29   symbol:   method getLocation()
#16 44.29   location: variable filter of type com.smartcampus.backend.dto.facility.FacilitySearchFilter
#16 44.29 [ERROR] /app/src/main/java/com/smartcampus/backend/service/facility/FacilityService.java:[88,78] cannot find symbol
#16 44.29   symbol:   method getLocation()
#16 44.29   location: variable filter of type com.smartcampus.backend.dto.facility.FacilitySearchFilter
#16 44.29 [ERROR] /app/src/main/java/com/smartcampus/backend/service/facility/FacilityService.java:[92,23] cannot find symbol
#16 44.29   symbol:   method getStatus()
#16 44.29   location: variable filter of type com.smartcampus.backend.dto.facility.FacilitySearchFilter
#16 44.29 [ERROR] /app/src/main/java/com/smartcampus/backend/service/facility/FacilityService.java:[93,67] cannot find symbol
#16 44.29   symbol:   method getStatus()
#16 44.29   location: variable filter of type com.smartcampus.backend.dto.facility.FacilitySearchFilter
#16 44.29 [ERROR] /app/src/main/java/com/smartcampus/backend/service/facility/FacilityService.java:[110,17] cannot find symbol
#16 44.29   symbol:   method setBookingStatus(java.lang.String)
#16 44.29   location: variable facility of type com.smartcampus.backend.model.facility.Facility
#16 44.29 [ERROR] /app/src/main/java/com/smartcampus/backend/service/facility/FacilityService.java:[121,21] cannot find symbol
#16 44.29   symbol:   method getStatus()
#16 44.29   location: variable facility of type com.smartcampus.backend.model.facility.Facility
#16 44.29 [ERROR] /app/src/main/java/com/smartcampus/backend/service/facility/FacilityService.java:[122,21] cannot find symbol
#16 44.29   symbol:   method getStatus()
#16 44.29   location: variable facility of type com.smartcampus.backend.model.facility.Facility
#16 44.29 [ERROR] /app/src/main/java/com/smartcampus/backend/service/facility/FacilityService.java:[127,21] cannot find symbol
#16 44.29   symbol:   method getAvailabilityWindows()
#16 44.29   location: variable facility of type com.smartcampus.backend.model.facility.Facility
#16 44.29 [ERROR] /app/src/main/java/com/smartcampus/backend/service/facility/FacilityService.java:[128,21] cannot find symbol
#16 44.29   symbol:   method getAvailabilityWindows()
#16 44.29   location: variable facility of type com.smartcampus.backend.model.facility.Facility
#16 44.29 [ERROR] /app/src/main/java/com/smartcampus/backend/service/facility/FacilityService.java:[140,36] cannot find symbol
#16 44.29   symbol:   method getAvailabilityWindows()
#16 44.29   location: variable facility of type com.smartcampus.backend.model.facility.Facility
#16 44.29 [ERROR] /app/src/main/java/com/smartcampus/backend/service/facility/FacilityService.java:[199,17] cannot find symbol
#16 44.29   symbol:   method setBookingStatus(java.lang.String)
#16 44.29   location: variable facility of type com.smartcampus.backend.model.facility.Facility
#16 44.29 [ERROR] /app/src/main/java/com/smartcampus/backend/service/facility/FacilityService.java:[214,17] cannot find symbol
#16 44.29   symbol:   method setBookingStatus(java.lang.String)
#16 44.29   location: variable facility of type com.smartcampus.backend.model.facility.Facility
#16 44.29 [ERROR] /app/src/main/java/com/smartcampus/backend/service/facility/FacilityService.java:[246,31] cannot find symbol
#16 44.29   symbol:   method getFloor()
#16 44.29   location: variable f of type com.smartcampus.backend.model.facility.Facility
#16 44.29 [ERROR] /app/src/main/java/com/smartcampus/backend/service/facility/FacilityService.java:[246,55] cannot find symbol
#16 44.29   symbol:   method getFloor()
#16 44.29   location: variable f of type com.smartcampus.backend.model.facility.Facility
#16 44.29 [ERROR] /app/src/main/java/com/smartcampus/backend/service/facility/FacilityService.java:[288,48] cannot find symbol
#16 44.29   symbol:   method builder()
#16 44.29   location: class com.smartcampus.backend.dto.facility.OccupancyDataDto
#16 44.29 [ERROR] /app/src/main/java/com/smartcampus/backend/service/facility/FacilityService.java:[289,37] cannot find symbol
#16 44.29   symbol:   method getId()
#16 44.29   location: variable facility of type com.smartcampus.backend.model.facility.Facility
#16 44.29 [ERROR] /app/src/main/java/com/smartcampus/backend/service/facility/FacilityService.java:[290,35] cannot find symbol
#16 44.29   symbol:   method getCapacity()
#16 44.29   location: variable facility of type com.smartcampus.backend.model.facility.Facility
#16 44.29 [ERROR] /app/src/main/java/com/smartcampus/backend/service/facility/FacilityService.java:[297,25] cannot find symbol
#16 44.29   symbol:   method getId()
#16 44.29   location: variable facility of type com.smartcampus.backend.model.facility.Facility
#16 44.29 [ERROR] /app/src/main/java/com/smartcampus/backend/service/facility/FacilityService.java:[301,65] invalid method reference
#16 44.29   cannot find symbol
#16 44.29     symbol:   method getBookingDate()
#16 44.29     location: class com.smartcampus.backend.model.booking.Booking
#16 44.29 [ERROR] /app/src/main/java/com/smartcampus/backend/service/facility/FacilityService.java:[317,28] cannot find symbol
#16 44.29   symbol:   method getExpectedAttendees()
#16 44.29   location: variable booking of type com.smartcampus.backend.model.booking.Booking
#16 44.29 [ERROR] /app/src/main/java/com/smartcampus/backend/service/facility/FacilityService.java:[317,70] cannot find symbol
#16 44.29   symbol:   method getUser()
#16 44.29   location: variable booking of type com.smartcampus.backend.model.booking.Booking
#16 44.29 [ERROR] /app/src/main/java/com/smartcampus/backend/service/facility/FacilityService.java:[318,46] cannot find symbol
#16 44.29   symbol:   method getExpectedAttendees()
#16 44.29   location: variable booking of type com.smartcampus.backend.model.booking.Booking
#16 44.29 [ERROR] /app/src/main/java/com/smartcampus/backend/service/facility/FacilityService.java:[320,69] cannot find symbol
#16 44.29   symbol:   method builder()
#16 44.29   location: class com.smartcampus.backend.dto.facility.OccupancyDataDto.BookingUserDto
#16 44.29 [ERROR] /app/src/main/java/com/smartcampus/backend/service/facility/FacilityService.java:[321,44] cannot find symbol
#16 44.29   symbol:   method getUser()
#16 44.29   location: variable booking of type com.smartcampus.backend.model.booking.Booking
#16 44.29 [ERROR] /app/src/main/java/com/smartcampus/backend/service/facility/FacilityService.java:[322,46] cannot find symbol
#16 44.29   symbol:   method getUser()
#16 44.29   location: variable booking of type com.smartcampus.backend.model.booking.Booking
#16 44.29 [ERROR] /app/src/main/java/com/smartcampus/backend/service/facility/FacilityService.java:[323,42] cannot find symbol
#16 44.29   symbol:   method getUser()
#16 44.29   location: variable booking of type com.smartcampus.backend.model.booking.Booking
#16 44.29 [ERROR] /app/src/main/java/com/smartcampus/backend/service/facility/FacilityService.java:[324,42] cannot find symbol
#16 44.29   symbol:   method getUser()
#16 44.29   location: variable booking of type com.smartcampus.backend.model.booking.Booking
#16 44.29 [ERROR] /app/src/main/java/com/smartcampus/backend/service/facility/FacilityService.java:[325,43] cannot find symbol
#16 44.29   symbol:   method getUser()
#16 44.29   location: variable booking of type com.smartcampus.backend.model.booking.Booking
#16 44.29 [ERROR] /app/src/main/java/com/smartcampus/backend/service/facility/FacilityService.java:[326,55] cannot find symbol
#16 44.29   symbol:   method getExpectedAttendees()
#16 44.29   location: variable booking of type com.smartcampus.backend.model.booking.Booking
#16 44.29 [ERROR] /app/src/main/java/com/smartcampus/backend/service/facility/FacilityService.java:[332,47] cannot find symbol
#16 44.29   symbol:   method getCapacity()
#16 44.29   location: variable facility of type com.smartcampus.backend.model.facility.Facility
#16 44.29 [ERROR] /app/src/main/java/com/smartcampus/backend/service/facility/FacilityService.java:[333,54] cannot find symbol
#16 44.29   symbol:   method getCapacity()
#16 44.29   location: variable facility of type com.smartcampus.backend.model.facility.Facility
#16 44.29 [ERROR] /app/src/main/java/com/smartcampus/backend/service/facility/FacilityService.java:[336,59] cannot find symbol
#16 44.29   symbol:   method builder()
#16 44.29   location: class com.smartcampus.backend.dto.facility.OccupancyDataDto.DayOccupancyDto
#16 44.29 [ERROR] /app/src/main/java/com/smartcampus/backend/service/facility/FacilityService.java:[345,12] cannot find symbol
#16 44.29   symbol:   method setOccupancyData(java.util.List<com.smartcampus.backend.dto.facility.OccupancyDataDto.DayOccupancyDto>)
#16 44.29   location: variable dto of type com.smartcampus.backend.dto.facility.OccupancyDataDto
#16 44.29 [ERROR] /app/src/main/java/com/smartcampus/backend/controller/auth/AuthController.java:[56,86] cannot find symbol
#16 44.29   symbol:   method getToken()
#16 44.29   location: variable request of type @jakarta.validation.Valid com.smartcampus.backend.dto.auth.GoogleTokenRequest
#16 44.29 [ERROR] /app/src/main/java/com/smartcampus/backend/controller/auth/AuthController.java:[59,81] cannot find symbol
#16 44.29   symbol:   method getToken()
#16 44.29   location: variable request of type @jakarta.validation.Valid com.smartcampus.backend.dto.auth.GoogleTokenRequest
#16 44.29 [ERROR] /app/src/main/java/com/smartcampus/backend/controller/auth/AuthController.java:[60,70] cannot find symbol
#16 44.29   symbol:   method getEmail()
#16 44.29   location: variable tokenInfo of type com.smartcampus.backend.dto.auth.GoogleTokenInfo
#16 44.29 [ERROR] /app/src/main/java/com/smartcampus/backend/controller/auth/AuthController.java:[64,80] cannot find symbol
#16 44.29   symbol:   method getData()
#16 44.29   location: variable response of type com.smartcampus.backend.dto.auth.AuthResponse
#16 44.29 [ERROR] /app/src/main/java/com/smartcampus/backend/controller/auth/AuthController.java:[71,29] cannot find symbol
#16 44.29   symbol:   method builder()
#16 44.29   location: class com.smartcampus.backend.dto.auth.AuthResponse
#16 44.29 [ERROR] /app/src/main/java/com/smartcampus/backend/controller/auth/AuthController.java:[87,49] cannot find symbol
#16 44.29   symbol:   method builder()
#16 44.29   location: class com.smartcampus.backend.dto.auth.AuthResponse
#16 44.29 [ERROR] /app/src/main/java/com/smartcampus/backend/controller/auth/AuthController.java:[90,44] cannot find symbol
#16 44.29   symbol:   method builder()
#16 44.29   location: class com.smartcampus.backend.dto.auth.AuthResponse.AuthData
#16 44.29 [ERROR] /app/src/main/java/com/smartcampus/backend/controller/auth/AuthController.java:[91,29] cannot find symbol
#16 44.29   symbol:   method getId()
#16 44.29   location: variable user of type com.smartcampus.backend.model.auth.User
#16 44.29 [ERROR] /app/src/main/java/com/smartcampus/backend/controller/auth/AuthController.java:[92,32] cannot find symbol
#16 44.29   symbol:   method getEmail()
#16 44.29   location: variable user of type com.smartcampus.backend.model.auth.User
#16 44.29 [ERROR] /app/src/main/java/com/smartcampus/backend/controller/auth/AuthController.java:[93,31] cannot find symbol
#16 44.29   symbol:   method getRole()
#16 44.29   location: variable user of type com.smartcampus.backend.model.auth.User
#16 44.29 [ERROR] /app/src/main/java/com/smartcampus/backend/controller/auth/AuthController.java:[94,36] cannot find symbol
#16 44.29   symbol:   method getFirstName()
#16 44.29   location: variable user of type com.smartcampus.backend.model.auth.User
#16 44.29 [ERROR] /app/src/main/java/com/smartcampus/backend/controller/auth/AuthController.java:[95,35] cannot find symbol
#16 44.29   symbol:   method getLastName()
#16 44.29   location: variable user of type com.smartcampus.backend.model.auth.User
#16 44.29 [ERROR] /app/src/main/java/com/smartcampus/backend/controller/auth/AuthController.java:[96,35] cannot find symbol
#16 44.29   symbol:   method getFullName()
#16 44.29   location: variable user of type com.smartcampus.backend.model.auth.User
#16 44.29 [ERROR] /app/src/main/java/com/smartcampus/backend/controller/auth/AuthController.java:[97,38] cannot find symbol
#16 44.29   symbol:   method getPhoneNumber()
#16 44.29   location: variable user of type com.smartcampus.backend.model.auth.User
#16 44.29 [ERROR] /app/src/main/java/com/smartcampus/backend/controller/auth/AuthController.java:[98,40] cannot find symbol
#16 44.29   symbol:   method getEmailVerified()
#16 44.29   location: variable user of type com.smartcampus.backend.model.auth.User
#16 44.29 [ERROR] /app/src/main/java/com/smartcampus/backend/controller/auth/AuthController.java:[105,49] cannot find symbol
#16 44.29   symbol:   method builder()
#16 44.29   location: class com.smartcampus.backend.dto.auth.AuthResponse
#16 44.29 [ERROR] /app/src/main/java/com/smartcampus/backend/controller/auth/AuthController.java:[130,29] cannot find symbol
#16 44.29   symbol:   method builder()
#16 44.29   location: class com.smartcampus.backend.dto.auth.AuthResponse
#16 44.29 [ERROR] /app/src/main/java/com/smartcampus/backend/controller/auth/AuthController.java:[143,13] cannot find symbol
#16 44.29   symbol:   class User
#16 44.29   location: class com.smartcampus.backend.controller.auth.AuthController
#16 44.29 [ERROR] /app/src/main/java/com/smartcampus/backend/controller/auth/AuthController.java:[144,53] cannot find symbol
#16 44.29   symbol:   method builder()
#16 44.29   location: class com.smartcampus.backend.dto.auth.UserResponse
#16 44.29 [ERROR] /app/src/main/java/com/smartcampus/backend/controller/auth/AuthController.java:[160,29] cannot find symbol
#16 44.29   symbol:   method builder()
#16 44.29   location: class com.smartcampus.backend.dto.auth.AuthResponse
#16 44.29 [ERROR] /app/src/main/java/com/smartcampus/backend/controller/auth/AuthController.java:[175,29] cannot find symbol
#16 44.29   symbol:   method builder()
#16 44.29   location: class com.smartcampus.backend.dto.auth.AuthResponse
#16 44.29 [ERROR] /app/src/main/java/com/smartcampus/backend/controller/auth/AuthController.java:[184,29] cannot find symbol
#16 44.29   symbol:   method builder()
#16 44.29   location: class com.smartcampus.backend.dto.auth.AuthResponse
#16 44.29 [ERROR] /app/src/main/java/com/smartcampus/backend/controller/auth/AuthController.java:[199,75] cannot find symbol
#16 44.29   symbol:   method getRole()
#16 44.29   location: variable request of type @jakarta.validation.Valid com.smartcampus.backend.dto.auth.UpdateRoleRequest
#16 44.29 [ERROR] /app/src/main/java/com/smartcampus/backend/controller/auth/AuthController.java:[201,29] cannot find symbol
#16 44.29   symbol:   method builder()
#16 44.29   location: class com.smartcampus.backend.dto.auth.AuthResponse
#16 44.29 [ERROR] /app/src/main/java/com/smartcampus/backend/controller/auth/AuthController.java:[210,29] cannot find symbol
#16 44.29   symbol:   method builder()
#16 44.29   location: class com.smartcampus.backend.dto.auth.AuthResponse
#16 44.29 [ERROR] /app/src/main/java/com/smartcampus/backend/controller/auth/AuthController.java:[218,29] cannot find symbol
#16 44.29   symbol:   method builder()
#16 44.29   location: class com.smartcampus.backend.dto.auth.AuthResponse
#16 44.29 [ERROR] /app/src/main/java/com/smartcampus/backend/controller/auth/AuthController.java:[233,77] cannot find symbol
#16 44.29   symbol:   method getIsActive()
#16 44.29   location: variable request of type @jakarta.validation.Valid com.smartcampus.backend.dto.auth.UpdateStatusRequest
#16 44.29 [ERROR] /app/src/main/java/com/smartcampus/backend/controller/auth/AuthController.java:[235,29] cannot find symbol
#16 44.29   symbol:   method builder()
#16 44.29   location: class com.smartcampus.backend.dto.auth.AuthResponse
#16 44.29 [ERROR] /app/src/main/java/com/smartcampus/backend/controller/auth/AuthController.java:[244,29] cannot find symbol
#16 44.29   symbol:   method builder()
#16 44.29   location: class com.smartcampus.backend.dto.auth.AuthResponse
#16 44.29 [ERROR] /app/src/main/java/com/smartcampus/backend/controller/auth/AuthController.java:[252,29] cannot find symbol
#16 44.29   symbol:   method builder()
#16 44.29   location: class com.smartcampus.backend.dto.auth.AuthResponse
#16 44.29 [ERROR] /app/src/main/java/com/smartcampus/backend/controller/auth/AuthController.java:[269,29] cannot find symbol
#16 44.29   symbol:   method builder()
#16 44.29   location: class com.smartcampus.backend.dto.auth.AuthResponse
#16 44.29 [ERROR] /app/src/main/java/com/smartcampus/backend/controller/auth/AuthController.java:[278,29] cannot find symbol
#16 44.29   symbol:   method builder()
#16 44.29   location: class com.smartcampus.backend.dto.auth.AuthResponse
#16 44.29 [ERROR] /app/src/main/java/com/smartcampus/backend/controller/auth/AuthController.java:[286,29] cannot find symbol
#16 44.29   symbol:   method builder()
#16 44.29   location: class com.smartcampus.backend.dto.auth.AuthResponse
#16 44.29 [ERROR] /app/src/main/java/com/smartcampus/backend/controller/auth/AuthController.java:[303,29] cannot find symbol
#16 44.29   symbol:   method builder()
#16 44.29   location: class com.smartcampus.backend.dto.auth.AuthResponse
#16 44.29 [ERROR] /app/src/main/java/com/smartcampus/backend/service/auth/UserService.java:[36,21] cannot find symbol
#16 44.29   symbol:   method getPassword()
#16 44.29   location: variable request of type com.smartcampus.backend.dto.auth.SignupRequest
#16 44.29 [ERROR] /app/src/main/java/com/smartcampus/backend/service/auth/UserService.java:[36,50] cannot find symbol
#16 44.29   symbol:   method getConfirmPassword()
#16 44.29   location: variable request of type com.smartcampus.backend.dto.auth.SignupRequest
#16 44.29 [ERROR] /app/src/main/java/com/smartcampus/backend/service/auth/UserService.java:[41,49] cannot find symbol
#16 44.29   symbol:   method getEmail()
#16 44.29   location: variable request of type com.smartcampus.backend.dto.auth.SignupRequest
#16 44.29 [ERROR] /app/src/main/java/com/smartcampus/backend/service/auth/UserService.java:[46,34] cannot find symbol
#16 44.29   symbol:   method getFirstName()
#16 44.29   location: variable request of type com.smartcampus.backend.dto.auth.SignupRequest
#16 44.29 [ERROR] /app/src/main/java/com/smartcampus/backend/service/auth/UserService.java:[46,65] cannot find symbol
#16 44.29   symbol:   method getLastName()
#16 44.29   location: variable request of type com.smartcampus.backend.dto.auth.SignupRequest
#16 44.29 [ERROR] /app/src/main/java/com/smartcampus/backend/service/auth/UserService.java:[47,25] cannot find symbol
#16 44.29   symbol:   method builder()
#16 44.29   location: class com.smartcampus.backend.model.auth.User
#16 44.29 [ERROR] /app/src/main/java/com/smartcampus/backend/service/auth/UserService.java:[48,31] cannot find symbol
#16 44.29   symbol:   method getEmail()
#16 44.29   location: variable request of type com.smartcampus.backend.dto.auth.SignupRequest
#16 44.29 [ERROR] /app/src/main/java/com/smartcampus/backend/service/auth/UserService.java:[49,35] cannot find symbol
#16 44.29   symbol:   method getFirstName()
#16 44.29   location: variable request of type com.smartcampus.backend.dto.auth.SignupRequest
#16 44.29 [ERROR] /app/src/main/java/com/smartcampus/backend/service/auth/UserService.java:[50,34] cannot find symbol
#16 44.29   symbol:   method getLastName()
#16 44.29   location: variable request of type com.smartcampus.backend.dto.auth.SignupRequest
#16 44.29 [ERROR] /app/src/main/java/com/smartcampus/backend/service/auth/UserService.java:[52,37] cannot find symbol
#16 44.29   symbol:   method getPhoneNumber()
#16 44.29   location: variable request of type com.smartcampus.backend.dto.auth.SignupRequest
#16 44.29 [ERROR] /app/src/main/java/com/smartcampus/backend/service/auth/UserService.java:[53,57] cannot find symbol
#16 44.29   symbol:   method getPassword()
#16 44.29   location: variable request of type com.smartcampus.backend.dto.auth.SignupRequest
#16 44.29 [ERROR] /app/src/main/java/com/smartcampus/backend/service/auth/UserService.java:[61,17] cannot find symbol
#16 44.29   symbol:   method getProvider()
#16 44.29   location: variable user of type com.smartcampus.backend.model.auth.User
#16 44.29 [ERROR] /app/src/main/java/com/smartcampus/backend/service/auth/UserService.java:[62,17] cannot find symbol
#16 44.29   symbol:   method setProvider(com.smartcampus.backend.model.auth.AuthProvider)
#16 44.29   location: variable user of type com.smartcampus.backend.model.auth.User
#16 44.29 [ERROR] /app/src/main/java/com/smartcampus/backend/service/auth/UserService.java:[71,28] cannot find symbol
#16 44.29   symbol:   method builder()
#16 44.29   location: class com.smartcampus.backend.dto.auth.AuthResponse
#16 44.29 [ERROR] /app/src/main/java/com/smartcampus/backend/service/auth/UserService.java:[74,40] cannot find symbol
#16 44.29   symbol:   method builder()
#16 44.29   location: class com.smartcampus.backend.dto.auth.AuthResponse.AuthData
#16 44.29 [ERROR] /app/src/main/java/com/smartcampus/backend/service/auth/UserService.java:[75,25] cannot find symbol
#16 44.29   symbol:   method getId()
#16 44.29   location: variable user of type com.smartcampus.backend.model.auth.User
#16 44.29 [ERROR] /app/src/main/java/com/smartcampus/backend/service/auth/UserService.java:[76,28] cannot find symbol
#16 44.29   symbol:   method getEmail()
#16 44.29   location: variable user of type com.smartcampus.backend.model.auth.User
#16 44.29 [ERROR] /app/src/main/java/com/smartcampus/backend/service/auth/UserService.java:[77,27] cannot find symbol
#16 44.29   symbol:   method getRole()
#16 44.29   location: variable user of type com.smartcampus.backend.model.auth.User
#16 44.29 [INFO] 100 errors 
#16 44.29 [INFO] -------------------------------------------------------------
#16 44.30 [INFO] ------------------------------------------------------------------------
#16 44.30 [INFO] BUILD FAILURE
#16 44.30 [INFO] ------------------------------------------------------------------------
#16 44.30 [INFO] Total time:  42.245 s
#16 44.30 [INFO] Finished at: 2026-04-22T04:01:50Z
#16 44.30 [INFO] ------------------------------------------------------------------------
#16 44.31 [ERROR] Failed to execute goal org.apache.maven.plugins:maven-compiler-plugin:3.14.1:compile (default-compile) on project backend: Compilation failure: Compilation failure: 
#16 44.31 [ERROR] /app/src/main/java/com/smartcampus/backend/model/auth/User.java:[118,19] method getUsername() is already defined in class com.smartcampus.backend.model.auth.User
#16 44.31 [ERROR] /app/src/main/java/com/smartcampus/backend/model/auth/User.java:[123,20] method isAccountNonExpired() is already defined in class com.smartcampus.backend.model.auth.User
#16 44.31 [ERROR] /app/src/main/java/com/smartcampus/backend/model/auth/User.java:[128,20] method isAccountNonLocked() is already defined in class com.smartcampus.backend.model.auth.User
#16 44.31 [ERROR] /app/src/main/java/com/smartcampus/backend/model/auth/User.java:[133,20] method isCredentialsNonExpired() is already defined in class com.smartcampus.backend.model.auth.User
#16 44.31 [ERROR] /app/src/main/java/com/smartcampus/backend/model/auth/User.java:[138,20] method isEnabled() is already defined in class com.smartcampus.backend.model.auth.User
#16 44.31 [ERROR] /app/src/main/java/com/smartcampus/backend/service/facility/FacilityService.java:[43,25] cannot find symbol
#16 44.31 [ERROR]   symbol:   method getBookingStatus()
#16 44.31 [ERROR]   location: variable facility of type com.smartcampus.backend.model.facility.Facility
#16 44.31 [ERROR] /app/src/main/java/com/smartcampus/backend/service/facility/FacilityService.java:[44,26] cannot find symbol
#16 44.31 [ERROR]   symbol:   method getBookingStatus()
#16 44.31 [ERROR]   location: variable facility of type com.smartcampus.backend.model.facility.Facility
#16 44.31 [ERROR] /app/src/main/java/com/smartcampus/backend/service/facility/FacilityService.java:[45,25] cannot find symbol
#16 44.31 [ERROR]   symbol:   method setBookingStatus(java.lang.String)
#16 44.31 [ERROR]   location: variable facility of type com.smartcampus.backend.model.facility.Facility
#16 44.31 [ERROR] /app/src/main/java/com/smartcampus/backend/service/facility/FacilityService.java:[66,21] cannot find symbol
#16 44.31 [ERROR]   symbol:   method setBookingStatus(java.lang.String)
#16 44.31 [ERROR]   location: variable facility of type com.smartcampus.backend.model.facility.Facility
#16 44.31 [ERROR] /app/src/main/java/com/smartcampus/backend/service/facility/FacilityService.java:[78,23] cannot find symbol
#16 44.31 [ERROR]   symbol:   method getType()
#16 44.31 [ERROR]   location: variable filter of type com.smartcampus.backend.dto.facility.FacilitySearchFilter
#16 44.31 [ERROR] /app/src/main/java/com/smartcampus/backend/service/facility/FacilityService.java:[79,65] cannot find symbol
#16 44.31 [ERROR]   symbol:   method getType()
#16 44.31 [ERROR]   location: variable filter of type com.smartcampus.backend.dto.facility.FacilitySearchFilter
#16 44.31 [ERROR] /app/src/main/java/com/smartcampus/backend/service/facility/FacilityService.java:[82,23] cannot find symbol
#16 44.31 [ERROR]   symbol:   method getMinCapacity()
#16 44.31 [ERROR]   location: variable filter of type com.smartcampus.backend.dto.facility.FacilitySearchFilter
#16 44.31 [ERROR] /app/src/main/java/com/smartcampus/backend/service/facility/FacilityService.java:[83,84] cannot find symbol
#16 44.31 [ERROR]   symbol:   method getMinCapacity()
#16 44.31 [ERROR]   location: variable filter of type com.smartcampus.backend.dto.facility.FacilitySearchFilter
#16 44.31 [ERROR] /app/src/main/java/com/smartcampus/backend/service/facility/FacilityService.java:[86,23] cannot find symbol
#16 44.31 [ERROR]   symbol:   method getLocation()
#16 44.31 [ERROR]   location: variable filter of type com.smartcampus.backend.dto.facility.FacilitySearchFilter
#16 44.31 [ERROR] /app/src/main/java/com/smartcampus/backend/service/facility/FacilityService.java:[86,56] cannot find symbol
#16 44.31 [ERROR]   symbol:   method getLocation()
#16 44.31 [ERROR]   location: variable filter of type com.smartcampus.backend.dto.facility.FacilitySearchFilter
#16 44.31 [ERROR] /app/src/main/java/com/smartcampus/backend/service/facility/FacilityService.java:[87,84] cannot find symbol
#16 44.31 [ERROR]   symbol:   method getLocation()
#16 44.31 [ERROR]   location: variable filter of type com.smartcampus.backend.dto.facility.FacilitySearchFilter
#16 44.31 [ERROR] /app/src/main/java/com/smartcampus/backend/service/facility/FacilityService.java:[88,78] cannot find symbol
#16 44.31 [ERROR]   symbol:   method getLocation()
#16 44.31 [ERROR]   location: variable filter of type com.smartcampus.backend.dto.facility.FacilitySearchFilter
#16 44.31 [ERROR] /app/src/main/java/com/smartcampus/backend/service/facility/FacilityService.java:[92,23] cannot find symbol
#16 44.31 [ERROR]   symbol:   method getStatus()
#16 44.31 [ERROR]   location: variable filter of type com.smartcampus.backend.dto.facility.FacilitySearchFilter
#16 44.31 [ERROR] /app/src/main/java/com/smartcampus/backend/service/facility/FacilityService.java:[93,67] cannot find symbol
#16 44.31 [ERROR]   symbol:   method getStatus()
#16 44.31 [ERROR]   location: variable filter of type com.smartcampus.backend.dto.facility.FacilitySearchFilter
#16 44.31 [ERROR] /app/src/main/java/com/smartcampus/backend/service/facility/FacilityService.java:[110,17] cannot find symbol
#16 44.31 [ERROR]   symbol:   method setBookingStatus(java.lang.String)
#16 44.31 [ERROR]   location: variable facility of type com.smartcampus.backend.model.facility.Facility
#16 44.31 [ERROR] /app/src/main/java/com/smartcampus/backend/service/facility/FacilityService.java:[121,21] cannot find symbol
#16 44.31 [ERROR]   symbol:   method getStatus()
#16 44.31 [ERROR]   location: variable facility of type com.smartcampus.backend.model.facility.Facility
#16 44.31 [ERROR] /app/src/main/java/com/smartcampus/backend/service/facility/FacilityService.java:[122,21] cannot find symbol
#16 44.31 [ERROR]   symbol:   method getStatus()
#16 44.31 [ERROR]   location: variable facility of type com.smartcampus.backend.model.facility.Facility
#16 44.31 [ERROR] /app/src/main/java/com/smartcampus/backend/service/facility/FacilityService.java:[127,21] cannot find symbol
#16 44.31 [ERROR]   symbol:   method getAvailabilityWindows()
#16 44.31 [ERROR]   location: variable facility of type com.smartcampus.backend.model.facility.Facility
#16 44.31 [ERROR] /app/src/main/java/com/smartcampus/backend/service/facility/FacilityService.java:[128,21] cannot find symbol
#16 44.31 [ERROR]   symbol:   method getAvailabilityWindows()
#16 44.31 [ERROR]   location: variable facility of type com.smartcampus.backend.model.facility.Facility
#16 44.31 [ERROR] /app/src/main/java/com/smartcampus/backend/service/facility/FacilityService.java:[140,36] cannot find symbol
#16 44.31 [ERROR]   symbol:   method getAvailabilityWindows()
#16 44.31 [ERROR]   location: variable facility of type com.smartcampus.backend.model.facility.Facility
#16 44.31 [ERROR] /app/src/main/java/com/smartcampus/backend/service/facility/FacilityService.java:[199,17] cannot find symbol
#16 44.31 [ERROR]   symbol:   method setBookingStatus(java.lang.String)
#16 44.31 [ERROR]   location: variable facility of type com.smartcampus.backend.model.facility.Facility
#16 44.31 [ERROR] /app/src/main/java/com/smartcampus/backend/service/facility/FacilityService.java:[214,17] cannot find symbol
#16 44.31 [ERROR]   symbol:   method setBookingStatus(java.lang.String)
#16 44.31 [ERROR]   location: variable facility of type com.smartcampus.backend.model.facility.Facility
#16 44.31 [ERROR] /app/src/main/java/com/smartcampus/backend/service/facility/FacilityService.java:[246,31] cannot find symbol
#16 44.31 [ERROR]   symbol:   method getFloor()
#16 44.31 [ERROR]   location: variable f of type com.smartcampus.backend.model.facility.Facility
#16 44.31 [ERROR] /app/src/main/java/com/smartcampus/backend/service/facility/FacilityService.java:[246,55] cannot find symbol
#16 44.31 [ERROR]   symbol:   method getFloor()
#16 44.31 [ERROR]   location: variable f of type com.smartcampus.backend.model.facility.Facility
#16 44.31 [ERROR] /app/src/main/java/com/smartcampus/backend/service/facility/FacilityService.java:[288,48] cannot find symbol
#16 44.31 [ERROR]   symbol:   method builder()
#16 44.31 [ERROR]   location: class com.smartcampus.backend.dto.facility.OccupancyDataDto
#16 44.31 [ERROR] /app/src/main/java/com/smartcampus/backend/service/facility/FacilityService.java:[289,37] cannot find symbol
#16 44.31 [ERROR]   symbol:   method getId()
#16 44.31 [ERROR]   location: variable facility of type com.smartcampus.backend.model.facility.Facility
#16 44.31 [ERROR] /app/src/main/java/com/smartcampus/backend/service/facility/FacilityService.java:[290,35] cannot find symbol
#16 44.31 [ERROR]   symbol:   method getCapacity()
#16 44.31 [ERROR]   location: variable facility of type com.smartcampus.backend.model.facility.Facility
#16 44.31 [ERROR] /app/src/main/java/com/smartcampus/backend/service/facility/FacilityService.java:[297,25] cannot find symbol
#16 44.31 [ERROR]   symbol:   method getId()
#16 44.31 [ERROR]   location: variable facility of type com.smartcampus.backend.model.facility.Facility
#16 44.31 [ERROR] /app/src/main/java/com/smartcampus/backend/service/facility/FacilityService.java:[301,65] invalid method reference
#16 44.31 [ERROR]   cannot find symbol
#16 44.31 [ERROR]     symbol:   method getBookingDate()
#16 44.31 [ERROR]     location: class com.smartcampus.backend.model.booking.Booking
#16 44.31 [ERROR] /app/src/main/java/com/smartcampus/backend/service/facility/FacilityService.java:[317,28] cannot find symbol
#16 44.31 [ERROR]   symbol:   method getExpectedAttendees()
#16 44.31 [ERROR]   location: variable booking of type com.smartcampus.backend.model.booking.Booking
#16 44.31 [ERROR] /app/src/main/java/com/smartcampus/backend/service/facility/FacilityService.java:[317,70] cannot find symbol
#16 44.31 [ERROR]   symbol:   method getUser()
#16 44.31 [ERROR]   location: variable booking of type com.smartcampus.backend.model.booking.Booking
#16 44.31 [ERROR] /app/src/main/java/com/smartcampus/backend/service/facility/FacilityService.java:[318,46] cannot find symbol
#16 44.31 [ERROR]   symbol:   method getExpectedAttendees()
#16 44.31 [ERROR]   location: variable booking of type com.smartcampus.backend.model.booking.Booking
#16 44.31 [ERROR] /app/src/main/java/com/smartcampus/backend/service/facility/FacilityService.java:[320,69] cannot find symbol
#16 44.31 [ERROR]   symbol:   method builder()
#16 44.31 [ERROR]   location: class com.smartcampus.backend.dto.facility.OccupancyDataDto.BookingUserDto
#16 44.31 [ERROR] /app/src/main/java/com/smartcampus/backend/service/facility/FacilityService.java:[321,44] cannot find symbol
#16 44.31 [ERROR]   symbol:   method getUser()
#16 44.31 [ERROR]   location: variable booking of type com.smartcampus.backend.model.booking.Booking
#16 44.31 [ERROR] /app/src/main/java/com/smartcampus/backend/service/facility/FacilityService.java:[322,46] cannot find symbol
#16 44.31 [ERROR]   symbol:   method getUser()
#16 44.31 [ERROR]   location: variable booking of type com.smartcampus.backend.model.booking.Booking
#16 44.31 [ERROR] /app/src/main/java/com/smartcampus/backend/service/facility/FacilityService.java:[323,42] cannot find symbol
#16 44.31 [ERROR]   symbol:   method getUser()
#16 44.31 [ERROR]   location: variable booking of type com.smartcampus.backend.model.booking.Booking
#16 44.31 [ERROR] /app/src/main/java/com/smartcampus/backend/service/facility/FacilityService.java:[324,42] cannot find symbol
#16 44.31 [ERROR]   symbol:   method getUser()
#16 44.31 [ERROR]   location: variable booking of type com.smartcampus.backend.model.booking.Booking
#16 44.31 [ERROR] /app/src/main/java/com/smartcampus/backend/service/facility/FacilityService.java:[325,43] cannot find symbol
#16 44.31 [ERROR]   symbol:   method getUser()
#16 44.31 [ERROR]   location: variable booking of type com.smartcampus.backend.model.booking.Booking
#16 44.31 [ERROR] /app/src/main/java/com/smartcampus/backend/service/facility/FacilityService.java:[326,55] cannot find symbol
#16 44.31 [ERROR]   symbol:   method getExpectedAttendees()
#16 44.31 [ERROR]   location: variable booking of type com.smartcampus.backend.model.booking.Booking
#16 44.31 [ERROR] /app/src/main/java/com/smartcampus/backend/service/facility/FacilityService.java:[332,47] cannot find symbol
#16 44.31 [ERROR]   symbol:   method getCapacity()
#16 44.31 [ERROR]   location: variable facility of type com.smartcampus.backend.model.facility.Facility
#16 44.31 [ERROR] /app/src/main/java/com/smartcampus/backend/service/facility/FacilityService.java:[333,54] cannot find symbol
#16 44.31 [ERROR]   symbol:   method getCapacity()
#16 44.31 [ERROR]   location: variable facility of type com.smartcampus.backend.model.facility.Facility
#16 44.31 [ERROR] /app/src/main/java/com/smartcampus/backend/service/facility/FacilityService.java:[336,59] cannot find symbol
#16 44.31 [ERROR]   symbol:   method builder()
#16 44.31 [ERROR]   location: class com.smartcampus.backend.dto.facility.OccupancyDataDto.DayOccupancyDto
#16 44.31 [ERROR] /app/src/main/java/com/smartcampus/backend/service/facility/FacilityService.java:[345,12] cannot find symbol
#16 44.31 [ERROR]   symbol:   method setOccupancyData(java.util.List<com.smartcampus.backend.dto.facility.OccupancyDataDto.DayOccupancyDto>)
#16 44.31 [ERROR]   location: variable dto of type com.smartcampus.backend.dto.facility.OccupancyDataDto
#16 44.31 [ERROR] /app/src/main/java/com/smartcampus/backend/controller/auth/AuthController.java:[56,86] cannot find symbol
#16 44.31 [ERROR]   symbol:   method getToken()
#16 44.31 [ERROR]   location: variable request of type @jakarta.validation.Valid com.smartcampus.backend.dto.auth.GoogleTokenRequest
#16 44.31 [ERROR] /app/src/main/java/com/smartcampus/backend/controller/auth/AuthController.java:[59,81] cannot find symbol
#16 44.31 [ERROR]   symbol:   method getToken()
#16 44.31 [ERROR]   location: variable request of type @jakarta.validation.Valid com.smartcampus.backend.dto.auth.GoogleTokenRequest
#16 44.31 [ERROR] /app/src/main/java/com/smartcampus/backend/controller/auth/AuthController.java:[60,70] cannot find symbol
#16 44.31 [ERROR]   symbol:   method getEmail()
#16 44.31 [ERROR]   location: variable tokenInfo of type com.smartcampus.backend.dto.auth.GoogleTokenInfo
#16 44.31 [ERROR] /app/src/main/java/com/smartcampus/backend/controller/auth/AuthController.java:[64,80] cannot find symbol
#16 44.31 [ERROR]   symbol:   method getData()
#16 44.31 [ERROR]   location: variable response of type com.smartcampus.backend.dto.auth.AuthResponse
#16 44.31 [ERROR] /app/src/main/java/com/smartcampus/backend/controller/auth/AuthController.java:[71,29] cannot find symbol
#16 44.31 [ERROR]   symbol:   method builder()
#16 44.31 [ERROR]   location: class com.smartcampus.backend.dto.auth.AuthResponse
#16 44.31 [ERROR] /app/src/main/java/com/smartcampus/backend/controller/auth/AuthController.java:[87,49] cannot find symbol
#16 44.31 [ERROR]   symbol:   method builder()
#16 44.31 [ERROR]   location: class com.smartcampus.backend.dto.auth.AuthResponse
#16 44.31 [ERROR] /app/src/main/java/com/smartcampus/backend/controller/auth/AuthController.java:[90,44] cannot find symbol
#16 44.31 [ERROR]   symbol:   method builder()
#16 44.31 [ERROR]   location: class com.smartcampus.backend.dto.auth.AuthResponse.AuthData
#16 44.31 [ERROR] /app/src/main/java/com/smartcampus/backend/controller/auth/AuthController.java:[91,29] cannot find symbol
#16 44.31 [ERROR]   symbol:   method getId()
#16 44.31 [ERROR]   location: variable user of type com.smartcampus.backend.model.auth.User
#16 44.31 [ERROR] /app/src/main/java/com/smartcampus/backend/controller/auth/AuthController.java:[92,32] cannot find symbol
#16 44.31 [ERROR]   symbol:   method getEmail()
#16 44.31 [ERROR]   location: variable user of type com.smartcampus.backend.model.auth.User
#16 44.31 [ERROR] /app/src/main/java/com/smartcampus/backend/controller/auth/AuthController.java:[93,31] cannot find symbol
#16 44.31 [ERROR]   symbol:   method getRole()
#16 44.31 [ERROR]   location: variable user of type com.smartcampus.backend.model.auth.User
#16 44.31 [ERROR] /app/src/main/java/com/smartcampus/backend/controller/auth/AuthController.java:[94,36] cannot find symbol
#16 44.31 [ERROR]   symbol:   method getFirstName()
#16 44.31 [ERROR]   location: variable user of type com.smartcampus.backend.model.auth.User
#16 44.31 [ERROR] /app/src/main/java/com/smartcampus/backend/controller/auth/AuthController.java:[95,35] cannot find symbol
#16 44.31 [ERROR]   symbol:   method getLastName()
#16 44.31 [ERROR]   location: variable user of type com.smartcampus.backend.model.auth.User
#16 44.31 [ERROR] /app/src/main/java/com/smartcampus/backend/controller/auth/AuthController.java:[96,35] cannot find symbol
#16 44.31 [ERROR]   symbol:   method getFullName()
#16 44.31 [ERROR]   location: variable user of type com.smartcampus.backend.model.auth.User
#16 44.31 [ERROR] /app/src/main/java/com/smartcampus/backend/controller/auth/AuthController.java:[97,38] cannot find symbol
#16 44.31 [ERROR]   symbol:   method getPhoneNumber()
#16 44.31 [ERROR]   location: variable user of type com.smartcampus.backend.model.auth.User
#16 44.31 [ERROR] /app/src/main/java/com/smartcampus/backend/controller/auth/AuthController.java:[98,40] cannot find symbol
#16 44.31 [ERROR]   symbol:   method getEmailVerified()
#16 44.31 [ERROR]   location: variable user of type com.smartcampus.backend.model.auth.User
#16 44.31 [ERROR] /app/src/main/java/com/smartcampus/backend/controller/auth/AuthController.java:[105,49] cannot find symbol
#16 44.31 [ERROR]   symbol:   method builder()
#16 44.31 [ERROR]   location: class com.smartcampus.backend.dto.auth.AuthResponse
#16 44.31 [ERROR] /app/src/main/java/com/smartcampus/backend/controller/auth/AuthController.java:[130,29] cannot find symbol
#16 44.31 [ERROR]   symbol:   method builder()
#16 44.31 [ERROR]   location: class com.smartcampus.backend.dto.auth.AuthResponse
#16 44.31 [ERROR] /app/src/main/java/com/smartcampus/backend/controller/auth/AuthController.java:[143,13] cannot find symbol
#16 44.31 [ERROR]   symbol:   class User
#16 44.31 [ERROR]   location: class com.smartcampus.backend.controller.auth.AuthController
#16 44.31 [ERROR] /app/src/main/java/com/smartcampus/backend/controller/auth/AuthController.java:[144,53] cannot find symbol
#16 44.31 [ERROR]   symbol:   method builder()
#16 44.31 [ERROR]   location: class com.smartcampus.backend.dto.auth.UserResponse
#16 44.31 [ERROR] /app/src/main/java/com/smartcampus/backend/controller/auth/AuthController.java:[160,29] cannot find symbol
#16 44.31 [ERROR]   symbol:   method builder()
#16 44.31 [ERROR]   location: class com.smartcampus.backend.dto.auth.AuthResponse
#16 44.31 [ERROR] /app/src/main/java/com/smartcampus/backend/controller/auth/AuthController.java:[175,29] cannot find symbol
#16 44.31 [ERROR]   symbol:   method builder()
#16 44.31 [ERROR]   location: class com.smartcampus.backend.dto.auth.AuthResponse
#16 44.31 [ERROR] /app/src/main/java/com/smartcampus/backend/controller/auth/AuthController.java:[184,29] cannot find symbol
#16 44.31 [ERROR]   symbol:   method builder()
#16 44.31 [ERROR]   location: class com.smartcampus.backend.dto.auth.AuthResponse
#16 44.31 [ERROR] /app/src/main/java/com/smartcampus/backend/controller/auth/AuthController.java:[199,75] cannot find symbol
#16 44.31 [ERROR]   symbol:   method getRole()
#16 44.31 [ERROR]   location: variable request of type @jakarta.validation.Valid com.smartcampus.backend.dto.auth.UpdateRoleRequest
#16 44.31 [ERROR] /app/src/main/java/com/smartcampus/backend/controller/auth/AuthController.java:[201,29] cannot find symbol
#16 44.31 [ERROR]   symbol:   method builder()
#16 44.31 [ERROR]   location: class com.smartcampus.backend.dto.auth.AuthResponse
#16 44.31 [ERROR] /app/src/main/java/com/smartcampus/backend/controller/auth/AuthController.java:[210,29] cannot find symbol
#16 44.31 [ERROR]   symbol:   method builder()
#16 44.31 [ERROR]   location: class com.smartcampus.backend.dto.auth.AuthResponse
#16 44.31 [ERROR] /app/src/main/java/com/smartcampus/backend/controller/auth/AuthController.java:[218,29] cannot find symbol
#16 44.31 [ERROR]   symbol:   method builder()
#16 44.31 [ERROR]   location: class com.smartcampus.backend.dto.auth.AuthResponse
#16 44.31 [ERROR] /app/src/main/java/com/smartcampus/backend/controller/auth/AuthController.java:[233,77] cannot find symbol
#16 44.31 [ERROR]   symbol:   method getIsActive()
#16 44.31 [ERROR]   location: variable request of type @jakarta.validation.Valid com.smartcampus.backend.dto.auth.UpdateStatusRequest
#16 44.31 [ERROR] /app/src/main/java/com/smartcampus/backend/controller/auth/AuthController.java:[235,29] cannot find symbol
#16 44.31 [ERROR]   symbol:   method builder()
#16 44.31 [ERROR]   location: class com.smartcampus.backend.dto.auth.AuthResponse
#16 44.31 [ERROR] /app/src/main/java/com/smartcampus/backend/controller/auth/AuthController.java:[244,29] cannot find symbol
#16 44.31 [ERROR]   symbol:   method builder()
#16 44.31 [ERROR]   location: class com.smartcampus.backend.dto.auth.AuthResponse
#16 44.31 [ERROR] /app/src/main/java/com/smartcampus/backend/controller/auth/AuthController.java:[252,29] cannot find symbol
#16 44.31 [ERROR]   symbol:   method builder()
#16 44.31 [ERROR]   location: class com.smartcampus.backend.dto.auth.AuthResponse
#16 44.31 [ERROR] /app/src/main/java/com/smartcampus/backend/controller/auth/AuthController.java:[269,29] cannot find symbol
#16 44.31 [ERROR]   symbol:   method builder()
#16 44.31 [ERROR]   location: class com.smartcampus.backend.dto.auth.AuthResponse
#16 44.31 [ERROR] /app/src/main/java/com/smartcampus/backend/controller/auth/AuthController.java:[278,29] cannot find symbol
#16 44.31 [ERROR]   symbol:   method builder()
#16 44.31 [ERROR]   location: class com.smartcampus.backend.dto.auth.AuthResponse
#16 44.31 [ERROR] /app/src/main/java/com/smartcampus/backend/controller/auth/AuthController.java:[286,29] cannot find symbol
#16 44.31 [ERROR]   symbol:   method builder()
#16 44.31 [ERROR]   location: class com.smartcampus.backend.dto.auth.AuthResponse
#16 44.31 [ERROR] /app/src/main/java/com/smartcampus/backend/controller/auth/AuthController.java:[303,29] cannot find symbol
#16 44.31 [ERROR]   symbol:   method builder()
#16 44.31 [ERROR]   location: class com.smartcampus.backend.dto.auth.AuthResponse
#16 44.31 [ERROR] /app/src/main/java/com/smartcampus/backend/service/auth/UserService.java:[36,21] cannot find symbol
#16 44.31 [ERROR]   symbol:   method getPassword()
#16 44.31 [ERROR]   location: variable request of type com.smartcampus.backend.dto.auth.SignupRequest
#16 44.31 [ERROR] /app/src/main/java/com/smartcampus/backend/service/auth/UserService.java:[36,50] cannot find symbol
#16 44.31 [ERROR]   symbol:   method getConfirmPassword()
#16 44.31 [ERROR]   location: variable request of type com.smartcampus.backend.dto.auth.SignupRequest
#16 44.31 [ERROR] /app/src/main/java/com/smartcampus/backend/service/auth/UserService.java:[41,49] cannot find symbol
#16 44.31 [ERROR]   symbol:   method getEmail()
#16 44.31 [ERROR]   location: variable request of type com.smartcampus.backend.dto.auth.SignupRequest
#16 44.31 [ERROR] /app/src/main/java/com/smartcampus/backend/service/auth/UserService.java:[46,34] cannot find symbol
#16 44.31 [ERROR]   symbol:   method getFirstName()
#16 44.31 [ERROR]   location: variable request of type com.smartcampus.backend.dto.auth.SignupRequest
#16 44.31 [ERROR] /app/src/main/java/com/smartcampus/backend/service/auth/UserService.java:[46,65] cannot find symbol
#16 44.31 [ERROR]   symbol:   method getLastName()
#16 44.31 [ERROR]   location: variable request of type com.smartcampus.backend.dto.auth.SignupRequest
#16 44.31 [ERROR] /app/src/main/java/com/smartcampus/backend/service/auth/UserService.java:[47,25] cannot find symbol
#16 44.31 [ERROR]   symbol:   method builder()
#16 44.31 [ERROR]   location: class com.smartcampus.backend.model.auth.User
#16 44.31 [ERROR] /app/src/main/java/com/smartcampus/backend/service/auth/UserService.java:[48,31] cannot find symbol
#16 44.31 [ERROR]   symbol:   method getEmail()
#16 44.31 [ERROR]   location: variable request of type com.smartcampus.backend.dto.auth.SignupRequest
#16 44.31 [ERROR] /app/src/main/java/com/smartcampus/backend/service/auth/UserService.java:[49,35] cannot find symbol
#16 44.31 [ERROR]   symbol:   method getFirstName()
#16 44.31 [ERROR]   location: variable request of type com.smartcampus.backend.dto.auth.SignupRequest
#16 44.31 [ERROR] /app/src/main/java/com/smartcampus/backend/service/auth/UserService.java:[50,34] cannot find symbol
#16 44.31 [ERROR]   symbol:   method getLastName()
#16 44.31 [ERROR]   location: variable request of type com.smartcampus.backend.dto.auth.SignupRequest
#16 44.31 [ERROR] /app/src/main/java/com/smartcampus/backend/service/auth/UserService.java:[52,37] cannot find symbol
#16 44.31 [ERROR]   symbol:   method getPhoneNumber()
#16 44.31 [ERROR]   location: variable request of type com.smartcampus.backend.dto.auth.SignupRequest
#16 44.31 [ERROR] /app/src/main/java/com/smartcampus/backend/service/auth/UserService.java:[53,57] cannot find symbol
#16 44.31 [ERROR]   symbol:   method getPassword()
#16 44.31 [ERROR]   location: variable request of type com.smartcampus.backend.dto.auth.SignupRequest
#16 44.31 [ERROR] /app/src/main/java/com/smartcampus/backend/service/auth/UserService.java:[61,17] cannot find symbol
#16 44.31 [ERROR]   symbol:   method getProvider()
#16 44.31 [ERROR]   location: variable user of type com.smartcampus.backend.model.auth.User
#16 44.31 [ERROR] /app/src/main/java/com/smartcampus/backend/service/auth/UserService.java:[62,17] cannot find symbol
#16 44.31 [ERROR]   symbol:   method setProvider(com.smartcampus.backend.model.auth.AuthProvider)
#16 44.31 [ERROR]   location: variable user of type com.smartcampus.backend.model.auth.User
#16 44.31 [ERROR] /app/src/main/java/com/smartcampus/backend/service/auth/UserService.java:[71,28] cannot find symbol
#16 44.31 [ERROR]   symbol:   method builder()
#16 44.31 [ERROR]   location: class com.smartcampus.backend.dto.auth.AuthResponse
#16 44.31 [ERROR] /app/src/main/java/com/smartcampus/backend/service/auth/UserService.java:[74,40] cannot find symbol
#16 44.31 [ERROR]   symbol:   method builder()
#16 44.31 [ERROR]   location: class com.smartcampus.backend.dto.auth.AuthResponse.AuthData
#16 44.31 [ERROR] /app/src/main/java/com/smartcampus/backend/service/auth/UserService.java:[75,25] cannot find symbol
#16 44.31 [ERROR]   symbol:   method getId()
#16 44.31 [ERROR]   location: variable user of type com.smartcampus.backend.model.auth.User
#16 44.31 [ERROR] /app/src/main/java/com/smartcampus/backend/service/auth/UserService.java:[76,28] cannot find symbol
#16 44.31 [ERROR]   symbol:   method getEmail()
#16 44.31 [ERROR]   location: variable user of type com.smartcampus.backend.model.auth.User
#16 44.31 [ERROR] /app/src/main/java/com/smartcampus/backend/service/auth/UserService.java:[77,27] cannot find symbol
#16 44.31 [ERROR]   symbol:   method getRole()
#16 44.31 [ERROR]   location: variable user of type com.smartcampus.backend.model.auth.User
#16 44.31 [ERROR] -> [Help 1]
#16 44.31 [ERROR] 
#16 44.31 [ERROR] To see the full stack trace of the errors, re-run Maven with the -e switch.
#16 44.31 [ERROR] Re-run Maven using the -X switch to enable full debug logging.
#16 44.31 [ERROR] 
#16 44.31 [ERROR] For more information about the errors and possible solutions, please read the following articles:
#16 44.31 [ERROR] [Help 1] http://cwiki.apache.org/confluence/display/MAVEN/MojoFailureException
#16 ERROR: process "/bin/sh -c mvn -B -DskipTests clean package" did not complete successfully: exit code: 1
------
 > [backend build 5/5] RUN mvn -B -DskipTests clean package:
44.31 [ERROR] /app/src/main/java/com/smartcampus/backend/service/auth/UserService.java:[77,27] cannot find symbol
44.31 [ERROR]   symbol:   method getRole()
44.31 [ERROR]   location: variable user of type com.smartcampus.backend.model.auth.User
44.31 [ERROR] -> [Help 1]
44.31 [ERROR] 
44.31 [ERROR] To see the full stack trace of the errors, re-run Maven with the -e switch.
44.31 [ERROR] Re-run Maven using the -X switch to enable full debug logging.
44.31 [ERROR] 
44.31 [ERROR] For more information about the errors and possible solutions, please read the following articles:
44.31 [ERROR] [Help 1] http://cwiki.apache.org/confluence/display/MAVEN/MojoFailureException
------
Dockerfile:5

--------------------

   3 |     COPY pom.xml .

   4 |     COPY src ./src

   5 | >>> RUN mvn -B -DskipTests clean package

   6 |     FROM eclipse-temurin:21-jre-alpine

   7 |     WORKDIR /app

--------------------

target backend: failed to solve: process "/bin/sh -c mvn -B -DskipTests clean 
package" did not complete successfully: exit code: 1

